Component: ARM Compiler 5.06 update 6 (build 750) Tool: armlink [4d35ed]

==============================================================================

Section Cross References

    main.o(i.assert_nrf_callback) refers to app_error_handler_keil.o(.emb_text) for app_error_handler
    main.o(i.ble_evt_handler) refers to ble_nus_c.o(i.ble_nus_c_handles_assign) for ble_nus_c_handles_assign
    main.o(i.ble_evt_handler) refers to app_error.o(i.app_error_handler_bare) for app_error_handler_bare
    main.o(i.ble_evt_handler) refers to ble_conn_state.o(i.ble_conn_state_central_conn_count) for ble_conn_state_central_conn_count
    main.o(i.ble_evt_handler) refers to main.o(i.scan_start) for scan_start
    main.o(i.ble_evt_handler) refers to bsp.o(i.bsp_indication_set) for bsp_indication_set
    main.o(i.ble_evt_handler) refers to ble_db_discovery.o(i.ble_db_discovery_start) for ble_db_discovery_start
    main.o(i.ble_evt_handler) refers to main.o(.bss) for .bss
    main.o(i.ble_evt_handler) refers to main.o(.data) for .data
    main.o(i.ble_evt_handler) refers to main.o(.constdata) for .constdata
    main.o(i.ble_nus_c_evt_handler) refers to main.o(i.scan_start) for scan_start
    main.o(i.ble_nus_c_evt_handler) refers to ble_nus_c.o(i.ble_nus_c_handles_assign) for ble_nus_c_handles_assign
    main.o(i.ble_nus_c_evt_handler) refers to app_error.o(i.app_error_handler_bare) for app_error_handler_bare
    main.o(i.ble_nus_c_evt_handler) refers to ble_nus_c.o(i.ble_nus_c_tx_notif_enable) for ble_nus_c_tx_notif_enable
    main.o(i.ble_nus_c_evt_handler) refers to main.o(i.ble_nus_data_received_uart_print) for ble_nus_data_received_uart_print
    main.o(i.ble_nus_c_evt_handler) refers to main.o(.data) for .data
    main.o(i.ble_nus_data_received_uart_print) refers to main.o(i.nrf_gpio_pin_set) for nrf_gpio_pin_set
    main.o(i.ble_nus_data_received_uart_print) refers to malloc.o(i.malloc) for malloc
    main.o(i.ble_nus_data_received_uart_print) refers to memcpya.o(.text) for __aeabi_memcpy
    main.o(i.ble_nus_data_received_uart_print) refers to memseta.o(.text) for __aeabi_memclr4
    main.o(i.ble_nus_data_received_uart_print) refers to main.o(i.nrf_gpio_pin_clear) for nrf_gpio_pin_clear
    main.o(i.ble_nus_data_received_uart_print) refers to app_fifo.o(i.app_fifo_write) for app_fifo_write
    main.o(i.ble_nus_data_received_uart_print) refers to nrfx_uarte.o(i.nrfx_uarte_tx_in_progress) for nrfx_uarte_tx_in_progress
    main.o(i.ble_nus_data_received_uart_print) refers to nrfx_uart.o(i.nrfx_uart_tx_in_progress) for nrfx_uart_tx_in_progress
    main.o(i.ble_nus_data_received_uart_print) refers to app_fifo.o(i.app_fifo_read) for app_fifo_read
    main.o(i.ble_nus_data_received_uart_print) refers to main.o(i.nrf_drv_uart_tx) for nrf_drv_uart_tx
    main.o(i.ble_nus_data_received_uart_print) refers to app_error.o(i.app_error_handler_bare) for app_error_handler_bare
    main.o(i.ble_nus_data_received_uart_print) refers to malloc.o(i.free) for free
    main.o(i.ble_nus_data_received_uart_print) refers to main.o(.constdata) for .constdata
    main.o(i.ble_nus_data_received_uart_print) refers to main.o(.data) for .data
    main.o(i.ble_nus_data_received_uart_print) refers to main.o(.bss) for .bss
    main.o(i.ble_nus_data_received_uart_print) refers to nrf_drv_uart.o(.data) for nrf_drv_uart_use_easy_dma
    main.o(i.bsp_event_handler) refers to boards.o(i.bsp_board_leds_off) for bsp_board_leds_off
    main.o(i.bsp_event_handler) refers to time_sync.o(i.ts_tx_stop) for ts_tx_stop
    main.o(i.bsp_event_handler) refers to boards.o(i.bsp_board_leds_on) for bsp_board_leds_on
    main.o(i.bsp_event_handler) refers to time_sync.o(i.ts_tx_start) for ts_tx_start
    main.o(i.bsp_event_handler) refers to app_error.o(i.app_error_handler_bare) for app_error_handler_bare
    main.o(i.bsp_event_handler) refers to nrf_pwr_mgmt.o(i.nrf_pwr_mgmt_shutdown) for nrf_pwr_mgmt_shutdown
    main.o(i.bsp_event_handler) refers to main.o(.data) for .data
    main.o(i.bsp_event_handler) refers to main.o(.bss) for .bss
    main.o(i.conn_evt_len_ext_set) refers to app_error.o(i.app_error_handler_bare) for app_error_handler_bare
    main.o(i.db_disc_handler) refers to ble_nus_c.o(i.ble_nus_c_on_db_disc_evt) for ble_nus_c_on_db_disc_evt
    main.o(i.db_disc_handler) refers to main.o(.bss) for .bss
    main.o(i.gatt_evt_handler) refers to main.o(.data) for .data
    main.o(i.gatt_init) refers to nrf_ble_gatt.o(i.nrf_ble_gatt_init) for nrf_ble_gatt_init
    main.o(i.gatt_init) refers to app_error.o(i.app_error_handler_bare) for app_error_handler_bare
    main.o(i.gatt_init) refers to nrf_ble_gatt.o(i.nrf_ble_gatt_att_mtu_central_set) for nrf_ble_gatt_att_mtu_central_set
    main.o(i.gatt_init) refers to main.o(i.gatt_evt_handler) for gatt_evt_handler
    main.o(i.gatt_init) refers to main.o(.bss) for .bss
    main.o(i.in_pin_handler) refers to nrfx_gpiote.o(i.nrfx_gpiote_out_toggle) for nrfx_gpiote_out_toggle
[...]
    m_sync_pkt_pool_nrf_balloc_cb            0x200096cc   Data           8  time_sync.o(.data)
    .data                                    0x200096d4   Section        4  system_nrf52.o(.data)
    __tagsym$$used                           0x200096d4   Number         0  system_nrf52.o(.data)
    .data                                    0x200096d8   Section        4  mvars.o(.data)
    .data                                    0x200096dc   Section        4  mvars.o(.data)
    .bss                                     0x200096e0   Section      708  main.o(.bss)
    data_array                               0x200096e0   Data         244  main.o(.bss)
    m_ble_nus_c                              0x200097e4   Data         192  main.o(.bss)
    m_gatt                                   0x200098a4   Data          76  main.o(.bss)
    m_scan                                   0x200098f0   Data          80  main.o(.bss)
    .bss                                     0x200099a4   Section      160  main.o(.bss)
    m_ble_gatt_queuereq_queue0_nrf_queue_buffer 0x200099a4   Data         160  main.o(.bss)
    .bss                                     0x20009a44   Section       12  main.o(.bss)
    m_ble_gatt_queuereq_queue0_nrf_queue_cb  0x20009a44   Data          12  main.o(.bss)
    .bss                                     0x20009a50   Section      160  main.o(.bss)
    m_ble_gatt_queuereq_queue1_nrf_queue_buffer 0x20009a50   Data         160  main.o(.bss)
    .bss                                     0x20009af0   Section       12  main.o(.bss)
    m_ble_gatt_queuereq_queue1_nrf_queue_cb  0x20009af0   Data          12  main.o(.bss)
    .bss                                     0x20009afc   Section      160  main.o(.bss)
    m_ble_gatt_queuereq_queue2_nrf_queue_buffer 0x20009afc   Data         160  main.o(.bss)
    .bss                                     0x20009b9c   Section       12  main.o(.bss)
    m_ble_gatt_queuereq_queue2_nrf_queue_cb  0x20009b9c   Data          12  main.o(.bss)
    .bss                                     0x20009ba8   Section      160  main.o(.bss)
    m_ble_gatt_queuereq_queue3_nrf_queue_buffer 0x20009ba8   Data         160  main.o(.bss)
    .bss                                     0x20009c48   Section       12  main.o(.bss)
    m_ble_gatt_queuereq_queue3_nrf_queue_cb  0x20009c48   Data          12  main.o(.bss)
    .bss                                     0x20009c54   Section      160  main.o(.bss)
    m_ble_gatt_queuereq_queue4_nrf_queue_buffer 0x20009c54   Data         160  main.o(.bss)
    .bss                                     0x20009cf4   Section       12  main.o(.bss)
    m_ble_gatt_queuereq_queue4_nrf_queue_cb  0x20009cf4   Data          12  main.o(.bss)
    .bss                                     0x20009d00   Section      160  main.o(.bss)
    m_ble_gatt_queuereq_queue5_nrf_queue_buffer 0x20009d00   Data         160  main.o(.bss)
    .bss                                     0x20009da0   Section       12  main.o(.bss)
    m_ble_gatt_queuereq_queue5_nrf_queue_cb  0x20009da0   Data          12  main.o(.bss)
    .bss                                     0x20009dac   Section      160  main.o(.bss)
    m_ble_gatt_queuereq_queue6_nrf_queue_buffer 0x20009dac   Data         160  main.o(.bss)
    .bss                                     0x20009e4c   Section       12  main.o(.bss)
    m_ble_gatt_queuereq_queue6_nrf_queue_cb  0x20009e4c   Data          12  main.o(.bss)
    .bss                                     0x20009e58   Section      160  main.o(.bss)
    m_ble_gatt_queuereq_queue7_nrf_queue_buffer 0x20009e58   Data         160  main.o(.bss)
    .bss                                     0x20009ef8   Section       12  main.o(.bss)
    m_ble_gatt_queuereq_queue7_nrf_queue_cb  0x20009ef8   Data          12  main.o(.bss)
    .bss                                     0x20009f04   Section       18  main.o(.bss)
    m_ble_gatt_queuepurge_queue_nrf_queue_buffer 0x20009f04   Data          18  main.o(.bss)
    .bss                                     0x20009f18   Section       12  main.o(.bss)
    m_ble_gatt_queuepurge_queue_nrf_queue_cb 0x20009f18   Data          12  main.o(.bss)
    .bss                                     0x20009f24   Section      192  main.o(.bss)
    m_ble_gatt_queuepool_nrf_balloc_pool_mem 0x20009f24   Data         192  main.o(.bss)
    .bss                                     0x20009fe8   Section       32  bsp.o(.bss)
    m_bsp_leds_tmr_data                      0x20009fe8   Data          32  bsp.o(.bss)
    .bss                                     0x2000a008   Section       32  bsp.o(.bss)
    m_bsp_alert_tmr_data                     0x2000a008   Data          32  bsp.o(.bss)
    .bss                                     0x2000a028   Section       12  bsp.o(.bss)
    m_events_list                            0x2000a028   Data          12  bsp.o(.bss)
    .bss                                     0x2000a038   Section       32  bsp.o(.bss)
    m_bsp_button_tmr_data                    0x2000a038   Data          32  bsp.o(.bss)
    .bss                                     0x2000a058   Section       24  ble_db_discovery.o(.bss)
    m_registered_handlers                    0x2000a058   Data          24  ble_db_discovery.o(.bss)
    .bss                                     0x2000a070   Section      124  ble_conn_state.o(.bss)
    m_bcs                                    0x2000a070   Data         124  ble_conn_state.o(.bss)
    .bss                                     0x2000a0ec   Section       20  nrf_drv_clock.o(.bss)
    m_clock_cb                               0x2000a0ec   Data          20  nrf_drv_clock.o(.bss)
    .bss                                     0x2000a100   Section       92  nrfx_gpiote.o(.bss)
    m_cb                                     0x2000a100   Data          92  nrfx_gpiote.o(.bss)
    .bss                                     0x2000a15c   Section       44  nrfx_uart.o(.bss)
    m_cb                                     0x2000a15c   Data          44  nrfx_uart.o(.bss)
    .bss                                     0x2000a188   Section       36  nrfx_uarte.o(.bss)
    m_cb                                     0x2000a188   Data          36  nrfx_uarte.o(.bss)
    .bss                                     0x2000a1b0   Section       32  app_button.o(.bss)
    m_detection_delay_timer_id_data          0x2000a1b0   Data          32  app_button.o(.bss)
    .bss                                     0x2000a1d0   Section       16  app_button.o(.bss)
    m_pin_states                             0x2000a1d0   Data          16  app_button.o(.bss)
    .bss                                     0x2000a1e0   Section       16  app_timer2.o(.bss)
    m_req_fifo_inst                          0x2000a1e0   Data          16  app_timer2.o(.bss)
    .bss                                     0x2000a1f0   Section       88  app_timer2.o(.bss)
    m_req_fifo_data                          0x2000a1f0   Data          88  app_timer2.o(.bss)
    .bss                                     0x2000a248   Section       32  app_uart_fifo.o(.bss)
    m_rx_fifo                                0x2000a248   Data          16  app_uart_fifo.o(.bss)
    m_tx_fifo                                0x2000a258   Data          16  app_uart_fifo.o(.bss)
    .bss                                     0x2000a268   Section       12  app_util_platform.o(.bss)
    .bss                                     0x2000a274   Section       12  nrf_pwr_mgmt.o(.bss)
    m_handlers_iter                          0x2000a274   Data          12  nrf_pwr_mgmt.o(.bss)
    .bss                                     0x2000a280   Section       10  time_sync.o(.bss)
    m_sync_pkt_pool_nrf_balloc_pool_stack    0x2000a280   Data          10  time_sync.o(.bss)
    .bss                                     0x2000a28c   Section      120  time_sync.o(.bss)
    m_sync_pkt_pool_nrf_balloc_pool_mem      0x2000a28c   Data         120  time_sync.o(.bss)
    .bss                                     0x2000a304   Section       32  time_sync.o(.bss)
    m_params                                 0x2000a304   Data          32  time_sync.o(.bss)
    HEAP                                     0x2000a328   Section     8192  arm_startup_nrf52.o(HEAP)
    STACK                                    0x2000c328   Section     8192  arm_startup_nrf52.o(STACK)

    Global Symbols

    Symbol Name                              Value     Ov Type        Size  Object(Section)

    BuildAttributes$$THM_ISAv4$E$P$D$K$B$S$7EM$VFPi3$EXTD16$VFPS$VFMA$PE$A:L22UL41UL21$X:L11$S22US41US21$IEEE1$IW$USESV6$~STKCKD$USESV7$~SHL$OSPACE$ROPI$EBA8$MICROLIB$REQ8$EABIv2 0x00000000   Number         0  anon$$obj.o ABSOLUTE
    __ARM_use_no_argv                        0x00000000   Number         0  main.o ABSOLUTE
    __cpp_initialize__aeabi_                  - Undefined Weak Reference
    __cxa_finalize                            - Undefined Weak Reference
    _clock_init                               - Undefined Weak Reference
    _microlib_exit                            - Undefined Weak Reference
    pwr_mgmt_data0$$Base                      - Undefined Reference
    pwr_mgmt_data0$$Limit                     - Undefined Reference
    pwr_mgmt_data2$$Base                      - Undefined Reference
    pwr_mgmt_data2$$Limit                     - Undefined Reference
    sdh_req_observers0$$Base                  - Undefined Reference
    sdh_req_observers0$$Limit                 - Undefined Reference
    sdh_req_observers1$$Base                  - Undefined Reference
    sdh_req_observers1$$Limit                 - Undefined Reference
    sdh_soc_observers1$$Base                  - Undefined Reference
    sdh_soc_observers1$$Limit                 - Undefined Reference
    sdh_stack_observers1$$Base                - Undefined Reference
    sdh_stack_observers1$$Limit               - Undefined Reference
    sdh_state_observers1$$Base                - Undefined Reference
    sdh_state_observers1$$Limit               - Undefined Reference
    __Vectors_Size                           0x00000200   Number         0  arm_startup_nrf52.o ABSOLUTE
    __Vectors                                0x00026000   Data           4  arm_startup_nrf52.o(RESET)
    __Vectors_End                            0x00026200   Data           0  arm_startup_nrf52.o(RESET)
    __main                                   0x00026201   Thumb Code     0  entry.o(.ARM.Collect$$$$00000000)
    _main_stk                                0x00026201   Thumb Code     0  entry2.o(.ARM.Collect$$$$00000001)
    _main_scatterload                        0x00026205   Thumb Code     0  entry5.o(.ARM.Collect$$$$00000004)
    __main_after_scatterload                 0x00026209   Thumb Code     0  entry5.o(.ARM.Collect$$$$00000004)
    _main_clock                              0x00026209   Thumb Code     0  entry7b.o(.ARM.Collect$$$$00000008)
    _main_cpp_init                           0x00026209   Thumb Code     0  entry8b.o(.ARM.Collect$$$$0000000A)
    _main_init                               0x00026209   Thumb Code     0  entry9a.o(.ARM.Collect$$$$0000000B)
    __rt_final_cpp                           0x00026211   Thumb Code     0  entry10a.o(.ARM.Collect$$$$0000000D)
    __rt_final_exit                          0x00026211   Thumb Code     0  entry11a.o(.ARM.Collect$$$$0000000F)
    app_error_handler                        0x00026215   Thumb Code    26  app_error_handler_keil.o(.emb_text)
    __asm___12_nrf_atfifo_c_51f461e1__nrf_atfifo_wspace_req 0x00026231   Thumb Code    56  nrf_atfifo.o(.emb_text)
    __asm___12_nrf_atfifo_c_51f461e1__nrf_atfifo_wspace_close 0x00026269   Thumb Code    18  nrf_atfifo.o(.emb_text)
    __asm___12_nrf_atfifo_c_51f461e1__nrf_atfifo_rspace_req 0x0002627b   Thumb Code    58  nrf_atfifo.o(.emb_text)
    __asm___12_nrf_atfifo_c_51f461e1__nrf_atfifo_rspace_close 0x000262b5   Thumb Code    18  nrf_atfifo.o(.emb_text)
    __asm___12_nrf_atfifo_c_51f461e1__nrf_atfifo_space_clear 0x000262c7   Thumb Code    50  nrf_atfifo.o(.emb_text)
    __asm___12_nrf_atomic_c_85ca2469__nrf_atomic_internal_mov 0x000262f9   Thumb Code    24  nrf_atomic.o(.emb_text)
    __asm___12_nrf_atomic_c_85ca2469__nrf_atomic_internal_orr 0x00026311   Thumb Code    26  nrf_atomic.o(.emb_text)
    __asm___12_nrf_atomic_c_85ca2469__nrf_atomic_internal_and 0x0002632b   Thumb Code    26  nrf_atomic.o(.emb_text)
    __asm___12_nrf_atomic_c_85ca2469__nrf_atomic_internal_eor 0x00026345   Thumb Code    26  nrf_atomic.o(.emb_text)
    __asm___12_nrf_atomic_c_85ca2469__nrf_atomic_internal_add 0x0002635f   Thumb Code    26  nrf_atomic.o(.emb_text)
    __asm___12_nrf_atomic_c_85ca2469__nrf_atomic_internal_sub 0x00026379   Thumb Code    26  nrf_atomic.o(.emb_text)
    __asm___12_nrf_atomic_c_85ca2469__nrf_atomic_internal_cmp_exch 0x00026393   Thumb Code    42  nrf_atomic.o(.emb_text)
    __asm___12_nrf_atomic_c_85ca2469__nrf_atomic_internal_sub_hs 0x000263bd   Thumb Code    30  nrf_atomic.o(.emb_text)
    Reset_Handler                            0x000263dd   Thumb Code     8  arm_startup_nrf52.o(.text)
    NMI_Handler                              0x000263e5   Thumb Code     2  arm_startup_nrf52.o(.text)
    HardFault_Handler                        0x000263e7   Thumb Code     2  arm_startup_nrf52.o(.text)
    MemoryManagement_Handler                 0x000263e9   Thumb Code     2  arm_startup_nrf52.o(.text)
    BusFault_Handler                         0x000263eb   Thumb Code     2  arm_startup_nrf52.o(.text)
    UsageFault_Handler                       0x000263ed   Thumb Code     2  arm_startup_nrf52.o(.text)
    SVC_Handler                              0x000263ef   Thumb Code     2  arm_startup_nrf52.o(.text)
    DebugMon_Handler                         0x000263f1   Thumb Code     2  arm_startup_nrf52.o(.text)
    PendSV_Handler                           0x000263f3   Thumb Code     2  arm_startup_nrf52.o(.text)
    SysTick_Handler                          0x000263f5   Thumb Code     2  arm_startup_nrf52.o(.text)
    CCM_AAR_IRQHandler                       0x000263f7   Thumb Code     0  arm_startup_nrf52.o(.text)
    COMP_LPCOMP_IRQHandler                   0x000263f7   Thumb Code     0  arm_startup_nrf52.o(.text)
    ECB_IRQHandler                           0x000263f7   Thumb Code     0  arm_startup_nrf52.o(.text)
    FPU_IRQHandler                           0x000263f7   Thumb Code     0  arm_startup_nrf52.o(.text)
    I2S_IRQHandler                           0x000263f7   Thumb Code     0  arm_startup_nrf52.o(.text)
    MWU_IRQHandler                           0x000263f7   Thumb Code     0  arm_startup_nrf52.o(.text)
    NFCT_IRQHandler                          0x000263f7   Thumb Code     0  arm_startup_nrf52.o(.text)
    PDM_IRQHandler                           0x000263f7   Thumb Code     0  arm_startup_nrf52.o(.text)
    PWM0_IRQHandler                          0x000263f7   Thumb Code     0  arm_startup_nrf52.o(.text)
    PWM1_IRQHandler                          0x000263f7   Thumb Code     0  arm_startup_nrf52.o(.text)
    PWM2_IRQHandler                          0x000263f7   Thumb Code     0  arm_startup_nrf52.o(.text)
    QDEC_IRQHandler                          0x000263f7   Thumb Code     0  arm_startup_nrf52.o(.text)
    RNG_IRQHandler                           0x000263f7   Thumb Code     0  arm_startup_nrf52.o(.text)
    RTC0_IRQHandler                          0x000263f7   Thumb Code     0  arm_startup_nrf52.o(.text)
    RTC2_IRQHandler                          0x000263f7   Thumb Code     0  arm_startup_nrf52.o(.text)
    SAADC_IRQHandler                         0x000263f7   Thumb Code     0  arm_startup_nrf52.o(.text)
    SPIM0_SPIS0_TWIM0_TWIS0_SPI0_TWI0_IRQHandler 0x000263f7   Thumb Code     0  arm_startup_nrf52.o(.text)
    SPIM1_SPIS1_TWIM1_TWIS1_SPI1_TWI1_IRQHandler 0x000263f7   Thumb Code     0  arm_startup_nrf52.o(.text)
    SPIM2_SPIS2_SPI2_IRQHandler              0x000263f7   Thumb Code     0  arm_startup_nrf52.o(.text)
    SWI0_EGU0_IRQHandler                     0x000263f7   Thumb Code     0  arm_startup_nrf52.o(.text)
    SWI1_EGU1_IRQHandler                     0x000263f7   Thumb Code     0  arm_startup_nrf52.o(.text)
    SWI4_EGU4_IRQHandler                     0x000263f7   Thumb Code     0  arm_startup_nrf52.o(.text)
    SWI5_EGU5_IRQHandler                     0x000263f7   Thumb Code     0  arm_startup_nrf52.o(.text)
    TEMP_IRQHandler                          0x000263f7   Thumb Code     0  arm_startup_nrf52.o(.text)
    TIMER0_IRQHandler                        0x000263f7   Thumb Code     0  arm_startup_nrf52.o(.text)
    TIMER1_IRQHandler                        0x000263f7   Thumb Code     0  arm_startup_nrf52.o(.text)
    TIMER2_IRQHandler                        0x000263f7   Thumb Code     0  arm_startup_nrf52.o(.text)
    TIMER3_IRQHandler                        0x000263f7   Thumb Code     0  arm_startup_nrf52.o(.text)
    TIMER4_IRQHandler                        0x000263f7   Thumb Code     0  arm_startup_nrf52.o(.text)
    WDT_IRQHandler                           0x000263f7   Thumb Code     0  arm_startup_nrf52.o(.text)
    __aeabi_uldivmod                         0x00026401   Thumb Code    98  uldiv.o(.text)
    __aeabi_llsl                             0x00026463   Thumb Code    30  llshl.o(.text)
    _ll_shift_l                              0x00026463   Thumb Code     0  llshl.o(.text)
    __aeabi_memcpy                           0x00026481   Thumb Code    36  memcpya.o(.text)
    __aeabi_memcpy4                          0x00026481   Thumb Code     0  memcpya.o(.text)
    __aeabi_memcpy8                          0x00026481   Thumb Code     0  memcpya.o(.text)
    __aeabi_memset                           0x000264a5   Thumb Code    14  memseta.o(.text)
    __aeabi_memset4                          0x000264a5   Thumb Code     0  memseta.o(.text)
    __aeabi_memset8                          0x000264a5   Thumb Code     0  memseta.o(.text)
    __aeabi_memclr                           0x000264b3   Thumb Code     4  memseta.o(.text)
    __aeabi_memclr4                          0x000264b3   Thumb Code     0  memseta.o(.text)
    __aeabi_memclr8                          0x000264b3   Thumb Code     0  memseta.o(.text)
    _memset$wrapper                          0x000264b7   Thumb Code    18  memseta.o(.text)
    memcmp                                   0x000264c9   Thumb Code    26  memcmp.o(.text)
    __aeabi_llsr                             0x000264e3   Thumb Code    32  llushr.o(.text)
    _ll_ushift_r                             0x000264e3   Thumb Code     0  llushr.o(.text)
    __scatterload                            0x00026505   Thumb Code    28  init.o(.text)
    __scatterload_rt2                        0x00026505   Thumb Code     0  init.o(.text)
    __decompress                             0x00026529   Thumb Code     0  __dczerorl2.o(.text)
    __decompress1                            0x00026529   Thumb Code    86  __dczerorl2.o(.text)
    GPIOTE_IRQHandler                        0x00026581   Thumb Code   154  nrfx_gpiote.o(i.GPIOTE_IRQHandler)
    POWER_CLOCK_IRQHandler                   0x00026625   Thumb Code    82  nrfx_clock.o(i.POWER_CLOCK_IRQHandler)
    RADIO_IRQHandler                         0x0002667d   Thumb Code    84  time_sync.o(i.RADIO_IRQHandler)
    RTC1_IRQHandler                          0x00026709   Thumb Code    12  drv_rtc.o(i.RTC1_IRQHandler)
    SWI2_EGU2_IRQHandler                     0x00026719   Thumb Code     4  nrf_sdh.o(i.SWI2_EGU2_IRQHandler)
    SWI3_EGU3_IRQHandler                     0x0002671d   Thumb Code    48  time_sync.o(i.SWI3_EGU3_IRQHandler)
    SystemInit                               0x00026761   Thumb Code   736  system_nrf52.o(i.SystemInit)
    UARTE0_UART0_IRQHandler                  0x00026a89   Thumb Code     6  nrfx_prs.o(i.UARTE0_UART0_IRQHandler)
    __0printf$bare                           0x00026a95   Thumb Code     8  printfb.o(i.__0printf$bare)
    __1printf$bare                           0x00026a95   Thumb Code     0  printfb.o(i.__0printf$bare)
    __2printf                                0x00026a95   Thumb Code     0  printfb.o(i.__0printf$bare)
    __scatterload_copy                       0x00026abf   Thumb Code    14  handlers.o(i.__scatterload_copy)
    __scatterload_null                       0x00026acd   Thumb Code     2  handlers.o(i.__scatterload_null)
    __scatterload_zeroinit                   0x00026acf   Thumb Code    14  handlers.o(i.__scatterload_zeroinit)
    active_flag_count                        0x00026b23   Thumb Code    28  ble_conn_state.o(i.active_flag_count)
    app_button_enable                        0x00026b7d   Thumb Code    32  app_button.o(i.app_button_enable)
    app_button_init                          0x00026ba1   Thumb Code   106  app_button.o(i.app_button_init)
    app_error_fault_handler                  0x00026c21   Thumb Code    40  app_error_weak.o(i.app_error_fault_handler)
    app_error_handler_bare                   0x00026c51   Thumb Code    22  app_error.o(i.app_error_handler_bare)
    app_fifo_get                             0x00026c67   Thumb Code    22  app_fifo.o(i.app_fifo_get)
    app_fifo_init                            0x00026c7d   Thumb Code    32  app_fifo.o(i.app_fifo_init)
    app_fifo_put                             0x00026c9d   Thumb Code    26  app_fifo.o(i.app_fifo_put)
    app_fifo_read                            0x00026cb7   Thumb Code    74  app_fifo.o(i.app_fifo_read)
    app_fifo_write                           0x00026d01   Thumb Code    82  app_fifo.o(i.app_fifo_write)
    app_timer_cnt_get                        0x00026d55   Thumb Code     6  app_timer2.o(i.app_timer_cnt_get)
    app_timer_create                         0x00026d61   Thumb Code    22  app_timer2.o(i.app_timer_create)
    app_timer_init                           0x00026d79   Thumb Code    70  app_timer2.o(i.app_timer_init)
    app_timer_start                          0x00026dd5   Thumb Code    48  app_timer2.o(i.app_timer_start)
    app_timer_stop                           0x00026e05   Thumb Code    12  app_timer2.o(i.app_timer_stop)
    app_uart_put                             0x00026e11   Thumb Code    70  app_uart_fifo.o(i.app_uart_put)
    app_util_critical_region_enter           0x00026e65   Thumb Code    64  app_util_platform.o(i.app_util_critical_region_enter)
    app_util_critical_region_exit            0x00026ead   Thumb Code    46  app_util_platform.o(i.app_util_critical_region_exit)
    bcs_internal_state_reset                 0x00026ff1   Thumb Code     8  ble_conn_state.o(i.bcs_internal_state_reset)
    ble_advdata_search                       0x00026ffd   Thumb Code    70  ble_advdata.o(i.ble_advdata_search)
    ble_advdata_uuid_find                    0x00027043   Thumb Code   182  ble_advdata.o(i.ble_advdata_uuid_find)
    ble_conn_state_central_conn_count        0x000270f9   Thumb Code    24  ble_conn_state.o(i.ble_conn_state_central_conn_count)
    ble_conn_state_init                      0x00027115   Thumb Code     4  ble_conn_state.o(i.ble_conn_state_init)
    ble_db_discovery_evt_register            0x00027119   Thumb Code    56  ble_db_discovery.o(i.ble_db_discovery_evt_register)
    ble_db_discovery_init                    0x00027159   Thumb Code    32  ble_db_discovery.o(i.ble_db_discovery_init)
    ble_db_discovery_on_ble_evt              0x0002717d   Thumb Code    86  ble_db_discovery.o(i.ble_db_discovery_on_ble_evt)
    ble_db_discovery_start                   0x000271d9   Thumb Code    34  ble_db_discovery.o(i.ble_db_discovery_start)
    ble_nus_c_handles_assign                 0x00027499   Thumb Code    28  ble_nus_c.o(i.ble_nus_c_handles_assign)
    ble_nus_c_init                           0x000274b5   Thumb Code    84  ble_nus_c.o(i.ble_nus_c_init)
    ble_nus_c_on_ble_evt                     0x0002750d   Thumb Code   106  ble_nus_c.o(i.ble_nus_c_on_ble_evt)
    ble_nus_c_on_db_disc_evt                 0x00027577   Thumb Code   128  ble_nus_c.o(i.ble_nus_c_on_db_disc_evt)
    ble_nus_c_tx_notif_enable                0x000275f9   Thumb Code   102  ble_nus_c.o(i.ble_nus_c_tx_notif_enable)
    bsp_board_button_idx_to_pin              0x0002771d   Thumb Code     6  boards.o(i.bsp_board_button_idx_to_pin)
    bsp_board_button_state_get               0x00027729   Thumb Code    28  boards.o(i.bsp_board_button_state_get)
    bsp_board_init                           0x00027749   Thumb Code    80  boards.o(i.bsp_board_init)
    bsp_board_led_invert                     0x0002779d   Thumb Code    32  boards.o(i.bsp_board_led_invert)
    bsp_board_led_off                        0x000277c1   Thumb Code    10  boards.o(i.bsp_board_led_off)
    bsp_board_led_on                         0x000277d1   Thumb Code    10  boards.o(i.bsp_board_led_on)
    bsp_board_led_state_get                  0x000277e1   Thumb Code    28  boards.o(i.bsp_board_led_state_get)
    bsp_board_leds_off                       0x00027801   Thumb Code    18  boards.o(i.bsp_board_leds_off)
    bsp_board_leds_on                        0x00027813   Thumb Code    18  boards.o(i.bsp_board_leds_on)
    bsp_board_pin_to_button_idx              0x00027825   Thumb Code    30  boards.o(i.bsp_board_pin_to_button_idx)
    bsp_btn_ble_init                         0x00027849   Thumb Code    52  bsp_btn_ble.o(i.bsp_btn_ble_init)
    bsp_btn_ble_sleep_mode_prepare           0x00027881   Thumb Code    30  bsp_btn_ble.o(i.bsp_btn_ble_sleep_mode_prepare)
    bsp_button_is_pressed                    0x00027931   Thumb Code    12  bsp.o(i.bsp_button_is_pressed)
    bsp_event_handler                        0x0002793d   Thumb Code   124  main.o(i.bsp_event_handler)
    bsp_event_to_button_action_assign        0x000279c1   Thumb Code    64  bsp.o(i.bsp_event_to_button_action_assign)
    bsp_indication_set                       0x00027a05   Thumb Code    20  bsp.o(i.bsp_indication_set)
    bsp_init                                 0x00027a1d   Thumb Code   128  bsp.o(i.bsp_init)
    bsp_wakeup_button_enable                 0x00027c79   Thumb Code     6  bsp.o(i.bsp_wakeup_button_enable)
    conn_evt_len_ext_set                     0x00027ded   Thumb Code    30  main.o(i.conn_evt_len_ext_set)
    conn_handle_list_get                     0x00027e29   Thumb Code    62  ble_conn_state.o(i.conn_handle_list_get)
    drv_rtc_compare_disable                  0x0002814d   Thumb Code    20  drv_rtc.o(i.drv_rtc_compare_disable)
    drv_rtc_compare_pending                  0x00028161   Thumb Code    14  drv_rtc.o(i.drv_rtc_compare_pending)
    drv_rtc_compare_set                      0x0002816f   Thumb Code    80  drv_rtc.o(i.drv_rtc_compare_set)
    drv_rtc_counter_get                      0x000281bf   Thumb Code     8  drv_rtc.o(i.drv_rtc_counter_get)
    drv_rtc_init                             0x000281c9   Thumb Code   118  drv_rtc.o(i.drv_rtc_init)
    drv_rtc_irq_trigger                      0x00028245   Thumb Code    30  drv_rtc.o(i.drv_rtc_irq_trigger)
    drv_rtc_overflow_enable                  0x00028263   Thumb Code     8  drv_rtc.o(i.drv_rtc_overflow_enable)
    drv_rtc_overflow_pending                 0x0002826b   Thumb Code     8  drv_rtc.o(i.drv_rtc_overflow_pending)
    drv_rtc_start                            0x00028273   Thumb Code     8  drv_rtc.o(i.drv_rtc_start)
    drv_rtc_stop                             0x0002827b   Thumb Code     8  drv_rtc.o(i.drv_rtc_stop)
    drv_rtc_windowed_compare_set             0x00028283   Thumb Code   222  drv_rtc.o(i.drv_rtc_windowed_compare_set)
    evt_handle                               0x00028375   Thumb Code   216  app_button.o(i.evt_handle)
    fputc                                    0x00028499   Thumb Code    14  retarget.o(i.fputc)
    free                                     0x000284a9   Thumb Code    76  malloc.o(i.free)
    gatt_evt_handler                         0x00028505   Thumb Code    20  main.o(i.gatt_evt_handler)
    gatt_init                                0x0002851d   Thumb Code    38  main.o(i.gatt_init)
    is_whitelist_used                        0x000286fd   Thumb Code    22  nrf_ble_scan.o(i.is_whitelist_used)
    main                                     0x00028771   Thumb Code   262  main.o(i.main)
    malloc                                   0x000288b5   Thumb Code    92  malloc.o(i.malloc)
    nrf_atfifo_init                          0x0002899f   Thumb Code    38  nrf_atfifo.o(i.nrf_atfifo_init)
    nrf_atfifo_item_alloc                    0x000289c5   Thumb Code    22  nrf_atfifo.o(i.nrf_atfifo_item_alloc)
    nrf_atfifo_item_free                     0x000289db   Thumb Code    22  nrf_atfifo.o(i.nrf_atfifo_item_free)
    nrf_atfifo_item_get                      0x000289f1   Thumb Code    22  nrf_atfifo.o(i.nrf_atfifo_item_get)
    nrf_atfifo_item_put                      0x00028a07   Thumb Code    22  nrf_atfifo.o(i.nrf_atfifo_item_put)
    nrf_atflags_clear                        0x00028a1d   Thumb Code    22  nrf_atflags.o(i.nrf_atflags_clear)
    nrf_atflags_get                          0x00028a33   Thumb Code    22  nrf_atflags.o(i.nrf_atflags_get)
    nrf_atflags_set                          0x00028a49   Thumb Code    20  nrf_atflags.o(i.nrf_atflags_set)
    nrf_atomic_u32_and                       0x00028a5d   Thumb Code    12  nrf_atomic.o(i.nrf_atomic_u32_and)
    nrf_atomic_u32_fetch_store               0x00028a69   Thumb Code    10  nrf_atomic.o(i.nrf_atomic_u32_fetch_store)
    nrf_atomic_u32_or                        0x00028a73   Thumb Code    12  nrf_atomic.o(i.nrf_atomic_u32_or)
    nrf_balloc_alloc                         0x00028a7f   Thumb Code    68  nrf_balloc.o(i.nrf_balloc_alloc)
    nrf_balloc_free                          0x00028ac3   Thumb Code    48  nrf_balloc.o(i.nrf_balloc_free)
    nrf_balloc_init                          0x00028af3   Thumb Code    48  nrf_balloc.o(i.nrf_balloc_init)
    nrf_ble_gatt_att_mtu_central_set         0x00028b33   Thumb Code    24  nrf_ble_gatt.o(i.nrf_ble_gatt_att_mtu_central_set)
    nrf_ble_gatt_init                        0x00028b4b   Thumb Code    44  nrf_ble_gatt.o(i.nrf_ble_gatt_init)
    nrf_ble_gatt_on_ble_evt                  0x00028b79   Thumb Code   418  nrf_ble_gatt.o(i.nrf_ble_gatt_on_ble_evt)
    nrf_ble_gq_conn_handle_register          0x00028d21   Thumb Code   110  nrf_ble_gq.o(i.nrf_ble_gq_conn_handle_register)
    nrf_ble_gq_item_add                      0x00028d91   Thumb Code   154  nrf_ble_gq.o(i.nrf_ble_gq_item_add)
    nrf_ble_gq_on_ble_evt                    0x00028e31   Thumb Code    96  nrf_ble_gq.o(i.nrf_ble_gq_on_ble_evt)
    nrf_ble_scan_filter_set                  0x00028f0f   Thumb Code    66  nrf_ble_scan.o(i.nrf_ble_scan_filter_set)
    nrf_ble_scan_filters_disable             0x00028f51   Thumb Code    14  nrf_ble_scan.o(i.nrf_ble_scan_filters_disable)
    nrf_ble_scan_filters_enable              0x00028f5f   Thumb Code    54  nrf_ble_scan.o(i.nrf_ble_scan_filters_enable)
    nrf_ble_scan_init                        0x00028f95   Thumb Code   106  nrf_ble_scan.o(i.nrf_ble_scan_init)
    nrf_ble_scan_on_ble_evt                  0x000290fb   Thumb Code   128  nrf_ble_scan.o(i.nrf_ble_scan_on_ble_evt)
    nrf_ble_scan_start                       0x0002917b   Thumb Code    68  nrf_ble_scan.o(i.nrf_ble_scan_start)
    nrf_drv_clock_init                       0x000291dd   Thumb Code    56  nrf_drv_clock.o(i.nrf_drv_clock_init)
    nrf_drv_clock_lfclk_release              0x0002921d   Thumb Code    48  nrf_drv_clock.o(i.nrf_drv_clock_lfclk_release)
    nrf_drv_uart_init                        0x00029251   Thumb Code    90  nrf_drv_uart.o(i.nrf_drv_uart_init)
    nrf_memobj_alloc                         0x000294a9   Thumb Code    96  nrf_memobj.o(i.nrf_memobj_alloc)
    nrf_memobj_free                          0x00029509   Thumb Code    50  nrf_memobj.o(i.nrf_memobj_free)
    nrf_memobj_pool_init                     0x0002953b   Thumb Code     4  nrf_memobj.o(i.nrf_memobj_pool_init)
    nrf_memobj_read                          0x0002953f   Thumb Code    16  nrf_memobj.o(i.nrf_memobj_read)
    nrf_memobj_write                         0x0002954f   Thumb Code    16  nrf_memobj.o(i.nrf_memobj_write)
    nrf_pwr_mgmt_init                        0x00029561   Thumb Code    28  nrf_pwr_mgmt.o(i.nrf_pwr_mgmt_init)
    nrf_pwr_mgmt_run                         0x00029589   Thumb Code    64  nrf_pwr_mgmt.o(i.nrf_pwr_mgmt_run)
    nrf_pwr_mgmt_shutdown                    0x000295cd   Thumb Code    54  nrf_pwr_mgmt.o(i.nrf_pwr_mgmt_shutdown)
    nrf_queue_generic_pop                    0x00029609   Thumb Code   142  nrf_queue.o(i.nrf_queue_generic_pop)
    nrf_queue_is_empty                       0x00029697   Thumb Code    18  nrf_queue.o(i.nrf_queue_is_empty)
    nrf_queue_is_full                        0x000296a9   Thumb Code    30  nrf_queue.o(i.nrf_queue_is_full)
    nrf_queue_push                           0x000296d5   Thumb Code   178  nrf_queue.o(i.nrf_queue_push)
    nrf_sdh_ble_app_ram_start_get            0x00029795   Thumb Code    16  nrf_sdh_ble.o(i.nrf_sdh_ble_app_ram_start_get)
    nrf_sdh_ble_default_cfg_set              0x000297a9   Thumb Code   160  nrf_sdh_ble.o(i.nrf_sdh_ble_default_cfg_set)
    nrf_sdh_ble_enable                       0x00029849   Thumb Code    14  nrf_sdh_ble.o(i.nrf_sdh_ble_enable)
    nrf_sdh_enable_request                   0x000298bd   Thumb Code   102  nrf_sdh.o(i.nrf_sdh_enable_request)
    nrf_sdh_evts_poll                        0x00029931   Thumb Code    32  nrf_sdh.o(i.nrf_sdh_evts_poll)
    nrf_sdh_is_enabled                       0x00029955   Thumb Code     6  nrf_sdh.o(i.nrf_sdh_is_enabled)
    nrf_section_iter_init                    0x0002999d   Thumb Code    10  nrf_section_iter.o(i.nrf_section_iter_init)
    nrf_section_iter_next                    0x000299cb   Thumb Code    32  nrf_section_iter.o(i.nrf_section_iter_next)
    nrf_sortlist_add                         0x000299eb   Thumb Code    34  nrf_sortlist.o(i.nrf_sortlist_add)
    nrf_sortlist_peek                        0x00029a0d   Thumb Code     6  nrf_sortlist.o(i.nrf_sortlist_peek)
    nrf_sortlist_pop                         0x00029a13   Thumb Code    14  nrf_sortlist.o(i.nrf_sortlist_pop)
    nrf_sortlist_remove                      0x00029a21   Thumb Code    30  nrf_sortlist.o(i.nrf_sortlist_remove)
    nrfx_clock_enable                        0x00029a89   Thumb Code    34  nrfx_clock.o(i.nrfx_clock_enable)
    nrfx_clock_init                          0x00029ab5   Thumb Code    26  nrfx_clock.o(i.nrfx_clock_init)
    nrfx_clock_lfclk_stop                    0x00029ad5   Thumb Code    38  nrfx_clock.o(i.nrfx_clock_lfclk_stop)
    nrfx_gpiote_in_event_enable              0x00029b15   Thumb Code   152  nrfx_gpiote.o(i.nrfx_gpiote_in_event_enable)
    nrfx_gpiote_in_init                      0x00029bb5   Thumb Code   190  nrfx_gpiote.o(i.nrfx_gpiote_in_init)
    nrfx_gpiote_in_is_set                    0x00029c81   Thumb Code    20  nrfx_gpiote.o(i.nrfx_gpiote_in_is_set)
    nrfx_gpiote_init                         0x00029c95   Thumb Code   102  nrfx_gpiote.o(i.nrfx_gpiote_init)
    nrfx_gpiote_is_init                      0x00029d09   Thumb Code    14  nrfx_gpiote.o(i.nrfx_gpiote_is_init)
    nrfx_prs_acquire                         0x00029d2d   Thumb Code    58  nrfx_prs.o(i.nrfx_prs_acquire)
    nrfx_uart_0_irq_handler                  0x00029d69   Thumb Code     8  nrfx_uart.o(i.nrfx_uart_0_irq_handler)
    nrfx_uart_init                           0x00029d79   Thumb Code   200  nrfx_uart.o(i.nrfx_uart_init)
    nrfx_uart_tx                             0x00029e4d   Thumb Code   162  nrfx_uart.o(i.nrfx_uart_tx)
    nrfx_uart_tx_in_progress                 0x00029ef5   Thumb Code    26  nrfx_uart.o(i.nrfx_uart_tx_in_progress)
    nrfx_uarte_0_irq_handler                 0x00029f15   Thumb Code     8  nrfx_uarte.o(i.nrfx_uarte_0_irq_handler)
    nrfx_uarte_init                          0x00029f25   Thumb Code   100  nrfx_uarte.o(i.nrfx_uarte_init)
    nrfx_uarte_tx                            0x00029f91   Thumb Code   166  nrfx_uarte.o(i.nrfx_uarte_tx)
    nrfx_uarte_tx_in_progress                0x0002a03d   Thumb Code    22  nrfx_uarte.o(i.nrfx_uarte_tx_in_progress)
    ts_enable                                0x0002b0dd   Thumb Code   216  time_sync.o(i.ts_enable)
    ts_init                                  0x0002b1c9   Thumb Code    58  time_sync.o(i.ts_init)
    ts_tx_start                              0x0002b2b5   Thumb Code    28  time_sync.o(i.ts_tx_start)
    ts_tx_stop                               0x0002b2dd   Thumb Code     8  time_sync.o(i.ts_tx_stop)
    uart_dma_init                            0x0002b33d   Thumb Code    36  main.o(i.uart_dma_init)
    m_ram_start                              0x0002b9e4   Data           4  nrf_sdh_ble.o(.constdata)
    Region$$Table$$Base                      0x0002ba30   Number         0  anon$$obj.o(Region$$Table)
    Region$$Table$$Limit                     0x0002ba50   Number         0  anon$$obj.o(Region$$Table)
    m_ble_gatt_queuepool                     0x0002ba50   Data          20  main.o(nrf_balloc)
    m_sync_pkt_pool                          0x0002ba64   Data          20  time_sync.o(nrf_balloc)
    m_ble_gatt_queuepurge_queue              0x0002ba78   Data          20  main.o(nrf_queue)
    pwr_mgmt_data1$$Base                     0x0002ba8c   Number         0  main.o(pwr_mgmt_data1)
    pwr_mgmt_data1$$Limit                    0x0002ba90   Number         0  main.o(pwr_mgmt_data1)
    sdh_ble_observers0$$Base                 0x0002ba90   Number         0  ble_conn_state.o(sdh_ble_observers0)
    sdh_ble_observers0$$Limit                0x0002ba98   Number         0  ble_conn_state.o(sdh_ble_observers0)
    sdh_ble_observers1$$Base                 0x0002ba98   Number         0  main.o(sdh_ble_observers1)
    sdh_ble_observers1$$Limit                0x0002bac0   Number         0  bsp_btn_ble.o(sdh_ble_observers1)
    sdh_ble_observers2$$Base                 0x0002bac0   Number         0  main.o(sdh_ble_observers2)
    sdh_ble_observers2$$Limit                0x0002bb00   Number         0  main.o(sdh_ble_observers2)
    sdh_ble_observers3$$Base                 0x0002bb00   Number         0  main.o(sdh_ble_observers3)
    sdh_ble_observers3$$Limit                0x0002bb08   Number         0  main.o(sdh_ble_observers3)
    sdh_soc_observers0$$Base                 0x0002bb08   Number         0  nrf_drv_clock.o(sdh_soc_observers0)
    sdh_soc_observers0$$Limit                0x0002bb18   Number         0  time_sync.o(sdh_soc_observers0)
    sdh_stack_observers0$$Base               0x0002bb18   Number         0  nrf_sdh_ble.o(sdh_stack_observers0)
    sdh_stack_observers0$$Limit              0x0002bb28   Number         0  nrf_sdh_soc.o(sdh_stack_observers0)
    sdh_state_observers0$$Base               0x0002bb28   Number         0  nrf_drv_clock.o(sdh_state_observers0)
    sdh_state_observers0$$Limit              0x0002bb30   Number         0  nrf_drv_clock.o(sdh_state_observers0)
    Image$$RW_IRAM1$$Base                    0x20008f78   Number         0  anon$$obj.o ABSOLUTE
    counterr                                 0x20008f80   Data           4  main.o(.data)
    index                                    0x20008f84   Data           4  main.o(.data)
    uart_driver_instance                     0x20008f88   Data          20  main.o(.data)
    nrf_drv_uart_use_easy_dma                0x200095d8   Data           1  nrf_drv_uart.o(.data)
    __stdout                                 0x20009664   Data           4  retarget.o(.data)
    SystemCoreClock                          0x200096d4   Data           4  system_nrf52.o(.data)
    __microlib_freelist                      0x200096d8   Data           4  mvars.o(.data)
    __microlib_freelist_initialised          0x200096dc   Data           4  mvars.o(.data)
    uart_dma_difo                            0x200097d4   Data          16  main.o(.bss)
    uart_dma_tx_buff                         0x20009940   Data         100  main.o(.bss)
    nrf_nvic_state                           0x2000a268   Data          12  app_util_platform.o(.bss)
    __heap_base                              0x2000a328   Data           0  arm_startup_nrf52.o(HEAP)
    __heap_limit                             0x2000c328   Data           0  arm_startup_nrf52.o(HEAP)
    __initial_sp                             0x2000e328   Data           0  arm_startup_nrf52.o(STACK)



==============================================================================

Memory Map of the image

  Image Entry point : 0x00026201

  Load Region LR_IROM1 (Base: 0x00026000, Size: 0x00006298, Max: 0x0005a000, ABSOLUTE, COMPRESSED[0x00005ba0])

    Execution Region ER_IROM1 (Exec base: 0x00026000, Load base: 0x00026000, Size: 0x00005b30, Max: 0x0005a000, ABSOLUTE)

    Exec Addr    Load Addr    Size         Type   Attr      Idx    E Section Name        Object

    0x00026000   0x00026000   0x00000200   Data   RO         5240    RESET               arm_startup_nrf52.o
    0x00026200   0x00026200   0x00000000   Code   RO         5296  * .ARM.Collect$$$$00000000  mc_w.l(entry.o)
    0x00026200   0x00026200   0x00000004   Code   RO         5603    .ARM.Collect$$$$00000001  mc_w.l(entry2.o)
    0x00026204   0x00026204   0x00000004   Code   RO         5606    .ARM.Collect$$$$00000004  mc_w.l(entry5.o)
    0x00026208   0x00026208   0x00000000   Code   RO         5608    .ARM.Collect$$$$00000008  mc_w.l(entry7b.o)
    0x00026208   0x00026208   0x00000000   Code   RO         5610    .ARM.Collect$$$$0000000A  mc_w.l(entry8b.o)
    0x00026208   0x00026208   0x00000008   Code   RO         5611    .ARM.Collect$$$$0000000B  mc_w.l(entry9a.o)
    0x00026210   0x00026210   0x00000000   Code   RO         5613    .ARM.Collect$$$$0000000D  mc_w.l(entry10a.o)
    0x00026210   0x00026210   0x00000000   Code   RO         5615    .ARM.Collect$$$$0000000F  mc_w.l(entry11a.o)
    0x00026210   0x00026210   0x00000004   Code   RO         5604    .ARM.Collect$$$$00002712  mc_w.l(entry2.o)
    0x00026214   0x00026214   0x0000001a   Code   RO         3005    .emb_text           app_error_handler_keil.o
    0x0002622e   0x0002622e   0x00000002   PAD
    0x00026230   0x00026230   0x000000c8   Code   RO         3673    .emb_text           nrf_atfifo.o
    0x000262f8   0x000262f8   0x000000e2   Code   RO         3743    .emb_text           nrf_atomic.o
    0x000263da   0x000263da   0x00000002   PAD
    0x000263dc   0x000263dc   0x00000024   Code   RO         5241    .text               arm_startup_nrf52.o
    0x00026400   0x00026400   0x00000062   Code   RO         5299    .text               mc_w.l(uldiv.o)
    0x00026462   0x00026462   0x0000001e   Code   RO         5301    .text               mc_w.l(llshl.o)
    0x00026480   0x00026480   0x00000024   Code   RO         5303    .text               mc_w.l(memcpya.o)
    0x000264a4   0x000264a4   0x00000024   Code   RO         5305    .text               mc_w.l(memseta.o)
    0x000264c8   0x000264c8   0x0000001a   Code   RO         5309    .text               mc_w.l(memcmp.o)
    0x000264e2   0x000264e2   0x00000020   Code   RO         5619    .text               mc_w.l(llushr.o)
    0x00026502   0x00026502   0x00000002   PAD
    0x00026504   0x00026504   0x00000024   Code   RO         5634    .text               mc_w.l(init.o)
    0x00026528   0x00026528   0x00000056   Code   RO         5648    .text               mc_w.l(__dczerorl2.o)
    0x0002657e   0x0002657e   0x00000002   PAD
    0x00026580   0x00026580   0x000000a4   Code   RO         2180    i.GPIOTE_IRQHandler  nrfx_gpiote.o
    0x00026624   0x00026624   0x00000058   Code   RO         2044    i.POWER_CLOCK_IRQHandler  nrfx_clock.o
    0x0002667c   0x0002667c   0x0000008c   Code   RO         5104    i.RADIO_IRQHandler  time_sync.o
    0x00026708   0x00026708   0x00000010   Code   RO         3463    i.RTC1_IRQHandler   drv_rtc.o
    0x00026718   0x00026718   0x00000004   Code   RO         4903    i.SWI2_EGU2_IRQHandler  nrf_sdh.o
    0x0002671c   0x0002671c   0x00000044   Code   RO         5105    i.SWI3_EGU3_IRQHandler  time_sync.o
    0x00026760   0x00026760   0x00000328   Code   RO         5249    i.SystemInit        system_nrf52.o
    0x00026a88   0x00026a88   0x0000000c   Code   RO         2482    i.UARTE0_UART0_IRQHandler  nrfx_prs.o
    0x00026a94   0x00026a94   0x00000010   Code   RO         5316    i.__0printf$bare    mc_w.l(printfb.o)
    0x00026aa4   0x00026aa4   0x0000001a   Code   RO         5106    i.__NVIC_EnableIRQ  time_sync.o
    0x00026abe   0x00026abe   0x0000000e   Code   RO         5642    i.__scatterload_copy  mc_w.l(handlers.o)
    0x00026acc   0x00026acc   0x00000002   Code   RO         5643    i.__scatterload_null  mc_w.l(handlers.o)
    0x00026ace   0x00026ace   0x0000000e   Code   RO         5644    i.__scatterload_zeroinit  mc_w.l(handlers.o)
    0x00026adc   0x00026adc   0x00000024   Code   RO         4904    i.__sd_nvic_app_accessible_irq  nrf_sdh.o
    0x00026b00   0x00026b00   0x00000022   Code   RO         5323    i._printf_core      mc_w.l(printfb.o)
    0x00026b22   0x00026b22   0x0000001c   Code   RO         1461    i.active_flag_count  ble_conn_state.o
    0x00026b3e   0x00026b3e   0x00000036   Code   RO          754    i.advertising_buttons_configure  bsp_btn_ble.o
    0x00026b74   0x00026b74   0x00000006   Code   RO          637    i.alert_timer_handler  bsp.o
    0x00026b7a   0x00026b7a   0x00000002   PAD
    0x00026b7c   0x00026b7c   0x00000024   Code   RO         2876    i.app_button_enable  app_button.o
    0x00026ba0   0x00026ba0   0x00000080   Code   RO         2877    i.app_button_init   app_button.o
    0x00026c20   0x00026c20   0x00000030   Code   RO         3027    i.app_error_fault_handler  app_error_weak.o
    0x00026c50   0x00026c50   0x00000016   Code   RO         2971    i.app_error_handler_bare  app_error.o
    0x00026c66   0x00026c66   0x00000016   Code   RO         3062    i.app_fifo_get      app_fifo.o
    0x00026c7c   0x00026c7c   0x00000020   Code   RO         3063    i.app_fifo_init     app_fifo.o
    0x00026c9c   0x00026c9c   0x0000001a   Code   RO         3065    i.app_fifo_put      app_fifo.o
    0x00026cb6   0x00026cb6   0x0000004a   Code   RO         3066    i.app_fifo_read     app_fifo.o
    0x00026d00   0x00026d00   0x00000052   Code   RO         3067    i.app_fifo_write    app_fifo.o
    0x00026d52   0x00026d52   0x00000002   PAD
    0x00026d54   0x00026d54   0x0000000c   Code   RO         3183    i.app_timer_cnt_get  app_timer2.o
    0x00026d60   0x00026d60   0x00000016   Code   RO         3184    i.app_timer_create  app_timer2.o
    0x00026d76   0x00026d76   0x00000002   PAD
    0x00026d78   0x00026d78   0x0000005c   Code   RO         3185    i.app_timer_init    app_timer2.o
    0x00026dd4   0x00026dd4   0x00000030   Code   RO         3188    i.app_timer_start   app_timer2.o
    0x00026e04   0x00026e04   0x0000000c   Code   RO         3189    i.app_timer_stop    app_timer2.o
    0x00026e10   0x00026e10   0x00000054   Code   RO         3322    i.app_uart_put      app_uart_fifo.o
    0x00026e64   0x00026e64   0x00000048   Code   RO         3395    i.app_util_critical_region_enter  app_util_platform.o
    0x00026eac   0x00026eac   0x00000034   Code   RO         3396    i.app_util_critical_region_exit  app_util_platform.o
    0x00026ee0   0x00026ee0   0x00000088   Code   RO         2533    i.apply_config      nrfx_uart.o
    0x00026f68   0x00026f68   0x00000088   Code   RO         2718    i.apply_config      nrfx_uarte.o
    0x00026ff0   0x00026ff0   0x0000000c   Code   RO         1462    i.bcs_internal_state_reset  ble_conn_state.o
    0x00026ffc   0x00026ffc   0x00000046   Code   RO          867    i.ble_advdata_search  ble_advdata.o
    0x00027042   0x00027042   0x000000b6   Code   RO          869    i.ble_advdata_uuid_find  ble_advdata.o
    0x000270f8   0x000270f8   0x0000001c   Code   RO         1463    i.ble_conn_state_central_conn_count  ble_conn_state.o
    0x00027114   0x00027114   0x00000004   Code   RO         1471    i.ble_conn_state_init  ble_conn_state.o
    0x00027118   0x00027118   0x00000040   Code   RO          977    i.ble_db_discovery_evt_register  ble_db_discovery.o
    0x00027158   0x00027158   0x00000024   Code   RO          978    i.ble_db_discovery_init  ble_db_discovery.o
    0x0002717c   0x0002717c   0x0000005c   Code   RO          979    i.ble_db_discovery_on_ble_evt  ble_db_discovery.o
    0x000271d8   0x000271d8   0x00000028   Code   RO          980    i.ble_db_discovery_start  ble_db_discovery.o
    0x00027200   0x00027200   0x000000b8   Code   RO            5    i.ble_evt_handler   main.o
    0x000272b8   0x000272b8   0x00000070   Code   RO          755    i.ble_evt_handler   bsp_btn_ble.o
    0x00027328   0x00027328   0x00000118   Code   RO         1482    i.ble_evt_handler   ble_conn_state.o
    0x00027440   0x00027440   0x00000058   Code   RO            6    i.ble_nus_c_evt_handler  main.o
    0x00027498   0x00027498   0x0000001c   Code   RO         1635    i.ble_nus_c_handles_assign  ble_nus_c.o
    0x000274b4   0x000274b4   0x00000058   Code   RO         1636    i.ble_nus_c_init    ble_nus_c.o
    0x0002750c   0x0002750c   0x0000006a   Code   RO         1637    i.ble_nus_c_on_ble_evt  ble_nus_c.o
    0x00027576   0x00027576   0x00000080   Code   RO         1638    i.ble_nus_c_on_db_disc_evt  ble_nus_c.o
    0x000275f6   0x000275f6   0x00000002   PAD
    0x000275f8   0x000275f8   0x0000006c   Code   RO         1640    i.ble_nus_c_tx_notif_enable  ble_nus_c.o
    0x00027664   0x00027664   0x000000b8   Code   RO            7    i.ble_nus_data_received_uart_print  main.o
    0x0002771c   0x0002771c   0x0000000c   Code   RO          524    i.bsp_board_button_idx_to_pin  boards.o
    0x00027728   0x00027728   0x00000020   Code   RO          525    i.bsp_board_button_state_get  boards.o
    0x00027748   0x00027748   0x00000054   Code   RO          526    i.bsp_board_init    boards.o
    0x0002779c   0x0002779c   0x00000024   Code   RO          528    i.bsp_board_led_invert  boards.o
    0x000277c0   0x000277c0   0x00000010   Code   RO          529    i.bsp_board_led_off  boards.o
    0x000277d0   0x000277d0   0x00000010   Code   RO          530    i.bsp_board_led_on  boards.o
    0x000277e0   0x000277e0   0x00000020   Code   RO          531    i.bsp_board_led_state_get  boards.o
    0x00027800   0x00027800   0x00000012   Code   RO          532    i.bsp_board_leds_off  boards.o
    0x00027812   0x00027812   0x00000012   Code   RO          533    i.bsp_board_leds_on  boards.o
    0x00027824   0x00027824   0x00000024   Code   RO          534    i.bsp_board_pin_to_button_idx  boards.o
    0x00027848   0x00027848   0x00000038   Code   RO          756    i.bsp_btn_ble_init  bsp_btn_ble.o
    0x00027880   0x00027880   0x0000001e   Code   RO          757    i.bsp_btn_ble_sleep_mode_prepare  bsp_btn_ble.o
    0x0002789e   0x0002789e   0x00000002   PAD
    0x000278a0   0x000278a0   0x00000090   Code   RO          638    i.bsp_button_event_handler  bsp.o
    0x00027930   0x00027930   0x0000000c   Code   RO          639    i.bsp_button_is_pressed  bsp.o
    0x0002793c   0x0002793c   0x00000084   Code   RO            8    i.bsp_event_handler  main.o
    0x000279c0   0x000279c0   0x00000044   Code   RO          642    i.bsp_event_to_button_action_assign  bsp.o
    0x00027a04   0x00027a04   0x00000018   Code   RO          643    i.bsp_indication_set  bsp.o
    0x00027a1c   0x00027a1c   0x00000094   Code   RO          644    i.bsp_init          bsp.o
    0x00027ab0   0x00027ab0   0x000001c8   Code   RO          645    i.bsp_led_indication  bsp.o
    0x00027c78   0x00027c78   0x00000006   Code   RO          647    i.bsp_wakeup_button_enable  bsp.o
    0x00027c7e   0x00027c7e   0x00000002   PAD
    0x00027c80   0x00027c80   0x00000028   Code   RO         2879    i.button_get        app_button.o
    0x00027ca8   0x00027ca8   0x00000008   Code   RO          648    i.button_timer_handler  bsp.o
    0x00027cb0   0x00027cb0   0x0000001c   Code   RO         2181    i.channel_free      nrfx_gpiote.o
    0x00027ccc   0x00027ccc   0x00000048   Code   RO         2182    i.channel_port_alloc  nrfx_gpiote.o
    0x00027d14   0x00027d14   0x00000010   Code   RO         2183    i.channel_port_get  nrfx_gpiote.o
    0x00027d24   0x00027d24   0x0000006c   Code   RO          981    i.characteristics_discover  ble_db_discovery.o
    0x00027d90   0x00027d90   0x00000028   Code   RO         1705    i.clock_clk_started_notify  nrf_drv_clock.o
    0x00027db8   0x00027db8   0x0000001c   Code   RO         1706    i.clock_irq_handler  nrf_drv_clock.o
    0x00027dd4   0x00027dd4   0x00000018   Code   RO         3191    i.compare_func      app_timer2.o
    0x00027dec   0x00027dec   0x0000001e   Code   RO            9    i.conn_evt_len_ext_set  main.o
    0x00027e0a   0x00027e0a   0x0000001e   Code   RO         1269    i.conn_handle_id_find  nrf_ble_gq.o
    0x00027e28   0x00027e28   0x0000003e   Code   RO         1483    i.conn_handle_list_get  ble_conn_state.o
    0x00027e66   0x00027e66   0x0000001e   Code   RO         1179    i.data_length_update  nrf_ble_gatt.o
    0x00027e84   0x00027e84   0x00000018   Code   RO           10    i.db_disc_handler   main.o
    0x00027e9c   0x00027e9c   0x000000b8   Code   RO          982    i.descriptors_discover  ble_db_discovery.o
    0x00027f54   0x00027f54   0x00000048   Code   RO         2880    i.detection_delay_timeout_handler  app_button.o
    0x00027f9c   0x00027f9c   0x00000030   Code   RO          983    i.discovery_available_evt_trigger  ble_db_discovery.o
    0x00027fcc   0x00027fcc   0x000000b4   Code   RO          984    i.discovery_complete_evt_trigger  ble_db_discovery.o
    0x00028080   0x00028080   0x00000050   Code   RO          985    i.discovery_error_handler  ble_db_discovery.o
    0x000280d0   0x000280d0   0x0000007c   Code   RO          986    i.discovery_start   ble_db_discovery.o
    0x0002814c   0x0002814c   0x00000014   Code   RO         3464    i.drv_rtc_compare_disable  drv_rtc.o
    0x00028160   0x00028160   0x0000000e   Code   RO         3467    i.drv_rtc_compare_pending  drv_rtc.o
    0x0002816e   0x0002816e   0x00000050   Code   RO         3468    i.drv_rtc_compare_set  drv_rtc.o
    0x000281be   0x000281be   0x00000008   Code   RO         3469    i.drv_rtc_counter_get  drv_rtc.o
    0x000281c6   0x000281c6   0x00000002   PAD
    0x000281c8   0x000281c8   0x0000007c   Code   RO         3470    i.drv_rtc_init      drv_rtc.o
    0x00028244   0x00028244   0x0000001e   Code   RO         3471    i.drv_rtc_irq_trigger  drv_rtc.o
    0x00028262   0x00028262   0x00000008   Code   RO         3473    i.drv_rtc_overflow_enable  drv_rtc.o
    0x0002826a   0x0002826a   0x00000008   Code   RO         3474    i.drv_rtc_overflow_pending  drv_rtc.o
    0x00028272   0x00028272   0x00000008   Code   RO         3475    i.drv_rtc_start     drv_rtc.o
    0x0002827a   0x0002827a   0x00000008   Code   RO         3476    i.drv_rtc_stop      drv_rtc.o
    0x00028282   0x00028282   0x000000de   Code   RO         3481    i.drv_rtc_windowed_compare_set  drv_rtc.o
    0x00028360   0x00028360   0x00000012   Code   RO         3482    i.evt_enable        drv_rtc.o
    0x00028372   0x00028372   0x00000002   PAD
    0x00028374   0x00028374   0x000000e0   Code   RO         2881    i.evt_handle        app_button.o
    0x00028454   0x00028454   0x00000014   Code   RO         3483    i.evt_pending       drv_rtc.o
    0x00028468   0x00028468   0x00000014   Code   RO         3068    i.fifo_get          app_fifo.o
    0x0002847c   0x0002847c   0x00000012   Code   RO         3069    i.fifo_put          app_fifo.o
    0x0002848e   0x0002848e   0x0000000a   Code   RO         1484    i.flag_toggle       ble_conn_state.o
    0x00028498   0x00028498   0x0000000e   Code   RO         4445    i.fputc             retarget.o
    0x000284a6   0x000284a6   0x00000002   PAD
    0x000284a8   0x000284a8   0x00000050   Code   RO         5575    i.free              mc_w.l(malloc.o)
    0x000284f8   0x000284f8   0x0000000a   Code   RO         1641    i.gatt_error_handler  ble_nus_c.o
    0x00028502   0x00028502   0x00000002   PAD
    0x00028504   0x00028504   0x00000018   Code   RO           11    i.gatt_evt_handler  main.o
    0x0002851c   0x0002851c   0x00000030   Code   RO           12    i.gatt_init         main.o
    0x0002854c   0x0002854c   0x0000002c   Code   RO         1270    i.gattc_write_alloc  nrf_ble_gq.o
    0x00028578   0x00028578   0x0000003e   Code   RO         1271    i.gatts_hvx_alloc   nrf_ble_gq.o
    0x000285b6   0x000285b6   0x00000002   PAD
    0x000285b8   0x000285b8   0x00000034   Code   RO         3192    i.get_now           app_timer2.o
    0x000285ec   0x000285ec   0x0000003c   Code   RO         2882    i.gpiote_event_handler  app_button.o
    0x00028628   0x00028628   0x00000088   Code   RO         2719    i.interrupts_enable  nrfx_uarte.o
    0x000286b0   0x000286b0   0x0000004c   Code   RO          987    i.is_desc_discovery_reqd  ble_db_discovery.o
    0x000286fc   0x000286fc   0x00000016   Code   RO         1346    i.is_whitelist_used  nrf_ble_scan.o
    0x00028712   0x00028712   0x00000002   PAD
    0x00028714   0x00028714   0x00000030   Code   RO          649    i.leds_off          bsp.o
    0x00028744   0x00028744   0x00000014   Code   RO          650    i.leds_timer_handler  bsp.o
    0x00028758   0x00028758   0x00000018   Code   RO         1180    i.link_init         nrf_ble_gatt.o
    0x00028770   0x00028770   0x00000144   Code   RO           14    i.main              main.o
    0x000288b4   0x000288b4   0x0000006c   Code   RO         5576    i.malloc            mc_w.l(malloc.o)
    0x00028920   0x00028920   0x0000007e   Code   RO         3995    i.memobj_op         nrf_memobj.o
    0x0002899e   0x0002899e   0x00000026   Code   RO         3677    i.nrf_atfifo_init   nrf_atfifo.o
    0x000289c4   0x000289c4   0x00000016   Code   RO         3678    i.nrf_atfifo_item_alloc  nrf_atfifo.o
    0x000289da   0x000289da   0x00000016   Code   RO         3679    i.nrf_atfifo_item_free  nrf_atfifo.o
    0x000289f0   0x000289f0   0x00000016   Code   RO         3680    i.nrf_atfifo_item_get  nrf_atfifo.o
    0x00028a06   0x00028a06   0x00000016   Code   RO         3681    i.nrf_atfifo_item_put  nrf_atfifo.o
    0x00028a1c   0x00028a1c   0x00000016   Code   RO         4482    i.nrf_atflags_clear  nrf_atflags.o
    0x00028a32   0x00028a32   0x00000016   Code   RO         4487    i.nrf_atflags_get   nrf_atflags.o
    0x00028a48   0x00028a48   0x00000014   Code   RO         4489    i.nrf_atflags_set   nrf_atflags.o
    0x00028a5c   0x00028a5c   0x0000000c   Code   RO         3749    i.nrf_atomic_u32_and  nrf_atomic.o
    0x00028a68   0x00028a68   0x0000000a   Code   RO         3754    i.nrf_atomic_u32_fetch_store  nrf_atomic.o
    0x00028a72   0x00028a72   0x0000000c   Code   RO         3758    i.nrf_atomic_u32_or  nrf_atomic.o
    0x00028a7e   0x00028a7e   0x00000044   Code   RO         3879    i.nrf_balloc_alloc  nrf_balloc.o
    0x00028ac2   0x00028ac2   0x00000030   Code   RO         3880    i.nrf_balloc_free   nrf_balloc.o
    0x00028af2   0x00028af2   0x00000030   Code   RO         3881    i.nrf_balloc_init   nrf_balloc.o
    0x00028b22   0x00028b22   0x00000010   Code   RO         2184    i.nrf_bitmask_bit_is_set  nrfx_gpiote.o
    0x00028b32   0x00028b32   0x00000018   Code   RO         1181    i.nrf_ble_gatt_att_mtu_central_set  nrf_ble_gatt.o
    0x00028b4a   0x00028b4a   0x0000002c   Code   RO         1186    i.nrf_ble_gatt_init  nrf_ble_gatt.o
    0x00028b76   0x00028b76   0x00000002   PAD
    0x00028b78   0x00028b78   0x000001a8   Code   RO         1187    i.nrf_ble_gatt_on_ble_evt  nrf_ble_gatt.o
    0x00028d20   0x00028d20   0x0000006e   Code   RO         1272    i.nrf_ble_gq_conn_handle_register  nrf_ble_gq.o
    0x00028d8e   0x00028d8e   0x00000002   PAD
    0x00028d90   0x00028d90   0x000000a0   Code   RO         1273    i.nrf_ble_gq_item_add  nrf_ble_gq.o
    0x00028e30   0x00028e30   0x00000060   Code   RO         1274    i.nrf_ble_gq_on_ble_evt  nrf_ble_gq.o
    0x00028e90   0x00028e90   0x0000004c   Code   RO         1348    i.nrf_ble_scan_connect_with_target  nrf_ble_scan.o
    0x00028edc   0x00028edc   0x00000014   Code   RO         1350    i.nrf_ble_scan_default_conn_param_set  nrf_ble_scan.o
    0x00028ef0   0x00028ef0   0x0000001e   Code   RO         1351    i.nrf_ble_scan_default_param_set  nrf_ble_scan.o
    0x00028f0e   0x00028f0e   0x00000042   Code   RO         1353    i.nrf_ble_scan_filter_set  nrf_ble_scan.o
    0x00028f50   0x00028f50   0x0000000e   Code   RO         1354    i.nrf_ble_scan_filters_disable  nrf_ble_scan.o
    0x00028f5e   0x00028f5e   0x00000036   Code   RO         1355    i.nrf_ble_scan_filters_enable  nrf_ble_scan.o
    0x00028f94   0x00028f94   0x0000006a   Code   RO         1356    i.nrf_ble_scan_init  nrf_ble_scan.o
    0x00028ffe   0x00028ffe   0x000000fc   Code   RO         1357    i.nrf_ble_scan_on_adv_report  nrf_ble_scan.o
    0x000290fa   0x000290fa   0x00000080   Code   RO         1358    i.nrf_ble_scan_on_ble_evt  nrf_ble_scan.o
    0x0002917a   0x0002917a   0x00000044   Code   RO         1360    i.nrf_ble_scan_start  nrf_ble_scan.o
    0x000291be   0x000291be   0x0000000e   Code   RO         2045    i.nrf_clock_event_check  nrfx_clock.o
    0x000291cc   0x000291cc   0x00000010   Code   RO         2046    i.nrf_clock_event_clear  nrfx_clock.o
    0x000291dc   0x000291dc   0x00000040   Code   RO         1713    i.nrf_drv_clock_init  nrf_drv_clock.o
    0x0002921c   0x0002921c   0x00000034   Code   RO         1717    i.nrf_drv_clock_lfclk_release  nrf_drv_clock.o
    0x00029250   0x00029250   0x00000068   Code   RO         1859    i.nrf_drv_uart_init  nrf_drv_uart.o
    0x000292b8   0x000292b8   0x00000020   Code   RO           15    i.nrf_drv_uart_tx   main.o
    0x000292d8   0x000292d8   0x00000020   Code   RO         3324    i.nrf_drv_uart_tx   app_uart_fifo.o
    0x000292f8   0x000292f8   0x00000024   Code   RO          536    i.nrf_gpio_cfg      boards.o
    0x0002931c   0x0002931c   0x00000024   Code   RO         2185    i.nrf_gpio_cfg      nrfx_gpiote.o
    0x00029340   0x00029340   0x00000024   Code   RO         2534    i.nrf_gpio_cfg      nrfx_uart.o
    0x00029364   0x00029364   0x00000024   Code   RO         2720    i.nrf_gpio_cfg      nrfx_uarte.o
    0x00029388   0x00029388   0x00000012   Code   RO         2536    i.nrf_gpio_cfg_input  nrfx_uart.o
    0x0002939a   0x0002939a   0x00000012   Code   RO         2722    i.nrf_gpio_cfg_input  nrfx_uarte.o
    0x000293ac   0x000293ac   0x00000010   Code   RO           16    i.nrf_gpio_cfg_output  main.o
    0x000293bc   0x000293bc   0x00000014   Code   RO         2537    i.nrf_gpio_cfg_output  nrfx_uart.o
    0x000293d0   0x000293d0   0x00000014   Code   RO         2723    i.nrf_gpio_cfg_output  nrfx_uarte.o
    0x000293e4   0x000293e4   0x00000022   Code   RO         2187    i.nrf_gpio_cfg_sense_set  nrfx_gpiote.o
    0x00029406   0x00029406   0x00000002   PAD
    0x00029408   0x00029408   0x0000002c   Code   RO         2188    i.nrf_gpio_latches_read_and_clear  nrfx_gpiote.o
    0x00029434   0x00029434   0x0000000e   Code   RO           17    i.nrf_gpio_pin_clear  main.o
    0x00029442   0x00029442   0x0000001e   Code   RO         2189    i.nrf_gpio_pin_present_check  nrfx_gpiote.o
    0x00029460   0x00029460   0x0000000e   Code   RO           18    i.nrf_gpio_pin_set  main.o
    0x0002946e   0x0002946e   0x00000016   Code   RO          537    i.nrf_gpio_pin_write  boards.o
    0x00029484   0x00029484   0x00000014   Code   RO         2190    i.nrf_gpiote_event_clear  nrfx_gpiote.o
    0x00029498   0x00029498   0x00000010   Code   RO         2191    i.nrf_gpiote_event_is_set  nrfx_gpiote.o
    0x000294a8   0x000294a8   0x00000060   Code   RO         3996    i.nrf_memobj_alloc  nrf_memobj.o
    0x00029508   0x00029508   0x00000032   Code   RO         3997    i.nrf_memobj_free   nrf_memobj.o
    0x0002953a   0x0002953a   0x00000004   Code   RO         3999    i.nrf_memobj_pool_init  nrf_memobj.o
    0x0002953e   0x0002953e   0x00000010   Code   RO         4001    i.nrf_memobj_read   nrf_memobj.o
    0x0002954e   0x0002954e   0x00000010   Code   RO         4002    i.nrf_memobj_write  nrf_memobj.o
    0x0002955e   0x0002955e   0x00000002   PAD
    0x00029560   0x00029560   0x00000028   Code   RO         4074    i.nrf_pwr_mgmt_init  nrf_pwr_mgmt.o
    0x00029588   0x00029588   0x00000044   Code   RO         4075    i.nrf_pwr_mgmt_run  nrf_pwr_mgmt.o
    0x000295cc   0x000295cc   0x0000003c   Code   RO         4076    i.nrf_pwr_mgmt_shutdown  nrf_pwr_mgmt.o
    0x00029608   0x00029608   0x0000008e   Code   RO         4145    i.nrf_queue_generic_pop  nrf_queue.o
    0x00029696   0x00029696   0x00000012   Code   RO         4147    i.nrf_queue_is_empty  nrf_queue.o
    0x000296a8   0x000296a8   0x0000001e   Code   RO         4148    i.nrf_queue_is_full  nrf_queue.o
    0x000296c6   0x000296c6   0x0000000e   Code   RO         4151    i.nrf_queue_next_idx  nrf_queue.o
    0x000296d4   0x000296d4   0x000000b2   Code   RO         4153    i.nrf_queue_push    nrf_queue.o
    0x00029786   0x00029786   0x0000000c   Code   RO         3484    i.nrf_rtc_event_clear  drv_rtc.o
    0x00029792   0x00029792   0x00000002   PAD
    0x00029794   0x00029794   0x00000014   Code   RO         5021    i.nrf_sdh_ble_app_ram_start_get  nrf_sdh_ble.o
    0x000297a8   0x000297a8   0x000000a0   Code   RO         5022    i.nrf_sdh_ble_default_cfg_set  nrf_sdh_ble.o
    0x00029848   0x00029848   0x00000014   Code   RO         5023    i.nrf_sdh_ble_enable  nrf_sdh_ble.o
    0x0002985c   0x0002985c   0x00000060   Code   RO         5024    i.nrf_sdh_ble_evts_poll  nrf_sdh_ble.o
    0x000298bc   0x000298bc   0x00000074   Code   RO         4906    i.nrf_sdh_enable_request  nrf_sdh.o
    0x00029930   0x00029930   0x00000024   Code   RO         4907    i.nrf_sdh_evts_poll  nrf_sdh.o
    0x00029954   0x00029954   0x0000000c   Code   RO         4908    i.nrf_sdh_is_enabled  nrf_sdh.o
    0x00029960   0x00029960   0x0000003c   Code   RO         5072    i.nrf_sdh_soc_evts_poll  nrf_sdh_soc.o
    0x0002999c   0x0002999c   0x0000000a   Code   RO         4324    i.nrf_section_iter_init  nrf_section_iter.o
    0x000299a6   0x000299a6   0x00000024   Code   RO         4325    i.nrf_section_iter_item_set  nrf_section_iter.o
    0x000299ca   0x000299ca   0x00000020   Code   RO         4326    i.nrf_section_iter_next  nrf_section_iter.o
    0x000299ea   0x000299ea   0x00000022   Code   RO         4359    i.nrf_sortlist_add  nrf_sortlist.o
    0x00029a0c   0x00029a0c   0x00000006   Code   RO         4361    i.nrf_sortlist_peek  nrf_sortlist.o
    0x00029a12   0x00029a12   0x0000000e   Code   RO         4362    i.nrf_sortlist_pop  nrf_sortlist.o
    0x00029a20   0x00029a20   0x0000001e   Code   RO         4363    i.nrf_sortlist_remove  nrf_sortlist.o
    0x00029a3e   0x00029a3e   0x0000000a   Code   RO         2538    i.nrf_uart_event_check  nrfx_uart.o
    0x00029a48   0x00029a48   0x0000000c   Code   RO         2539    i.nrf_uart_event_clear  nrfx_uart.o
    0x00029a54   0x00029a54   0x0000000c   Code   RO         2540    i.nrf_uart_int_enable_check  nrfx_uart.o
    0x00029a60   0x00029a60   0x0000000a   Code   RO         2724    i.nrf_uarte_event_check  nrfx_uarte.o
    0x00029a6a   0x00029a6a   0x0000000c   Code   RO         2725    i.nrf_uarte_event_clear  nrfx_uarte.o
    0x00029a76   0x00029a76   0x00000002   PAD
    0x00029a78   0x00029a78   0x00000010   Code   RO         1720    i.nrf_wdt_started   nrf_drv_clock.o
    0x00029a88   0x00029a88   0x0000002c   Code   RO         2051    i.nrfx_clock_enable  nrfx_clock.o
    0x00029ab4   0x00029ab4   0x00000020   Code   RO         2054    i.nrfx_clock_init   nrfx_clock.o
    0x00029ad4   0x00029ad4   0x00000030   Code   RO         2057    i.nrfx_clock_lfclk_stop  nrfx_clock.o
    0x00029b04   0x00029b04   0x00000010   Code   RO         3485    i.nrfx_coredep_delay_us  drv_rtc.o
    0x00029b14   0x00029b14   0x000000a0   Code   RO         2197    i.nrfx_gpiote_in_event_enable  nrfx_gpiote.o
    0x00029bb4   0x00029bb4   0x000000cc   Code   RO         2199    i.nrfx_gpiote_in_init  nrfx_gpiote.o
    0x00029c80   0x00029c80   0x00000014   Code   RO         2200    i.nrfx_gpiote_in_is_set  nrfx_gpiote.o
    0x00029c94   0x00029c94   0x00000074   Code   RO         2202    i.nrfx_gpiote_init  nrfx_gpiote.o
    0x00029d08   0x00029d08   0x00000014   Code   RO         2203    i.nrfx_gpiote_is_init  nrfx_gpiote.o
    0x00029d1c   0x00029d1c   0x00000010   Code   RO         2726    i.nrfx_is_in_ram    nrfx_uarte.o
    0x00029d2c   0x00029d2c   0x0000003a   Code   RO         2483    i.nrfx_prs_acquire  nrfx_prs.o
    0x00029d66   0x00029d66   0x00000002   PAD
    0x00029d68   0x00029d68   0x00000010   Code   RO         2541    i.nrfx_uart_0_irq_handler  nrfx_uart.o
    0x00029d78   0x00029d78   0x000000d4   Code   RO         2543    i.nrfx_uart_init    nrfx_uart.o
    0x00029e4c   0x00029e4c   0x000000a8   Code   RO         2549    i.nrfx_uart_tx      nrfx_uart.o
    0x00029ef4   0x00029ef4   0x00000020   Code   RO         2551    i.nrfx_uart_tx_in_progress  nrfx_uart.o
    0x00029f14   0x00029f14   0x00000010   Code   RO         2727    i.nrfx_uarte_0_irq_handler  nrfx_uarte.o
    0x00029f24   0x00029f24   0x0000006c   Code   RO         2729    i.nrfx_uarte_init   nrfx_uarte.o
    0x00029f90   0x00029f90   0x000000ac   Code   RO         2733    i.nrfx_uarte_tx     nrfx_uarte.o
    0x0002a03c   0x0002a03c   0x0000001c   Code   RO         2735    i.nrfx_uarte_tx_in_progress  nrfx_uarte.o
    0x0002a058   0x0002a058   0x00000004   Code   RO           19    i.nus_error_handler  main.o
    0x0002a05c   0x0002a05c   0x000000fc   Code   RO          988    i.on_characteristic_discovery_rsp  ble_db_discovery.o
    0x0002a158   0x0002a158   0x000000da   Code   RO          989    i.on_descriptor_discovery_rsp  ble_db_discovery.o
    0x0002a232   0x0002a232   0x00000072   Code   RO          990    i.on_primary_srv_discovery_rsp  ble_db_discovery.o
    0x0002a2a4   0x0002a2a4   0x0000009c   Code   RO          991    i.on_srv_disc_completion  ble_db_discovery.o
    0x0002a340   0x0002a340   0x0000001c   Code   RO         2221    i.pin_configured_set  nrfx_gpiote.o
    0x0002a35c   0x0002a35c   0x00000018   Code   RO         2222    i.pin_in_use_by_port  nrfx_gpiote.o
    0x0002a374   0x0002a374   0x00000018   Code   RO         2223    i.pin_in_use_by_te  nrfx_gpiote.o
    0x0002a38c   0x0002a38c   0x000000b4   Code   RO         2224    i.port_event_handle  nrfx_gpiote.o
    0x0002a440   0x0002a440   0x00000010   Code   RO         2225    i.port_handler_polarity_get  nrfx_gpiote.o
    0x0002a450   0x0002a450   0x00000084   Code   RO         5107    i.ppi_sync_timer_adjust_configure  time_sync.o
    0x0002a4d4   0x0002a4d4   0x00000018   Code   RO         2485    i.prs_box_get       nrfx_prs.o
    0x0002a4ec   0x0002a4ec   0x000000e0   Code   RO         1275    i.queue_process     nrf_ble_gq.o
    0x0002a5cc   0x0002a5cc   0x00000018   Code   RO         4159    i.queue_utilization_get  nrf_queue.o
    0x0002a5e4   0x0002a5e4   0x00000058   Code   RO         1276    i.queues_purge      nrf_ble_gq.o
    0x0002a63c   0x0002a63c   0x00000178   Code   RO         5108    i.radio_callback    time_sync.o
    0x0002a7b4   0x0002a7b4   0x00000038   Code   RO          992    i.registered_handler_get  ble_db_discovery.o
    0x0002a7ec   0x0002a7ec   0x0000001e   Code   RO         1277    i.request_err_code_handle  nrf_ble_gq.o
    0x0002a80a   0x0002a80a   0x00000072   Code   RO         1278    i.request_process   nrf_ble_gq.o
    0x0002a87c   0x0002a87c   0x0000005c   Code   RO         3193    i.rtc_irq           app_timer2.o
    0x0002a8d8   0x0002a8d8   0x00000064   Code   RO         3194    i.rtc_schedule      app_timer2.o
    0x0002a93c   0x0002a93c   0x00000074   Code   RO         3195    i.rtc_update        app_timer2.o
    0x0002a9b0   0x0002a9b0   0x00000032   Code   RO         2553    i.rx_byte           nrfx_uart.o
    0x0002a9e2   0x0002a9e2   0x00000016   Code   RO         2554    i.rx_done_event     nrfx_uart.o
    0x0002a9f8   0x0002a9f8   0x00000016   Code   RO         2737    i.rx_done_event     nrfx_uarte.o
    0x0002aa0e   0x0002aa0e   0x0000001a   Code   RO           21    i.scan_evt_handler  main.o
    0x0002aa28   0x0002aa28   0x00000058   Code   RO           22    i.scan_init         main.o
    0x0002aa80   0x0002aa80   0x00000028   Code   RO           23    i.scan_start        main.o
    0x0002aaa8   0x0002aaa8   0x00000058   Code   RO         1721    i.sd_state_evt_handler  nrf_drv_clock.o
    0x0002ab00   0x0002ab00   0x00000030   Code   RO         4913    i.sdh_request_observer_notify  nrf_sdh.o
    0x0002ab30   0x0002ab30   0x0000002c   Code   RO         4914    i.sdh_state_observer_notify  nrf_sdh.o
    0x0002ab5c   0x0002ab5c   0x00000020   Code   RO           24    i.shutdown_handler  main.o
    0x0002ab7c   0x0002ab7c   0x00000070   Code   RO         4077    i.shutdown_process  nrf_pwr_mgmt.o
    0x0002abec   0x0002abec   0x00000018   Code   RO         1722    i.soc_evt_handler   nrf_drv_clock.o
    0x0002ac04   0x0002ac04   0x00000058   Code   RO         4916    i.softdevices_evt_irq_enable  nrf_sdh.o
    0x0002ac5c   0x0002ac5c   0x0000000c   Code   RO         3196    i.sortlist_pop      app_timer2.o
    0x0002ac68   0x0002ac68   0x00000030   Code   RO         2883    i.state_set         app_button.o
    0x0002ac98   0x0002ac98   0x000000cc   Code   RO           25    i.sync_timer_init   main.o
    0x0002ad64   0x0002ad64   0x000000a0   Code   RO         5109    i.sync_timer_offset_compensate  time_sync.o
    0x0002ae04   0x0002ae04   0x00000058   Code   RO         5110    i.sync_timer_start  time_sync.o
    0x0002ae5c   0x0002ae5c   0x00000058   Code   RO         3197    i.timer_expire      app_timer2.o
    0x0002aeb4   0x0002aeb4   0x00000078   Code   RO         3198    i.timer_req_process  app_timer2.o
    0x0002af2c   0x0002af2c   0x00000038   Code   RO         3199    i.timer_req_schedule  app_timer2.o
    0x0002af64   0x0002af64   0x00000018   Code   RO         2884    i.timer_start       app_button.o
    0x0002af7c   0x0002af7c   0x00000160   Code   RO         5112    i.timeslot_begin_handler  time_sync.o
    0x0002b0dc   0x0002b0dc   0x000000ec   Code   RO         5114    i.ts_enable         time_sync.o
    0x0002b1c8   0x0002b1c8   0x0000006c   Code   RO         5115    i.ts_init           time_sync.o
    0x0002b234   0x0002b234   0x00000080   Code   RO         5116    i.ts_on_sys_evt     time_sync.o
    0x0002b2b4   0x0002b2b4   0x00000028   Code   RO         5119    i.ts_tx_start       time_sync.o
    0x0002b2dc   0x0002b2dc   0x0000000c   Code   RO         5120    i.ts_tx_stop        time_sync.o
    0x0002b2e8   0x0002b2e8   0x00000020   Code   RO         2556    i.tx_byte           nrfx_uart.o
    0x0002b308   0x0002b308   0x0000001a   Code   RO         2557    i.tx_done_event     nrfx_uart.o
    0x0002b322   0x0002b322   0x0000001a   Code   RO         2738    i.tx_done_event     nrfx_uarte.o
    0x0002b33c   0x0002b33c   0x00000030   Code   RO           26    i.uart_dma_init     main.o
    0x0002b36c   0x0002b36c   0x00000030   Code   RO         1860    i.uart_evt_handler  nrf_drv_uart.o
    0x0002b39c   0x0002b39c   0x0000012a   Code   RO         2558    i.uart_irq_handler  nrfx_uart.o
    0x0002b4c6   0x0002b4c6   0x00000002   PAD
    0x0002b4c8   0x0002b4c8   0x00000030   Code   RO         1861    i.uarte_evt_handler  nrf_drv_uart.o
    0x0002b4f8   0x0002b4f8   0x00000112   Code   RO         2739    i.uarte_irq_handler  nrfx_uarte.o
    0x0002b60a   0x0002b60a   0x00000002   PAD
    0x0002b60c   0x0002b60c   0x000000a4   Code   RO         5121    i.update_radio_parameters  time_sync.o
    0x0002b6b0   0x0002b6b0   0x00000020   Code   RO         2885    i.usr_event         app_button.o
    0x0002b6d0   0x0002b6d0   0x0000003c   Code   RO           28    i.usr_uarte_evt_handler  main.o
    0x0002b70c   0x0002b70c   0x0000003a   Code   RO          651    i.wakeup_button_cfg  bsp.o
    0x0002b746   0x0002b746   0x00000002   PAD
    0x0002b748   0x0002b748   0x000000a0   Data   RO           49    .constdata          main.o
    0x0002b7e8   0x0002b7e8   0x00000040   Data   RO           50    .constdata          main.o
    0x0002b828   0x0002b828   0x00000008   Data   RO          538    .constdata          boards.o
    0x0002b830   0x0002b830   0x0000002c   Data   RO          656    .constdata          bsp.o
    0x0002b85c   0x0002b85c   0x0000007c   Data   RO          994    .constdata          ble_db_discovery.o
    0x0002b8d8   0x0002b8d8   0x00000016   Data   RO         1188    .constdata          nrf_ble_gatt.o
    0x0002b8ee   0x0002b8ee   0x00000002   PAD
    0x0002b8f0   0x0002b8f0   0x00000018   Data   RO         1279    .constdata          nrf_ble_gq.o
    0x0002b908   0x0002b908   0x00000010   Data   RO         1642    .constdata          ble_nus_c.o
    0x0002b918   0x0002b918   0x00000004   Data   RO         2227    .constdata          nrfx_gpiote.o
    0x0002b91c   0x0002b91c   0x00000004   Data   RO         2561    .constdata          nrfx_uart.o
    0x0002b920   0x0002b920   0x00000004   Data   RO         2742    .constdata          nrfx_uarte.o
    0x0002b924   0x0002b924   0x00000008   Data   RO         2888    .constdata          app_button.o
    0x0002b92c   0x0002b92c   0x00000014   Data   RO         3202    .constdata          app_timer2.o
    0x0002b940   0x0002b940   0x00000006   Data   RO         3486    .constdata          drv_rtc.o
    0x0002b946   0x0002b946   0x00000002   PAD
    0x0002b948   0x0002b948   0x00000018   Data   RO         4079    .constdata          nrf_pwr_mgmt.o
    0x0002b960   0x0002b960   0x0000000c   Data   RO         4080    .constdata          nrf_pwr_mgmt.o
    0x0002b96c   0x0002b96c   0x00000010   Data   RO         4917    .constdata          nrf_sdh.o
    0x0002b97c   0x0002b97c   0x00000028   Data   RO         4918    .constdata          nrf_sdh.o
    0x0002b9a4   0x0002b9a4   0x00000010   Data   RO         4919    .constdata          nrf_sdh.o
    0x0002b9b4   0x0002b9b4   0x00000010   Data   RO         4920    .constdata          nrf_sdh.o
    0x0002b9c4   0x0002b9c4   0x00000020   Data   RO         5025    .constdata          nrf_sdh_ble.o
    0x0002b9e4   0x0002b9e4   0x00000010   Data   RO         5026    .constdata          nrf_sdh_ble.o
    0x0002b9f4   0x0002b9f4   0x00000010   Data   RO         5073    .constdata          nrf_sdh_soc.o
    0x0002ba04   0x0002ba04   0x0000000c   Data   RO         5074    .constdata          nrf_sdh_soc.o
    0x0002ba10   0x0002ba10   0x0000001f   Data   RO           51    .conststring        main.o
    0x0002ba2f   0x0002ba2f   0x00000001   PAD
    0x0002ba30   0x0002ba30   0x00000020   Data   RO         5640    Region$$Table       anon$$obj.o
    0x0002ba50   0x0002ba50   0x00000014   Data   RO           56    nrf_balloc          main.o
    0x0002ba64   0x0002ba64   0x00000014   Data   RO         5127    nrf_balloc          time_sync.o
    0x0002ba78   0x0002ba78   0x00000014   Data   RO           57    nrf_queue           main.o
    0x0002ba8c   0x0002ba8c   0x00000004   Data   RO           58    pwr_mgmt_data1      main.o
    0x0002ba90   0x0002ba90   0x00000008   Data   RO         1488    sdh_ble_observers0  ble_conn_state.o
    0x0002ba98   0x0002ba98   0x00000020   Data   RO           59    sdh_ble_observers1  main.o
    0x0002bab8   0x0002bab8   0x00000008   Data   RO          759    sdh_ble_observers1  bsp_btn_ble.o
    0x0002bac0   0x0002bac0   0x00000040   Data   RO           60    sdh_ble_observers2  main.o
    0x0002bb00   0x0002bb00   0x00000008   Data   RO           61    sdh_ble_observers3  main.o
    0x0002bb08   0x0002bb08   0x00000008   Data   RO         1728    sdh_soc_observers0  nrf_drv_clock.o
    0x0002bb10   0x0002bb10   0x00000008   Data   RO         5128    sdh_soc_observers0  time_sync.o
    0x0002bb18   0x0002bb18   0x00000008   Data   RO         5028    sdh_stack_observers0  nrf_sdh_ble.o
    0x0002bb20   0x0002bb20   0x00000008   Data   RO         5075    sdh_stack_observers0  nrf_sdh_soc.o
    0x0002bb28   0x0002bb28   0x00000008   Data   RO         1729    sdh_state_observers0  nrf_drv_clock.o


    Execution Region RW_IRAM1 (Exec base: 0x20008f78, Load base: 0x0002bb30, Size: 0x000053b0, Max: 0x00007088, ABSOLUTE, COMPRESSED[0x00000070])

    Exec Addr    Load Addr    Size         Type   Attr      Idx    E Section Name        Object

    0x20008f78   COMPRESSED   0x00000618   Data   RW           52    .data               main.o
    0x20009590   COMPRESSED   0x00000010   Data   RW           53    .data               main.o
    0x200095a0   COMPRESSED   0x00000008   Data   RW           54    .data               main.o
    0x200095a8   COMPRESSED   0x00000008   Data   RW           55    .data               main.o
    0x200095b0   COMPRESSED   0x00000010   Data   RW          657    .data               bsp.o
    0x200095c0   COMPRESSED   0x00000008   Data   RW          758    .data               bsp_btn_ble.o
    0x200095c8   COMPRESSED   0x00000010   Data   RW          995    .data               ble_db_discovery.o
    0x200095d8   COMPRESSED   0x0000000c   Data   RW         1862    .data               nrf_drv_uart.o
    0x200095e4   COMPRESSED   0x00000008   Data   RW         2061    .data               nrfx_clock.o
    0x200095ec   COMPRESSED   0x00000008   Data   RW         2487    .data               nrfx_prs.o
    0x200095f4   COMPRESSED   0x00000004   PAD
    0x200095f8   COMPRESSED   0x00000018   Data   RW         2889    .data               app_button.o
    0x20009610   COMPRESSED   0x00000020   Data   RW         3203    .data               app_timer2.o
    0x20009630   COMPRESSED   0x00000004   Data   RW         3204    .data               app_timer2.o
    0x20009634   COMPRESSED   0x0000001c   Data   RW         3328    .data               app_uart_fifo.o
    0x20009650   COMPRESSED   0x0000000c   Data   RW         3487    .data               drv_rtc.o
    0x2000965c   COMPRESSED   0x00000008   Data   RW         4081    .data               nrf_pwr_mgmt.o
    0x20009664   COMPRESSED   0x00000004   Data   RW         4446    .data               retarget.o
    0x20009668   COMPRESSED   0x00000003   Data   RW         4921    .data               nrf_sdh.o
    0x2000966b   COMPRESSED   0x00000001   Data   RW         5027    .data               nrf_sdh_ble.o
    0x2000966c   COMPRESSED   0x00000060   Data   RW         5125    .data               time_sync.o
    0x200096cc   COMPRESSED   0x00000008   Data   RW         5126    .data               time_sync.o
    0x200096d4   COMPRESSED   0x00000004   Data   RW         5250    .data               system_nrf52.o
    0x200096d8   COMPRESSED   0x00000004   Data   RW         5621    .data               mc_w.l(mvars.o)
    0x200096dc   COMPRESSED   0x00000004   Data   RW         5622    .data               mc_w.l(mvars.o)
    0x200096e0        -       0x000002c4   Zero   RW           29    .bss                main.o
    0x200099a4        -       0x000000a0   Zero   RW           30    .bss                main.o
    0x20009a44        -       0x0000000c   Zero   RW           31    .bss                main.o
    0x20009a50        -       0x000000a0   Zero   RW           32    .bss                main.o
    0x20009af0        -       0x0000000c   Zero   RW           33    .bss                main.o
    0x20009afc        -       0x000000a0   Zero   RW           34    .bss                main.o
    0x20009b9c        -       0x0000000c   Zero   RW           35    .bss                main.o
    0x20009ba8        -       0x000000a0   Zero   RW           36    .bss                main.o
    0x20009c48        -       0x0000000c   Zero   RW           37    .bss                main.o
    0x20009c54        -       0x000000a0   Zero   RW           38    .bss                main.o
    0x20009cf4        -       0x0000000c   Zero   RW           39    .bss                main.o
    0x20009d00        -       0x000000a0   Zero   RW           40    .bss                main.o
    0x20009da0        -       0x0000000c   Zero   RW           41    .bss                main.o
    0x20009dac        -       0x000000a0   Zero   RW           42    .bss                main.o
    0x20009e4c        -       0x0000000c   Zero   RW           43    .bss                main.o
    0x20009e58        -       0x000000a0   Zero   RW           44    .bss                main.o
    0x20009ef8        -       0x0000000c   Zero   RW           45    .bss                main.o
    0x20009f04        -       0x00000012   Zero   RW           46    .bss                main.o
    0x20009f16   COMPRESSED   0x00000002   PAD
    0x20009f18        -       0x0000000c   Zero   RW           47    .bss                main.o
    0x20009f24        -       0x000000c0   Zero   RW           48    .bss                main.o
    0x20009fe4   COMPRESSED   0x00000004   PAD
    0x20009fe8        -       0x00000020   Zero   RW          652    .bss                bsp.o
    0x2000a008        -       0x00000020   Zero   RW          653    .bss                bsp.o
    0x2000a028        -       0x0000000c   Zero   RW          654    .bss                bsp.o
    0x2000a034   COMPRESSED   0x00000004   PAD
    0x2000a038        -       0x00000020   Zero   RW          655    .bss                bsp.o
    0x2000a058        -       0x00000018   Zero   RW          993    .bss                ble_db_discovery.o
    0x2000a070        -       0x0000007c   Zero   RW         1487    .bss                ble_conn_state.o
    0x2000a0ec        -       0x00000014   Zero   RW         1723    .bss                nrf_drv_clock.o
    0x2000a100        -       0x0000005c   Zero   RW         2226    .bss                nrfx_gpiote.o
    0x2000a15c        -       0x0000002c   Zero   RW         2559    .bss                nrfx_uart.o
    0x2000a188        -       0x00000024   Zero   RW         2740    .bss                nrfx_uarte.o
    0x2000a1ac   COMPRESSED   0x00000004   PAD
    0x2000a1b0        -       0x00000020   Zero   RW         2886    .bss                app_button.o
    0x2000a1d0        -       0x00000010   Zero   RW         2887    .bss                app_button.o
    0x2000a1e0        -       0x00000010   Zero   RW         3200    .bss                app_timer2.o
    0x2000a1f0        -       0x00000058   Zero   RW         3201    .bss                app_timer2.o
    0x2000a248        -       0x00000020   Zero   RW         3326    .bss                app_uart_fifo.o
    0x2000a268        -       0x0000000c   Zero   RW         3401    .bss                app_util_platform.o
    0x2000a274        -       0x0000000c   Zero   RW         4078    .bss                nrf_pwr_mgmt.o
    0x2000a280        -       0x0000000a   Zero   RW         5122    .bss                time_sync.o
    0x2000a28a   COMPRESSED   0x00000002   PAD
    0x2000a28c        -       0x00000078   Zero   RW         5123    .bss                time_sync.o
    0x2000a304        -       0x00000020   Zero   RW         5124    .bss                time_sync.o
    0x2000a324   COMPRESSED   0x00000004   PAD
    0x2000a328        -       0x00002000   Zero   RW         5239    HEAP                arm_startup_nrf52.o
    0x2000c328        -       0x00002000   Zero   RW         5238    STACK               arm_startup_nrf52.o


==============================================================================

Image component sizes


      Code (inc. data)   RO Data    RW Data    ZI Data      Debug   Object Name

       664         66          8         24         48      17811   app_button.o
        22          0          0          0          0       2549   app_error.o
        26          0          0          0          0        584   app_error_handler_keil.o
        48          8          0          0          0      34173   app_error_weak.o
       274          0          0          0          0       6855   app_fifo.o
       846         88         20         36        104      16715   app_timer2.o
       116         20          0         28         32      12203   app_uart_fifo.o
       124         14          0          0         12      10782   app_util_platform.o
        36          8        512          0      16384        940   arm_startup_nrf52.o
       252          0          0          0          0      44783   ble_advdata.o
       424         14          8          0        124       8999   ble_conn_state.o
      1828         94        124         16         24      32159   ble_db_discovery.o
       468         10         16          0          0      11130   ble_nus_c.o
       358         40          8          0          0      14567   boards.o
       998         84         44         16        108      16171   bsp.o
       252         10          8          8          0       9648   bsp_btn_ble.o
       612         14          6         12          0      48885   drv_rtc.o
      1616        222        403       1592       2306     197495   main.o
       326          0          0          0          0       6019   nrf_atfifo.o
        64          0          0          0          0       3080   nrf_atflags.o
       260          0          0          0          0       4533   nrf_atomic.o
       164          0          0          0          0       3672   nrf_balloc.o
       546          6         22          0          0      36277   nrf_ble_gatt.o
       958         28         24          0          0      11028   nrf_ble_gq.o
       836          0          0          0          0      12370   nrf_ble_scan.o
       312         36         16          0         20      43730   nrf_drv_clock.o
       200         26          0         12          0      12784   nrf_drv_uart.o
       308          0          0          0          0       8193   nrf_memobj.o
       280         44         36          8         12      42825   nrf_pwr_mgmt.o
       406          0          0          0          0       6491   nrf_queue.o
       384         46         88          3          0      42827   nrf_sdh.o
       296         18         56          1          0       5631   nrf_sdh_ble.o
        60          4         36          0          0       2384   nrf_sdh_soc.o
        78          0          0          0          0       2820   nrf_section_iter.o
        84          0          0          0          0       3788   nrf_sortlist.o
       242         32          0          8          0      45930   nrfx_clock.o
      1268        106          4          0         92      66066   nrfx_gpiote.o
        94         16          0          8          0       3725   nrfx_prs.o
      1100         32          4          0         44      28433   nrfx_uart.o
      1030         32          4          0         36      23649   nrfx_uarte.o
        14          0          0          4          0       2910   retarget.o
       808         72          0          4          0      13691   system_nrf52.o
      2030        470         28        104        162      45256   time_sync.o

    ----------------------------------------------------------------------
     21160       1660       1512       1888      19528     964561   Object Totals
         0          0         32          0          0          0   (incl. Generated)
        48          0          5          4         20          0   (incl. Padding)

    ----------------------------------------------------------------------

      Code (inc. data)   RO Data    RW Data    ZI Data      Debug   Library Member Name

        86          0          0          0          0          0   __dczerorl2.o
         0          0          0          0          0          0   entry.o
         0          0          0          0          0          0   entry10a.o
         0          0          0          0          0          0   entry11a.o
         8          4          0          0          0          0   entry2.o
         4          0          0          0          0          0   entry5.o
         0          0          0          0          0          0   entry7b.o
         0          0          0          0          0          0   entry8b.o
         8          4          0          0          0          0   entry9a.o
        30          0          0          0          0          0   handlers.o
        36          8          0          0          0         68   init.o
        30          0          0          0          0         68   llshl.o
        32          0          0          0          0         68   llushr.o
       188         20          0          0          0        160   malloc.o
        26          0          0          0          0         80   memcmp.o
        36          0          0          0          0         68   memcpya.o
        36          0          0          0          0        108   memseta.o
         0          0          0          8          0          0   mvars.o
        50          8          0          0          0        152   printfb.o
        98          0          0          0          0         92   uldiv.o

    ----------------------------------------------------------------------
       672         44          0          8          0        864   Library Totals
         4          0          0          0          0          0   (incl. Padding)

    ----------------------------------------------------------------------

      Code (inc. data)   RO Data    RW Data    ZI Data      Debug   Library Name

       668         44          0          8          0        864   mc_w.l

    ----------------------------------------------------------------------
       672         44          0          8          0        864   Library Totals

    ----------------------------------------------------------------------

==============================================================================


      Code (inc. data)   RO Data    RW Data    ZI Data      Debug   

     21832       1704       1512       1896      19528     936093   Grand Totals
     21832       1704       1512        112      19528     936093   ELF Image Totals (compressed)
     21832       1704       1512        112          0          0   ROM Totals

==============================================================================

    Total RO  Size (Code + RO Data)                23344 (  22.80kB)
    Total RW  Size (RW Data + ZI Data)             21424 (  20.92kB)
    Total ROM Size (Code + RO Data + RW Data)      23456 (  22.91kB)

==============================================================================

