<html>
<body>
<pre>
<h1>µVision Build Log</h1>
<h2>Tool Versions:</h2>
IDE-Version: µVision V5.31.0.0
Copyright (C) 2020 ARM Ltd and ARM Germany GmbH. All rights reserved.
License Information: Jona Cappelle KU Leuven Flex license: MDK Professional 5.31 (Flex): 40 user(s) (mdk_pro) Operation stops: 22 Jul 2021
 
Tool Versions:
Toolchain:       MDK Professional 5.31 (Flex): 40 user(s)  Version: 5.31.0.0
Toolchain Path:  C:\Keil_v5\ARM\ARMCC\Bin
C Compiler:      Armcc.exe V5.06 update 6 (build 750)
Assembler:       Armasm.exe V5.06 update 6 (build 750)
Linker/Locator:  ArmLink.exe V5.06 update 6 (build 750)
Library Manager: ArmAr.exe V5.06 update 6 (build 750)
Hex Converter:   FromElf.exe V5.06 update 6 (build 750)
CPU DLL:         
Dialog DLL:      
Target DLL:      Segger\JL2CM3.dll V2.99.38.0
Dialog DLL:      TCM.DLL V1.46.0.0
 
<h2>Project:</h2>
C:\Users\Jona Cappelle\Box\NOMADe\SOFTWARE\nRF5_SDK_17.0.2_d674dde\examples\ble_central\nRF52-DCU\pca10040\s132\arm5_no_packs\ble_app_uart_c_pca10040_s132.uvprojx
Project File Date:  03/31/2021

<h2>Output:</h2>
*** Using Compiler 'V5.06 update 6 (build 750)', folder: 'C:\Keil_v5\ARM\ARMCC\Bin'
Build target 'nrf52832_xxaa'
compiling main.c...
..\..\..\main.c(634): warning:  #546-D: transfer of control bypasses initialization of:
            variable "phys"  (declared at line 663)
      switch (p_ble_evt->header.evt_id)
      ^
..\..\..\main.c(1135): warning:  #177-D: variable "err_code"  was declared but never referenced
  	uint32_t err_code;
..\..\..\main.c(366): warning:  #177-D: function "ble_nus_chars_received_uart_print"  was declared but never referenced
  static void ble_nus_chars_received_uart_print(uint8_t * p_data, uint16_t data_len)
..\..\..\main.c(862): warning:  #177-D: function "uart_init"  was declared but never referenced
  static void uart_init(void)
..\..\..\main.c(1048): warning:  #177-D: function "gpio_init"  was declared but never referenced
  static void gpio_init(void)
..\..\..\main.c: 5 warnings, 0 errors
linking...
Program Size: Code=33008 RO-data=4512 RW-data=2008 ZI-data=24872  
FromELF: creating hex file...
".\_build\nrf52832_xxaa.axf" - 0 Error(s), 5 Warning(s).

<h2>Software Packages used:</h2>

Package Vendor: ARM
                http://www.keil.com/pack/ARM.CMSIS.5.6.0.pack
                ARM.CMSIS.5.6.0
                CMSIS (Cortex Microcontroller Software Interface Standard)
   * Component: CORE Version: 5.3.0

Package Vendor: NordicSemiconductor
                http://developer.nordicsemi.com/nRF5_SDK/pieces/nRF_DeviceFamilyPack/NordicSemiconductor.nRF_DeviceFamilyPack.8.35.0.pack
                NordicSemiconductor.nRF_DeviceFamilyPack.8.35.0
                Nordic Semiconductor nRF ARM devices Device Family Pack with BSD license.
   * Component: Startup Version: 8.35.0

<h2>Collection of Component include folders:</h2>
  .\RTE\_nrf52832_xxaa
  C:\Users\Jona Cappelle\AppData\Local\Arm\Packs\ARM\CMSIS\5.6.0\CMSIS\Core\Include
  C:\Users\Jona Cappelle\AppData\Local\Arm\Packs\NordicSemiconductor\nRF_DeviceFamilyPack\8.35.0\Device\Include

<h2>Collection of Component Files used:</h2>

   * Component: ARM::CMSIS:CORE:5.3.0

   * Component: NordicSemiconductor::Device:Startup:8.35.0
      Source file:   Device\Source\arm\arm_startup_nrf52.s
      Include file:  Device\Include\system_nrf52.h
      Include file:  Device\Include\system_nrf.h
      Source file:   Device\Source\system_nrf52.c
Build Time Elapsed:  00:00:17
</pre>
</body>
</html>
