Archive member included to satisfy reference by file (symbol)

c:/program files (x86)/gnu arm embedded toolchain/10 2020-q4-major/bin/../lib/gcc/arm-none-eabi/10.2.1/../../../../arm-none-eabi/lib/thumb/v7e-m+fp/hard\libc_nano.a(lib_a-atoi.o)
                              _build/nrf52832_xxaa/usr_uart.c.o (atoi)
c:/program files (x86)/gnu arm embedded toolchain/10 2020-q4-major/bin/../lib/gcc/arm-none-eabi/10.2.1/../../../../arm-none-eabi/lib/thumb/v7e-m+fp/hard\libc_nano.a(lib_a-ctype_.o)
                              _build/nrf52832_xxaa/nrf_log_str_formatter.c.o (_ctype_)
c:/program files (x86)/gnu arm embedded toolchain/10 2020-q4-major/bin/../lib/gcc/arm-none-eabi/10.2.1/../../../../arm-none-eabi/lib/thumb/v7e-m+fp/hard\libc_nano.a(lib_a-exit.o)
                              c:/program files (x86)/gnu arm embedded toolchain/10 2020-q4-major/bin/../lib/gcc/arm-none-eabi/10.2.1/../../../../arm-none-eabi/lib/thumb/v7e-m+fp/hard/crt0.o (exit)
c:/program files (x86)/gnu arm embedded toolchain/10 2020-q4-major/bin/../lib/gcc/arm-none-eabi/10.2.1/../../../../arm-none-eabi/lib/thumb/v7e-m+fp/hard\libc_nano.a(lib_a-impure.o)
                              c:/program files (x86)/gnu arm embedded toolchain/10 2020-q4-major/bin/../lib/gcc/arm-none-eabi/10.2.1/../../../../arm-none-eabi/lib/thumb/v7e-m+fp/hard\libc_nano.a(lib_a-exit.o) (_global_impure_ptr)
c:/program files (x86)/gnu arm embedded toolchain/10 2020-q4-major/bin/../lib/gcc/arm-none-eabi/10.2.1/../../../../arm-none-eabi/lib/thumb/v7e-m+fp/hard\libc_nano.a(lib_a-init.o)
                              c:/program files (x86)/gnu arm embedded toolchain/10 2020-q4-major/bin/../lib/gcc/arm-none-eabi/10.2.1/../../../../arm-none-eabi/lib/thumb/v7e-m+fp/hard/crt0.o (__libc_init_array)
c:/program files (x86)/gnu arm embedded toolchain/10 2020-q4-major/bin/../lib/gcc/arm-none-eabi/10.2.1/../../../../arm-none-eabi/lib/thumb/v7e-m+fp/hard\libc_nano.a(lib_a-memcmp.o)
                              _build/nrf52832_xxaa/ble_advdata.c.o (memcmp)
c:/program files (x86)/gnu arm embedded toolchain/10 2020-q4-major/bin/../lib/gcc/arm-none-eabi/10.2.1/../../../../arm-none-eabi/lib/thumb/v7e-m+fp/hard\libc_nano.a(lib_a-memcpy-stub.o)
                              _build/nrf52832_xxaa/usr_ble.c.o (memcpy)
c:/program files (x86)/gnu arm embedded toolchain/10 2020-q4-major/bin/../lib/gcc/arm-none-eabi/10.2.1/../../../../arm-none-eabi/lib/thumb/v7e-m+fp/hard\libc_nano.a(lib_a-memset.o)
                              c:/program files (x86)/gnu arm embedded toolchain/10 2020-q4-major/bin/../lib/gcc/arm-none-eabi/10.2.1/../../../../arm-none-eabi/lib/thumb/v7e-m+fp/hard/crt0.o (memset)
c:/program files (x86)/gnu arm embedded toolchain/10 2020-q4-major/bin/../lib/gcc/arm-none-eabi/10.2.1/../../../../arm-none-eabi/lib/thumb/v7e-m+fp/hard\libc_nano.a(lib_a-nano-vfprintf_float.o)
                              (_printf_float)
c:/program files (x86)/gnu arm embedded toolchain/10 2020-q4-major/bin/../lib/gcc/arm-none-eabi/10.2.1/../../../../arm-none-eabi/lib/thumb/v7e-m+fp/hard\libc_nano.a(lib_a-nano-vfprintf_i.o)
                              c:/program files (x86)/gnu arm embedded toolchain/10 2020-q4-major/bin/../lib/gcc/arm-none-eabi/10.2.1/../../../../arm-none-eabi/lib/thumb/v7e-m+fp/hard\libc_nano.a(lib_a-nano-vfprintf_float.o) (_printf_common)
c:/program files (x86)/gnu arm embedded toolchain/10 2020-q4-major/bin/../lib/gcc/arm-none-eabi/10.2.1/../../../../arm-none-eabi/lib/thumb/v7e-m+fp/hard\libc_nano.a(lib_a-sprintf.o)
                              _build/nrf52832_xxaa/usr_ble.c.o (sprintf)
c:/program files (x86)/gnu arm embedded toolchain/10 2020-q4-major/bin/../lib/gcc/arm-none-eabi/10.2.1/../../../../arm-none-eabi/lib/thumb/v7e-m+fp/hard\libc_nano.a(lib_a-strcmp.o)
                              _build/nrf52832_xxaa/nrf_ble_scan.c.o (strcmp)
c:/program files (x86)/gnu arm embedded toolchain/10 2020-q4-major/bin/../lib/gcc/arm-none-eabi/10.2.1/../../../../arm-none-eabi/lib/thumb/v7e-m+fp/hard\libc_nano.a(lib_a-strcpy.o)
                              _build/nrf52832_xxaa/SEGGER_RTT.c.o (strcpy)
c:/program files (x86)/gnu arm embedded toolchain/10 2020-q4-major/bin/../lib/gcc/arm-none-eabi/10.2.1/../../../../arm-none-eabi/lib/thumb/v7e-m+fp/hard\libc_nano.a(lib_a-strlen.o)
                              _build/nrf52832_xxaa/usr_uart.c.o (strlen)
c:/program files (x86)/gnu arm embedded toolchain/10 2020-q4-major/bin/../lib/gcc/arm-none-eabi/10.2.1/../../../../arm-none-eabi/lib/thumb/v7e-m+fp/hard\libc_nano.a(lib_a-strtol.o)
                              c:/program files (x86)/gnu arm embedded toolchain/10 2020-q4-major/bin/../lib/gcc/arm-none-eabi/10.2.1/../../../../arm-none-eabi/lib/thumb/v7e-m+fp/hard\libc_nano.a(lib_a-atoi.o) (_strtol_r)
c:/program files (x86)/gnu arm embedded toolchain/10 2020-q4-major/bin/../lib/gcc/arm-none-eabi/10.2.1/../../../../arm-none-eabi/lib/thumb/v7e-m+fp/hard\libc_nano.a(lib_a-dtoa.o)
[...]
Memory Configuration

Name             Origin             Length             Attributes
FLASH            0x00026000         0x0005a000         xr
RAM              0x20008f88         0x00007078         xrw
*default*        0x00000000         0xffffffff

Linker script and memory map


.text           0x00026000    0x1a9b8
 *(.isr_vector)
 .isr_vector    0x00026000      0x200 _build/nrf52832_xxaa/gcc_startup_nrf52.S.o
                0x00026000                __isr_vector
 *(.text*)
 .text          0x00026200       0x40 c:/program files (x86)/gnu arm embedded toolchain/10 2020-q4-major/bin/../lib/gcc/arm-none-eabi/10.2.1/thumb/v7e-m+fp/hard/crtbegin.o
 .text          0x00026240       0x7c c:/program files (x86)/gnu arm embedded toolchain/10 2020-q4-major/bin/../lib/gcc/arm-none-eabi/10.2.1/../../../../arm-none-eabi/lib/thumb/v7e-m+fp/hard/crt0.o
                0x00026240                _stack_init
                0x00026248                _start
                0x00026248                _mainCRTStartup
 .text.gatt_error_handler
                0x000262bc       0x2a _build/nrf52832_xxaa/ble_bas_c.c.o
 .text.on_read_rsp
                0x000262e6       0x50 _build/nrf52832_xxaa/ble_bas_c.c.o
 .text.on_hvx   0x00026336       0x52 _build/nrf52832_xxaa/ble_bas_c.c.o
 .text.ble_bas_on_db_disc_evt
                0x00026388       0xd2 _build/nrf52832_xxaa/ble_bas_c.c.o
                0x00026388                ble_bas_on_db_disc_evt
 *fill*         0x0002645a        0x2 
 .text.cccd_configure
                0x0002645c       0x74 _build/nrf52832_xxaa/ble_bas_c.c.o
 .text.ble_bas_c_init
                0x000264d0       0x68 _build/nrf52832_xxaa/ble_bas_c.c.o
                0x000264d0                ble_bas_c_init
 .text.on_disconnected
                0x00026538       0x36 _build/nrf52832_xxaa/ble_bas_c.c.o
 .text.ble_bas_c_on_ble_evt
                0x0002656e       0x5a _build/nrf52832_xxaa/ble_bas_c.c.o
                0x0002656e                ble_bas_c_on_ble_evt
 .text.ble_bas_c_bl_notif_enable
                0x000265c8       0x34 _build/nrf52832_xxaa/ble_bas_c.c.o
                0x000265c8                ble_bas_c_bl_notif_enable
 .text.ble_bas_c_bl_read
                0x000265fc       0x64 _build/nrf52832_xxaa/ble_bas_c.c.o
                0x000265fc                ble_bas_c_bl_read
 .text.ble_bas_c_handles_assign
                0x00026660       0x46 _build/nrf52832_xxaa/ble_bas_c.c.o
                0x00026660                ble_bas_c_handles_assign
 .text.sd_ble_gap_conn_param_update
                0x000266a6        0x8 _build/nrf52832_xxaa/usr_ble.c.o
 .text.sd_ble_gap_disconnect
                0x000266ae        0x8 _build/nrf52832_xxaa/usr_ble.c.o
 .text.sd_ble_gap_sec_params_reply
                0x000266b6        0x8 _build/nrf52832_xxaa/usr_ble.c.o
 .text.sd_ble_gap_phy_update
                0x000266be        0x8 _build/nrf52832_xxaa/usr_ble.c.o
 .text.nrf_gpio_pin_port_decode
                0x000266c6       0x18 _build/nrf52832_xxaa/usr_ble.c.o
 .text.nrf_gpio_pin_set
                0x000266de       0x2a _build/nrf52832_xxaa/usr_ble.c.o
 .text.nrf_gpio_pin_clear
                0x00026708       0x2a _build/nrf52832_xxaa/usr_ble.c.o
 .text.nrf_gpio_port_out_set
                0x00026732       0x1e _build/nrf52832_xxaa/usr_ble.c.o
 .text.nrf_gpio_port_out_clear
                0x00026750       0x1e _build/nrf52832_xxaa/usr_ble.c.o
 *fill*         0x0002676e        0x2 
 .text.timer_init
                0x00026770       0x2c _build/nrf52832_xxaa/usr_ble.c.o
                0x00026770                timer_init
 .text.nus_error_handler
                0x0002679c       0x20 _build/nrf52832_xxaa/usr_ble.c.o
 .text.scan_start
                0x000267bc       0x50 _build/nrf52832_xxaa/usr_ble.c.o
                0x000267bc                scan_start
 .text.scan_evt_handler
                0x0002680c       0xf4 _build/nrf52832_xxaa/usr_ble.c.o
 .text.scan_init
                0x00026900       0xb4 _build/nrf52832_xxaa/usr_ble.c.o
                0x00026900                scan_init
 .text.db_disc_handler
                0x000269b4       0x58 _build/nrf52832_xxaa/usr_ble.c.o
 .text.bas_c_evt_handler
                0x00026a0c      0x1c4 _build/nrf52832_xxaa/usr_ble.c.o
 .text.bas_c_init
                0x00026bd0       0x50 _build/nrf52832_xxaa/usr_ble.c.o
 .text.ble_nus_c_evt_handler
                0x00026c20       0xe8 _build/nrf52832_xxaa/usr_ble.c.o
 .text.ble_evt_handler
                0x00026d08      0x440 _build/nrf52832_xxaa/usr_ble.c.o
 .text.ble_stack_init
                0x00027148       0x74 _build/nrf52832_xxaa/usr_ble.c.o
                0x00027148                ble_stack_init
 .text.gatt_evt_handler
                0x000271bc       0x74 _build/nrf52832_xxaa/usr_ble.c.o
                0x000271bc                gatt_evt_handler
 .text.gatt_init
                0x00027230       0x5c _build/nrf52832_xxaa/usr_ble.c.o
                0x00027230                gatt_init
 .text.db_discovery_init
                0x0002728c       0x50 _build/nrf52832_xxaa/usr_ble.c.o
                0x0002728c                db_discovery_init
 .text.queue_process_packet
                0x000272dc       0x74 _build/nrf52832_xxaa/usr_ble.c.o
 .text.thingy_tes_c_evt_handler
                0x00027350      0x3c4 _build/nrf52832_xxaa/usr_ble.c.o
                0x00027350                thingy_tes_c_evt_handler
 .text.thingy_tes_c_init
                0x00027714       0x60 _build/nrf52832_xxaa/usr_ble.c.o
                0x00027714                thingy_tes_c_init
 .text.nus_c_init
                0x00027774       0x74 _build/nrf52832_xxaa/usr_ble.c.o
 .text.services_init
                0x000277e8       0x14 _build/nrf52832_xxaa/usr_ble.c.o
                0x000277e8                services_init
 .text.usr_ble_handles_assign
                0x000277fc       0x5c _build/nrf52832_xxaa/usr_ble.c.o
                0x000277fc                usr_ble_handles_assign
 .text.usr_enable_notif
                0x00027858       0xd4 _build/nrf52832_xxaa/usr_ble.c.o
                0x00027858                usr_enable_notif
 .text.usr_ble_config_send
                0x0002792c       0x74 _build/nrf52832_xxaa/usr_ble.c.o
                0x0002792c                usr_ble_config_send
 .text.usr_ble_disconnect
                0x000279a0       0x64 _build/nrf52832_xxaa/usr_ble.c.o
                0x000279a0                usr_ble_disconnect
 .text.received_data_buffers_init
                0x00027a04       0x40 _build/nrf52832_xxaa/usr_ble.c.o
                0x00027a04                received_data_buffers_init
 .text.schedule
                0x00027a44       0x5c _build/nrf52832_xxaa/usr_ble.c.o
                0x00027a44                schedule
 .text.imu_uart_sceduled
                0x00027aa0      0x248 _build/nrf52832_xxaa/usr_ble.c.o
                0x00027aa0                imu_uart_sceduled
 .text.usr_ble_print_settings
                0x00027ce8      0x120 _build/nrf52832_xxaa/usr_ble.c.o
                0x00027ce8                usr_ble_print_settings
 .text.usr_ble_print_connection_handles
                0x00027e08       0x68 _build/nrf52832_xxaa/usr_ble.c.o
                0x00027e08                usr_ble_print_connection_handles
 .text.set_config_sync_enable
                0x00027e70       0x20 _build/nrf52832_xxaa/usr_ble.c.o
                0x00027e70                set_config_sync_enable
 .text.set_config_adc_enable
                0x00027e90       0x24 _build/nrf52832_xxaa/usr_ble.c.o
                0x00027e90                set_config_adc_enable
 .text.set_config_gyro_enable
                0x00027eb4       0x20 _build/nrf52832_xxaa/usr_ble.c.o
                0x00027eb4                set_config_gyro_enable
 .text.set_config_accel_enable
                0x00027ed4       0x20 _build/nrf52832_xxaa/usr_ble.c.o
                0x00027ed4                set_config_accel_enable
 .text.set_config_mag_enable
                0x00027ef4       0x20 _build/nrf52832_xxaa/usr_ble.c.o
                0x00027ef4                set_config_mag_enable
 .text.set_config_quat6_enable
                0x00027f14       0x20 _build/nrf52832_xxaa/usr_ble.c.o
                0x00027f14                set_config_quat6_enable
 .text.set_config_quat9_enable
                0x00027f34       0x20 _build/nrf52832_xxaa/usr_ble.c.o
                0x00027f34                set_config_quat9_enable
 .text.set_config_wom_enable
                0x00027f54       0x20 _build/nrf52832_xxaa/usr_ble.c.o
                0x00027f54                set_config_wom_enable
 .text.set_config_frequency
                0x00027f74       0x20 _build/nrf52832_xxaa/usr_ble.c.o
                0x00027f74                set_config_frequency
 .text.set_config_reset
                0x00027f94       0x58 _build/nrf52832_xxaa/usr_ble.c.o
                0x00027f94                set_config_reset
 .text.config_send
                0x00027fec      0x238 _build/nrf52832_xxaa/usr_ble.c.o
                0x00027fec                config_send
 .text.imu_disconnect
                0x00028224       0x90 _build/nrf52832_xxaa/usr_ble.c.o
                0x00028224                imu_disconnect
 .text.nrf_gpiote_task_set
                0x000282b4       0x26 _build/nrf52832_xxaa/usr_time_sync.c.o
 .text.nrf_gpiote_task_addr_get
                0x000282da       0x20 _build/nrf52832_xxaa/usr_time_sync.c.o
 *fill*         0x000282fa        0x2 
 .text.nrf_gpiote_task_enable
                0x000282fc       0x38 _build/nrf52832_xxaa/usr_time_sync.c.o
 .text.nrf_gpiote_task_configure
                0x00028334       0x7c _build/nrf52832_xxaa/usr_time_sync.c.o
 .text.ts_imu_trigger_enable
                0x000283b0       0xb4 _build/nrf52832_xxaa/usr_time_sync.c.o
                0x000283b0                ts_imu_trigger_enable
 .text.ts_imu_trigger_disable
                0x00028464       0x18 _build/nrf52832_xxaa/usr_time_sync.c.o
                0x00028464                ts_imu_trigger_disable
 .text.ts_get_imu_trigger_enabled
                0x0002847c       0x18 _build/nrf52832_xxaa/usr_time_sync.c.o
                0x0002847c                ts_get_imu_trigger_enabled
 .text.ts_evt_callback
                0x00028494      0x144 _build/nrf52832_xxaa/usr_time_sync.c.o
 .text.sync_timer_init
                0x000285d8       0xe0 _build/nrf52832_xxaa/usr_time_sync.c.o
                0x000285d8                sync_timer_init
 .text.ts_print_sync_time
                0x000286b8       0x7c _build/nrf52832_xxaa/usr_time_sync.c.o
                0x000286b8                ts_print_sync_time
 .text.libuarte_rtc_handler
                0x00028734       0x34 _build/nrf52832_xxaa/usr_uart.c.o
 .text.uart_buffer_init
                0x00028768       0x68 _build/nrf52832_xxaa/usr_uart.c.o
 .text.uart_print
                0x000287d0       0x54 _build/nrf52832_xxaa/usr_uart.c.o
                0x000287d0                uart_print
 .text.uart_rx_to_cmd
                0x00028824       0xd8 _build/nrf52832_xxaa/usr_uart.c.o
                0x00028824                uart_rx_to_cmd
 .text.uart_event_handler
                0x000288fc      0x1f8 _build/nrf52832_xxaa/usr_uart.c.o
                0x000288fc                uart_event_handler
 .text.libuarte_init
                0x00028af4       0xb0 _build/nrf52832_xxaa/usr_uart.c.o
                0x00028af4                libuarte_init
 .text.uart_tx  0x00028ba4       0x70 _build/nrf52832_xxaa/usr_uart.c.o
                0x00028ba4                uart_tx
 .text.uart_queued_tx
                0x00028c14       0xd4 _build/nrf52832_xxaa/usr_uart.c.o
                0x00028c14                uart_queued_tx
 .text.uart_rx_buff_read
                0x00028ce8       0x24 _build/nrf52832_xxaa/usr_uart.c.o
                0x00028ce8                uart_rx_buff_read
 .text.uart_rx_buff_get
                0x00028d0c       0x20 _build/nrf52832_xxaa/usr_uart.c.o
                0x00028d0c                uart_rx_buff_get
 .text.__NVIC_EnableIRQ
                0x00028d2c       0x3c _build/nrf52832_xxaa/nrfx_rtc.c.o
 .text.__NVIC_SetPriority
                0x00028d68       0x54 _build/nrf52832_xxaa/nrfx_rtc.c.o
 .text._NRFX_IRQ_PRIORITY_SET
                0x00028dbc       0x26 _build/nrf52832_xxaa/nrfx_rtc.c.o
 .text._NRFX_IRQ_ENABLE
                0x00028de2       0x1c _build/nrf52832_xxaa/nrfx_rtc.c.o
 .text.nrf_rtc_cc_set
                0x00028dfe       0x26 _build/nrf52832_xxaa/nrfx_rtc.c.o
 .text.nrf_rtc_int_enable
                0x00028e24       0x1e _build/nrf52832_xxaa/nrfx_rtc.c.o
 .text.nrf_rtc_int_disable
                0x00028e42       0x1e _build/nrf52832_xxaa/nrfx_rtc.c.o
 .text.nrf_rtc_int_is_enabled
                0x00028e60       0x20 _build/nrf52832_xxaa/nrfx_rtc.c.o
 .text.nrf_rtc_event_pending
                0x00028e80       0x20 _build/nrf52832_xxaa/nrfx_rtc.c.o
 .text.nrf_rtc_event_clear
                0x00028ea0       0x2e _build/nrf52832_xxaa/nrfx_rtc.c.o
 .text.nrf_rtc_counter_get
                0x00028ece       0x1a _build/nrf52832_xxaa/nrfx_rtc.c.o
 .text.nrf_rtc_prescaler_set
                0x00028ee8       0x1e _build/nrf52832_xxaa/nrfx_rtc.c.o
 .text.nrf_rtc_event_enable
                0x00028f06       0x1e _build/nrf52832_xxaa/nrfx_rtc.c.o
 .text.nrf_rtc_event_disable
                0x00028f24       0x1e _build/nrf52832_xxaa/nrfx_rtc.c.o
 *fill*         0x00028f42        0x2 
 .text.nrfx_rtc_init
                0x00028f44       0xc4 _build/nrf52832_xxaa/nrfx_rtc.c.o
                0x00028f44                nrfx_rtc_init
 .text.nrfx_rtc_cc_set
                0x00029008      0x104 _build/nrf52832_xxaa/nrfx_rtc.c.o
                0x00029008                nrfx_rtc_cc_set
 .text.irq_handler
                0x0002910c      0x100 _build/nrf52832_xxaa/nrfx_rtc.c.o
 .text.RTC0_IRQHandler
                0x0002920c       0x18 _build/nrf52832_xxaa/nrfx_rtc.c.o
                0x0002920c                RTC0_IRQHandler
 .text.RTC2_IRQHandler
                0x00029224       0x18 _build/nrf52832_xxaa/nrfx_rtc.c.o
                0x00029224                RTC2_IRQHandler
 .text.__NVIC_EnableIRQ
                0x0002923c       0x3c _build/nrf52832_xxaa/nrfx_timer.c.o
 .text.__NVIC_SetPriority
                0x00029278       0x54 _build/nrf52832_xxaa/nrfx_timer.c.o
 .text.nrfx_get_irq_number
                0x000292cc       0x1a _build/nrf52832_xxaa/nrfx_timer.c.o
 .text._NRFX_IRQ_PRIORITY_SET
                0x000292e6       0x26 _build/nrf52832_xxaa/nrfx_timer.c.o
 .text._NRFX_IRQ_ENABLE
                0x0002930c       0x1c _build/nrf52832_xxaa/nrfx_timer.c.o
 .text.nrf_timer_task_trigger
                0x00029328       0x22 _build/nrf52832_xxaa/nrfx_timer.c.o
 .text.nrf_timer_event_clear
                0x0002934a       0x2e _build/nrf52832_xxaa/nrfx_timer.c.o
 .text.nrf_timer_event_check
                0x00029378       0x2a _build/nrf52832_xxaa/nrfx_timer.c.o
 .text.nrf_timer_int_enable
                0x000293a2       0x1e _build/nrf52832_xxaa/nrfx_timer.c.o
 .text.nrf_timer_int_disable
                0x000293c0       0x1e _build/nrf52832_xxaa/nrfx_timer.c.o
 .text.nrf_timer_int_enable_check
                0x000293de       0x2a _build/nrf52832_xxaa/nrfx_timer.c.o
 .text.nrf_timer_mode_set
                0x00029408       0x30 _build/nrf52832_xxaa/nrfx_timer.c.o
 .text.nrf_timer_bit_width_set
                0x00029438       0x30 _build/nrf52832_xxaa/nrfx_timer.c.o
 .text.nrf_timer_frequency_set
                0x00029468       0x30 _build/nrf52832_xxaa/nrfx_timer.c.o
 .text.nrf_timer_cc_write
                0x00029498       0x28 _build/nrf52832_xxaa/nrfx_timer.c.o
 .text.nrf_timer_compare_event_get
                0x000294c0       0x1e _build/nrf52832_xxaa/nrfx_timer.c.o
 .text.nrf_timer_compare_int_get
                0x000294de       0x1e _build/nrf52832_xxaa/nrfx_timer.c.o
 .text.nrfx_timer_init
                0x000294fc       0xe0 _build/nrf52832_xxaa/nrfx_timer.c.o
                0x000294fc                nrfx_timer_init
 .text.nrfx_timer_enable
                0x000295dc       0x38 _build/nrf52832_xxaa/nrfx_timer.c.o
                0x000295dc                nrfx_timer_enable
 .text.nrfx_timer_clear
                0x00029614       0x1c _build/nrf52832_xxaa/nrfx_timer.c.o
                0x00029614                nrfx_timer_clear
 .text.nrfx_timer_compare
                0x00029630       0x6a _build/nrf52832_xxaa/nrfx_timer.c.o
                0x00029630                nrfx_timer_compare
 .text.irq_handler
                0x0002969a       0x78 _build/nrf52832_xxaa/nrfx_timer.c.o
 *fill*         0x00029712        0x2 
 .text.TIMER0_IRQHandler
                0x00029714       0x1c _build/nrf52832_xxaa/nrfx_timer.c.o
                0x00029714                TIMER0_IRQHandler
 .text.TIMER1_IRQHandler
                0x00029730       0x1c _build/nrf52832_xxaa/nrfx_timer.c.o
                0x00029730                TIMER1_IRQHandler
 .text.__NVIC_EnableIRQ
                0x0002974c       0x3c _build/nrf52832_xxaa/nrf_libuarte_async.c.o
 .text.__NVIC_DisableIRQ
                0x00029788       0x48 _build/nrf52832_xxaa/nrf_libuarte_async.c.o
 .text._NRFX_IRQ_ENABLE
                0x000297d0       0x1c _build/nrf52832_xxaa/nrf_libuarte_async.c.o
 .text._NRFX_IRQ_DISABLE
                0x000297ec       0x1c _build/nrf52832_xxaa/nrf_libuarte_async.c.o
 .text.nrf_timer_task_trigger
                0x00029808       0x22 _build/nrf52832_xxaa/nrf_libuarte_async.c.o
 .text.nrf_timer_task_address_get
                0x0002982a       0x1e _build/nrf52832_xxaa/nrf_libuarte_async.c.o
 .text.nrf_timer_event_address_get
                0x00029848       0x1e _build/nrf52832_xxaa/nrf_libuarte_async.c.o
 .text.nrf_timer_compare_event_get
                0x00029866       0x1e _build/nrf52832_xxaa/nrf_libuarte_async.c.o
 .text.nrfx_timer_task_address_get
                0x00029884       0x24 _build/nrf52832_xxaa/nrf_libuarte_async.c.o
 .text.nrfx_timer_compare_event_address_get
                0x000298a8       0x28 _build/nrf52832_xxaa/nrf_libuarte_async.c.o
 .text.nrf_rtc_event_address_get
                0x000298d0       0x1e _build/nrf52832_xxaa/nrf_libuarte_async.c.o
 .text.nrf_rtc_task_address_get
                0x000298ee       0x1e _build/nrf52832_xxaa/nrf_libuarte_async.c.o
 .text.nrf_rtc_task_trigger
                0x0002990c       0x24 _build/nrf52832_xxaa/nrf_libuarte_async.c.o
 .text.nrfx_rtc_counter_clear
                0x00029930       0x1c _build/nrf52832_xxaa/nrf_libuarte_async.c.o
 .text.nrfx_rtc_task_address_get
                0x0002994c       0x24 _build/nrf52832_xxaa/nrf_libuarte_async.c.o
 .text.nrfx_rtc_event_address_get
                0x00029970       0x24 _build/nrf52832_xxaa/nrf_libuarte_async.c.o
 .text.nrf_uarte_event_address_get
                0x00029994       0x1e _build/nrf52832_xxaa/nrf_libuarte_async.c.o
 *fill*         0x000299b2        0x2 
 .text.irq_prio_inc
                0x000299b4       0x20 _build/nrf52832_xxaa/nrf_libuarte_async.c.o
 .text.app_timer_ticks_to_us
                0x000299d4       0xb8 _build/nrf52832_xxaa/nrf_libuarte_async.c.o
 .text.app_timer_us_to_ticks
                0x00029a8c       0x3c _build/nrf52832_xxaa/nrf_libuarte_async.c.o
 .text.rx_buffer_schedule
                0x00029ac8       0x60 _build/nrf52832_xxaa/nrf_libuarte_async.c.o
 .text.uart_evt_handler
                0x00029b28      0x1f8 _build/nrf52832_xxaa/nrf_libuarte_async.c.o
 .text.nrf_libuarte_async_timeout_handler
                0x00029d20       0x98 _build/nrf52832_xxaa/nrf_libuarte_async.c.o
                0x00029d20                nrf_libuarte_async_timeout_handler
 .text.tmr_evt_handler
                0x00029db8       0x1a _build/nrf52832_xxaa/nrf_libuarte_async.c.o
 .text.app_timer_handler
                0x00029dd2       0xd4 _build/nrf52832_xxaa/nrf_libuarte_async.c.o
 *fill*         0x00029ea6        0x2 
 .text.nrf_libuarte_async_init
                0x00029ea8      0x3ec _build/nrf52832_xxaa/nrf_libuarte_async.c.o
                0x00029ea8                nrf_libuarte_async_init
 .text.nrf_libuarte_async_enable
                0x0002a294      0x140 _build/nrf52832_xxaa/nrf_libuarte_async.c.o
                0x0002a294                nrf_libuarte_async_enable
 .text.nrf_libuarte_async_tx
                0x0002a3d4       0x24 _build/nrf52832_xxaa/nrf_libuarte_async.c.o
                0x0002a3d4                nrf_libuarte_async_tx
 .text.nrf_libuarte_async_rx_free
                0x0002a3f8       0xcc _build/nrf52832_xxaa/nrf_libuarte_async.c.o
                0x0002a3f8                nrf_libuarte_async_rx_free
 .text.__NVIC_EnableIRQ
                0x0002a4c4       0x3c _build/nrf52832_xxaa/nrf_libuarte_drv.c.o
 .text.__NVIC_ClearPendingIRQ
                0x0002a500       0x3c _build/nrf52832_xxaa/nrf_libuarte_drv.c.o
 .text.__NVIC_SetPriority
                0x0002a53c       0x54 _build/nrf52832_xxaa/nrf_libuarte_drv.c.o
 .text.nrfx_get_irq_number
                0x0002a590       0x1a _build/nrf52832_xxaa/nrf_libuarte_drv.c.o
 .text.nrf_uarte_event_clear
                0x0002a5aa       0x2e _build/nrf52832_xxaa/nrf_libuarte_drv.c.o
 .text.nrf_uarte_event_check
                0x0002a5d8       0x2a _build/nrf52832_xxaa/nrf_libuarte_drv.c.o
 .text.nrf_uarte_event_address_get
                0x0002a602       0x1e _build/nrf52832_xxaa/nrf_libuarte_drv.c.o
 .text.nrf_uarte_int_enable
                0x0002a620       0x1e _build/nrf52832_xxaa/nrf_libuarte_drv.c.o
 .text.nrf_uarte_errorsrc_get_and_clear
                0x0002a63e       0x26 _build/nrf52832_xxaa/nrf_libuarte_drv.c.o
 .text.nrf_uarte_enable
                0x0002a664       0x1c _build/nrf52832_xxaa/nrf_libuarte_drv.c.o
 .text.nrf_uarte_txrx_pins_set
                0x0002a680       0x28 _build/nrf52832_xxaa/nrf_libuarte_drv.c.o
 .text.nrf_uarte_hwfc_pins_set
                0x0002a6a8       0x28 _build/nrf52832_xxaa/nrf_libuarte_drv.c.o
 .text.nrf_uarte_task_trigger
                0x0002a6d0       0x22 _build/nrf52832_xxaa/nrf_libuarte_drv.c.o
 .text.nrf_uarte_task_address_get
                0x0002a6f2       0x1e _build/nrf52832_xxaa/nrf_libuarte_drv.c.o
 .text.nrf_uarte_configure
                0x0002a710       0x2c _build/nrf52832_xxaa/nrf_libuarte_drv.c.o
 .text.nrf_uarte_baudrate_set
                0x0002a73c       0x1e _build/nrf52832_xxaa/nrf_libuarte_drv.c.o
 .text.nrf_uarte_tx_buffer_set
                0x0002a75a       0x28 _build/nrf52832_xxaa/nrf_libuarte_drv.c.o
 .text.nrf_uarte_tx_amount_get
                0x0002a782       0x1a _build/nrf52832_xxaa/nrf_libuarte_drv.c.o
 .text.nrf_uarte_rx_buffer_set
                0x0002a79c       0x28 _build/nrf52832_xxaa/nrf_libuarte_drv.c.o
 .text.nrf_ppi_task_group_enable_address_get
                0x0002a7c4       0x22 _build/nrf52832_xxaa/nrf_libuarte_drv.c.o
 .text.nrf_ppi_task_group_disable_address_get
                0x0002a7e6       0x24 _build/nrf52832_xxaa/nrf_libuarte_drv.c.o
 .text.nrfx_ppi_channel_to_mask
                0x0002a80a       0x1e _build/nrf52832_xxaa/nrf_libuarte_drv.c.o
 .text.nrfx_ppi_channel_include_in_group
                0x0002a828       0x2e _build/nrf52832_xxaa/nrf_libuarte_drv.c.o
 .text.nrfx_ppi_task_addr_group_enable_get
                0x0002a856       0x1c _build/nrf52832_xxaa/nrf_libuarte_drv.c.o
 .text.nrfx_ppi_task_addr_group_disable_get
                0x0002a872       0x1c _build/nrf52832_xxaa/nrf_libuarte_drv.c.o
 .text.nrf_timer_task_address_get
                0x0002a88e       0x1e _build/nrf52832_xxaa/nrf_libuarte_drv.c.o
 .text.nrf_timer_event_address_get
                0x0002a8ac       0x1e _build/nrf52832_xxaa/nrf_libuarte_drv.c.o
 .text.nrf_timer_cc_read
                0x0002a8ca       0x24 _build/nrf52832_xxaa/nrf_libuarte_drv.c.o
 .text.nrf_timer_capture_task_get
                0x0002a8ee       0x1c _build/nrf52832_xxaa/nrf_libuarte_drv.c.o
 .text.nrf_timer_compare_event_get
                0x0002a90a       0x1e _build/nrf52832_xxaa/nrf_libuarte_drv.c.o
 .text.nrfx_timer_task_address_get
                0x0002a928       0x24 _build/nrf52832_xxaa/nrf_libuarte_drv.c.o
 .text.nrfx_timer_capture_task_address_get
                0x0002a94c       0x28 _build/nrf52832_xxaa/nrf_libuarte_drv.c.o
 .text.nrfx_timer_compare_event_address_get
                0x0002a974       0x28 _build/nrf52832_xxaa/nrf_libuarte_drv.c.o
 .text.nrfx_timer_capture_get
                0x0002a99c       0x24 _build/nrf52832_xxaa/nrf_libuarte_drv.c.o
 .text.nrf_gpio_pin_port_decode
                0x0002a9c0       0x18 _build/nrf52832_xxaa/nrf_libuarte_drv.c.o
 .text.nrf_gpio_cfg
                0x0002a9d8       0x54 _build/nrf52832_xxaa/nrf_libuarte_drv.c.o
 .text.nrf_gpio_cfg_output
                0x0002aa2c       0x24 _build/nrf52832_xxaa/nrf_libuarte_drv.c.o
 .text.nrf_gpio_cfg_input
                0x0002aa50       0x28 _build/nrf52832_xxaa/nrf_libuarte_drv.c.o
 .text.nrf_gpio_pin_set
                0x0002aa78       0x2a _build/nrf52832_xxaa/nrf_libuarte_drv.c.o
 .text.nrf_gpio_port_out_set
                0x0002aaa2       0x1e _build/nrf52832_xxaa/nrf_libuarte_drv.c.o
 .text.ppi_channel_configure
                0x0002aac0       0x62 _build/nrf52832_xxaa/nrf_libuarte_drv.c.o
 .text.ppi_group_configure
                0x0002ab22       0x84 _build/nrf52832_xxaa/nrf_libuarte_drv.c.o
 .text.ppi_ch_free
                0x0002aba6       0x2e _build/nrf52832_xxaa/nrf_libuarte_drv.c.o
 .text.ppi_group_free
                0x0002abd4       0x22 _build/nrf52832_xxaa/nrf_libuarte_drv.c.o
 .text.ppi_free
                0x0002abf6       0x74 _build/nrf52832_xxaa/nrf_libuarte_drv.c.o
 .text.ppi_ch_enable
                0x0002ac6a       0x1c _build/nrf52832_xxaa/nrf_libuarte_drv.c.o
 .text.ppi_ch_disable
                0x0002ac86       0x1c _build/nrf52832_xxaa/nrf_libuarte_drv.c.o
 .text.rx_ppi_enable
                0x0002aca2       0x40 _build/nrf52832_xxaa/nrf_libuarte_drv.c.o
 .text.tx_ppi_enable
                0x0002ace2       0x40 _build/nrf52832_xxaa/nrf_libuarte_drv.c.o
 .text.tx_ppi_disable
                0x0002ad22       0x40 _build/nrf52832_xxaa/nrf_libuarte_drv.c.o
 .text.ppi_configure
                0x0002ad62      0x2fc _build/nrf52832_xxaa/nrf_libuarte_drv.c.o
 .text.tmr_evt_handler
                0x0002b05e       0x18 _build/nrf52832_xxaa/nrf_libuarte_drv.c.o
                0x0002b05e                tmr_evt_handler
 *fill*         0x0002b076        0x2 
 .text.nrf_libuarte_drv_init
                0x0002b078      0x260 _build/nrf52832_xxaa/nrf_libuarte_drv.c.o
                0x0002b078                nrf_libuarte_drv_init
 .text.nrf_libuarte_drv_tx
                0x0002b2d8      0x10c _build/nrf52832_xxaa/nrf_libuarte_drv.c.o
                0x0002b2d8                nrf_libuarte_drv_tx
 .text.nrf_libuarte_drv_rx_start
                0x0002b3e4       0xde _build/nrf52832_xxaa/nrf_libuarte_drv.c.o
                0x0002b3e4                nrf_libuarte_drv_rx_start
 .text.nrf_libuarte_drv_rx_buf_rsp
                0x0002b4c2       0x98 _build/nrf52832_xxaa/nrf_libuarte_drv.c.o
                0x0002b4c2                nrf_libuarte_drv_rx_buf_rsp
 .text.irq_handler
                0x0002b55a      0x322 _build/nrf52832_xxaa/nrf_libuarte_drv.c.o
 .text.libuarte_0_irq_handler
                0x0002b87c       0x18 _build/nrf52832_xxaa/nrf_libuarte_drv.c.o
                0x0002b87c                libuarte_0_irq_handler
 .text.nrf_gpio_pin_port_decode
                0x0002b894       0x18 _build/nrf52832_xxaa/usr_util.c.o
 .text.nrf_gpio_cfg
                0x0002b8ac       0x54 _build/nrf52832_xxaa/usr_util.c.o
 .text.nrf_gpio_cfg_output
                0x0002b900       0x24 _build/nrf52832_xxaa/usr_util.c.o
 .text.shutdown_handler
                0x0002b924       0x5c _build/nrf52832_xxaa/usr_util.c.o
 .text.bsp_event_handler
                0x0002b980       0x9c _build/nrf52832_xxaa/usr_util.c.o
                0x0002b980                bsp_event_handler
 .text.buttons_leds_init
                0x0002ba1c       0x54 _build/nrf52832_xxaa/usr_util.c.o
                0x0002ba1c                buttons_leds_init
 .text.usr_gpio_init
                0x0002ba70       0x32 _build/nrf52832_xxaa/usr_util.c.o
                0x0002ba70                usr_gpio_init
 .text.calculate_string_len
                0x0002baa2       0x32 _build/nrf52832_xxaa/usr_util.c.o
                0x0002baa2                calculate_string_len
 .text.scheduler_init
                0x0002bad4       0x38 _build/nrf52832_xxaa/usr_util.c.o
                0x0002bad4                scheduler_init
 .text.idle_state_handle
                0x0002bb0c       0x1c _build/nrf52832_xxaa/usr_util.c.o
                0x0002bb0c                idle_state_handle
 .text.power_management_init
                0x0002bb28       0x2c _build/nrf52832_xxaa/usr_util.c.o
                0x0002bb28                power_management_init
 .text.log_init
                0x0002bb54       0x58 _build/nrf52832_xxaa/usr_util.c.o
                0x0002bb54                log_init
 .text.uart_rx_scheduled
                0x0002bbac      0x77c _build/nrf52832_xxaa/usr_util.c.o
                0x0002bbac                uart_rx_scheduled
 .text.usr_map_adc_to_uint8
                0x0002c328       0x94 _build/nrf52832_xxaa/usr_util.c.o
                0x0002c328                usr_map_adc_to_uint8
 *fill*         0x0002c3bc        0x4 
 .text.usr_adc_voltage_to_percent
                0x0002c3c0       0xf0 _build/nrf52832_xxaa/usr_util.c.o
                0x0002c3c0                usr_adc_voltage_to_percent
 .text.nrf_ppi_channel_enable
                0x0002c4b0       0x28 _build/nrf52832_xxaa/nrfx_ppi.c.o
 .text.nrf_ppi_channel_disable
                0x0002c4d8       0x28 _build/nrf52832_xxaa/nrfx_ppi.c.o
 .text.nrf_ppi_channel_endpoint_setup
                0x0002c500       0x38 _build/nrf52832_xxaa/nrfx_ppi.c.o
 .text.nrf_ppi_fork_endpoint_setup
                0x0002c538       0x2c _build/nrf52832_xxaa/nrfx_ppi.c.o
 .text.nrf_ppi_channels_include_in_group
                0x0002c564       0x38 _build/nrf52832_xxaa/nrfx_ppi.c.o
 .text.nrf_ppi_group_enable
                0x0002c59c       0x24 _build/nrf52832_xxaa/nrfx_ppi.c.o
 .text.nrf_ppi_group_disable
                0x0002c5c0       0x28 _build/nrf52832_xxaa/nrfx_ppi.c.o
 .text.nrfx_ppi_channel_to_mask
                0x0002c5e8       0x1e _build/nrf52832_xxaa/nrfx_ppi.c.o
 .text.group_to_mask
                0x0002c606       0x1e _build/nrf52832_xxaa/nrfx_ppi.c.o
 .text.is_programmable_app_channel
                0x0002c624       0x2a _build/nrf52832_xxaa/nrfx_ppi.c.o
 .text.are_app_channels
                0x0002c64e       0x24 _build/nrf52832_xxaa/nrfx_ppi.c.o
 .text.is_app_channel
                0x0002c672       0x24 _build/nrf52832_xxaa/nrfx_ppi.c.o
 .text.is_app_group
                0x0002c696       0x2a _build/nrf52832_xxaa/nrfx_ppi.c.o
 .text.is_allocated_channel
                0x0002c6c0       0x30 _build/nrf52832_xxaa/nrfx_ppi.c.o
 .text.channel_allocated_set
                0x0002c6f0       0x2c _build/nrf52832_xxaa/nrfx_ppi.c.o
 .text.channel_allocated_clr
                0x0002c71c       0x2c _build/nrf52832_xxaa/nrfx_ppi.c.o
 .text.is_allocated_group
                0x0002c748       0x34 _build/nrf52832_xxaa/nrfx_ppi.c.o
 .text.group_allocated_set
                0x0002c77c       0x30 _build/nrf52832_xxaa/nrfx_ppi.c.o
 .text.group_allocated_clr
                0x0002c7ac       0x30 _build/nrf52832_xxaa/nrfx_ppi.c.o
 .text.nrfx_ppi_channel_alloc
                0x0002c7dc       0xa4 _build/nrf52832_xxaa/nrfx_ppi.c.o
                0x0002c7dc                nrfx_ppi_channel_alloc
 .text.nrfx_ppi_channel_free
                0x0002c880       0x58 _build/nrf52832_xxaa/nrfx_ppi.c.o
                0x0002c880                nrfx_ppi_channel_free
 .text.nrfx_ppi_channel_assign
                0x0002c8d8       0x6c _build/nrf52832_xxaa/nrfx_ppi.c.o
                0x0002c8d8                nrfx_ppi_channel_assign
 .text.nrfx_ppi_channel_fork_assign
                0x0002c944       0x3e _build/nrf52832_xxaa/nrfx_ppi.c.o
                0x0002c944                nrfx_ppi_channel_fork_assign
 .text.nrfx_ppi_channel_enable
                0x0002c982       0x62 _build/nrf52832_xxaa/nrfx_ppi.c.o
                0x0002c982                nrfx_ppi_channel_enable
 .text.nrfx_ppi_channel_disable
                0x0002c9e4       0x66 _build/nrf52832_xxaa/nrfx_ppi.c.o
                0x0002c9e4                nrfx_ppi_channel_disable
 .text.nrfx_ppi_group_alloc
                0x0002ca4a       0x9a _build/nrf52832_xxaa/nrfx_ppi.c.o
                0x0002ca4a                nrfx_ppi_group_alloc
 .text.nrfx_ppi_group_free
                0x0002cae4       0x70 _build/nrf52832_xxaa/nrfx_ppi.c.o
                0x0002cae4                nrfx_ppi_group_free
 .text.nrfx_ppi_group_enable
                0x0002cb54       0x54 _build/nrf52832_xxaa/nrfx_ppi.c.o
                0x0002cb54                nrfx_ppi_group_enable
 .text.nrfx_ppi_channels_include_in_group
                0x0002cba8       0x86 _build/nrf52832_xxaa/nrfx_ppi.c.o
                0x0002cba8                nrfx_ppi_channels_include_in_group
 .text.sd_ble_gattc_read
                0x0002cc2e        0x8 _build/nrf52832_xxaa/ble_tes_c.c.o
 .text.sd_ble_gattc_write
                0x0002cc36        0x8 _build/nrf52832_xxaa/ble_tes_c.c.o
 .text.sd_ble_uuid_vs_add
                0x0002cc3e        0x8 _build/nrf52832_xxaa/ble_tes_c.c.o
 *fill*         0x0002cc46        0x2 
 .text.tx_buffer_process
                0x0002cc48       0xb8 _build/nrf52832_xxaa/ble_tes_c.c.o
 .text.on_write_rsp
                0x0002cd00       0x24 _build/nrf52832_xxaa/ble_tes_c.c.o
 .text.on_hvx   0x0002cd24       0xc6 _build/nrf52832_xxaa/ble_tes_c.c.o
 .text.on_disconnected
                0x0002cdea       0xa2 _build/nrf52832_xxaa/ble_tes_c.c.o
 .text.ble_thingy_tes_on_db_disc_evt
                0x0002ce8c      0x30c _build/nrf52832_xxaa/ble_tes_c.c.o
                0x0002ce8c                ble_thingy_tes_on_db_disc_evt
 .text.ble_thingy_tes_c_init
                0x0002d198      0x110 _build/nrf52832_xxaa/ble_tes_c.c.o
                0x0002d198                ble_thingy_tes_c_init
 .text.ble_tes_c_on_ble_evt
                0x0002d2a8       0x5a _build/nrf52832_xxaa/ble_tes_c.c.o
                0x0002d2a8                ble_tes_c_on_ble_evt
 *fill*         0x0002d302        0x2 
 .text.cccd_configure_tes
                0x0002d304       0x90 _build/nrf52832_xxaa/ble_tes_c.c.o
 .text.ble_tes_c_quaternion_notif_enable
                0x0002d394       0x3c _build/nrf52832_xxaa/ble_tes_c.c.o
                0x0002d394                ble_tes_c_quaternion_notif_enable
 .text.ble_tes_c_adc_notif_enable
                0x0002d3d0       0x3c _build/nrf52832_xxaa/ble_tes_c.c.o
                0x0002d3d0                ble_tes_c_adc_notif_enable
 .text.ble_tes_c_euler_notif_enable
                0x0002d40c       0x3c _build/nrf52832_xxaa/ble_tes_c.c.o
                0x0002d40c                ble_tes_c_euler_notif_enable
 .text.ble_tes_c_raw_notif_enable
                0x0002d448       0x3c _build/nrf52832_xxaa/ble_tes_c.c.o
                0x0002d448                ble_tes_c_raw_notif_enable
 .text.ble_tes_config_set
                0x0002d484       0x70 _build/nrf52832_xxaa/ble_tes_c.c.o
                0x0002d484                ble_tes_config_set
 .text.ble_tes_c_handles_assign
                0x0002d4f4       0x64 _build/nrf52832_xxaa/ble_tes_c.c.o
                0x0002d4f4                ble_tes_c_handles_assign
 .text.nrf_atflags_set
                0x0002d558       0x32 _build/nrf52832_xxaa/nrf_atflags.c.o
                0x0002d558                nrf_atflags_set
 .text.nrf_atflags_clear
                0x0002d58a       0x34 _build/nrf52832_xxaa/nrf_atflags.c.o
                0x0002d58a                nrf_atflags_clear
 .text.nrf_atflags_get
                0x0002d5be       0x3a _build/nrf52832_xxaa/nrf_atflags.c.o
                0x0002d5be                nrf_atflags_get
 .text.bcs_internal_state_reset
                0x0002d5f8       0x18 _build/nrf52832_xxaa/ble_conn_state.c.o
                0x0002d5f8                bcs_internal_state_reset
 .text.conn_handle_list_get
                0x0002d610       0x6c _build/nrf52832_xxaa/ble_conn_state.c.o
                0x0002d610                conn_handle_list_get
 .text.active_flag_count
                0x0002d67c       0x3e _build/nrf52832_xxaa/ble_conn_state.c.o
                0x0002d67c                active_flag_count
 *fill*         0x0002d6ba        0x2 
 .text.record_activate
                0x0002d6bc       0x3c _build/nrf52832_xxaa/ble_conn_state.c.o
 .text.record_invalidate
                0x0002d6f8       0x40 _build/nrf52832_xxaa/ble_conn_state.c.o
 .text.record_set_disconnected
                0x0002d738       0x20 _build/nrf52832_xxaa/ble_conn_state.c.o
 .text.record_purge_disconnected
                0x0002d758       0x78 _build/nrf52832_xxaa/ble_conn_state.c.o
 .text.ble_conn_state_init
                0x0002d7d0        0xc _build/nrf52832_xxaa/ble_conn_state.c.o
                0x0002d7d0                ble_conn_state_init
 .text.flag_toggle
                0x0002d7dc       0x34 _build/nrf52832_xxaa/ble_conn_state.c.o
 .text.ble_evt_handler
                0x0002d810      0x12c _build/nrf52832_xxaa/ble_conn_state.c.o
 .text.ble_conn_state_central_conn_count
                0x0002d93c       0x30 _build/nrf52832_xxaa/ble_conn_state.c.o
                0x0002d93c                ble_conn_state_central_conn_count
 .text.ble_conn_state_central_handles
                0x0002d96c       0x38 _build/nrf52832_xxaa/ble_conn_state.c.o
                0x0002d96c                ble_conn_state_central_handles
 .text.__NVIC_EnableIRQ
                0x0002d9a4       0x3c _build/nrf52832_xxaa/time_sync.c.o
 .text.__NVIC_DisableIRQ
                0x0002d9e0       0x48 _build/nrf52832_xxaa/time_sync.c.o
 .text.__NVIC_ClearPendingIRQ
                0x0002da28       0x3c _build/nrf52832_xxaa/time_sync.c.o
 .text.__NVIC_SetPriority
                0x0002da64       0x54 _build/nrf52832_xxaa/time_sync.c.o
 .text.sd_power_mode_set
                0x0002dab8        0x8 _build/nrf52832_xxaa/time_sync.c.o
 .text.sd_clock_hfclk_request
                0x0002dac0        0x8 _build/nrf52832_xxaa/time_sync.c.o
 .text.sd_radio_session_open
                0x0002dac8        0x8 _build/nrf52832_xxaa/time_sync.c.o
 .text.sd_radio_session_close
                0x0002dad0        0x8 _build/nrf52832_xxaa/time_sync.c.o
 .text.sd_radio_request
                0x0002dad8        0x8 _build/nrf52832_xxaa/time_sync.c.o
 .text.nrf_ppi_channel_enable
                0x0002dae0       0x28 _build/nrf52832_xxaa/time_sync.c.o
 .text.nrf_ppi_channel_disable
                0x0002db08       0x28 _build/nrf52832_xxaa/time_sync.c.o
 .text.increment_desync_timeout
                0x0002db30       0x54 _build/nrf52832_xxaa/time_sync.c.o
 .text.tx_buf_get
                0x0002db84       0x48 _build/nrf52832_xxaa/time_sync.c.o
 .text.RADIO_IRQHandler
                0x0002dbcc       0xc0 _build/nrf52832_xxaa/time_sync.c.o
                0x0002dbcc                RADIO_IRQHandler
 .text.radio_callback
                0x0002dc8c      0x1fc _build/nrf52832_xxaa/time_sync.c.o
 .text.update_radio_parameters
                0x0002de88       0xd8 _build/nrf52832_xxaa/time_sync.c.o
 .text.timeslot_end_handler
                0x0002df60       0x2c _build/nrf52832_xxaa/time_sync.c.o
 .text.timeslot_begin_handler
                0x0002df8c       0xec _build/nrf52832_xxaa/time_sync.c.o
 .text.ts_on_sys_evt
                0x0002e078      0x1a4 _build/nrf52832_xxaa/time_sync.c.o
 .text.timestamp_counter_start
                0x0002e21c       0x48 _build/nrf52832_xxaa/time_sync.c.o
 .text.sync_timer_start
                0x0002e264       0x78 _build/nrf52832_xxaa/time_sync.c.o
 .text.ts_set_trigger
                0x0002e2dc       0x70 _build/nrf52832_xxaa/time_sync.c.o
                0x0002e2dc                ts_set_trigger
 .text.SWI3_EGU3_IRQHandler
                0x0002e34c      0x300 _build/nrf52832_xxaa/time_sync.c.o
                0x0002e34c                SWI3_EGU3_IRQHandler
 .text.sync_timer_offset_compensate
                0x0002e64c      0x134 _build/nrf52832_xxaa/time_sync.c.o
 .text.ppi_sync_timer_adjust_configure
                0x0002e780      0x108 _build/nrf52832_xxaa/time_sync.c.o
 .text.ppi_radio_rx_configure
                0x0002e888       0x64 _build/nrf52832_xxaa/time_sync.c.o
 .text.ppi_radio_tx_configure
                0x0002e8ec       0x64 _build/nrf52832_xxaa/time_sync.c.o
 .text.ppi_timestamp_timer_configure
                0x0002e950       0x64 _build/nrf52832_xxaa/time_sync.c.o
 .text.ppi_counter_timer_capture_configure
                0x0002e9b4       0x64 _build/nrf52832_xxaa/time_sync.c.o
 .text.ppi_counter_timer_capture_disable
                0x0002ea18       0x4c _build/nrf52832_xxaa/time_sync.c.o
 .text.ppi_radio_rx_disable
                0x0002ea64       0x2c _build/nrf52832_xxaa/time_sync.c.o
 .text.ppi_sync_timer_adjust_enable
                0x0002ea90       0x24 _build/nrf52832_xxaa/time_sync.c.o
 .text.ppi_sync_trigger_configure
                0x0002eab4       0x48 _build/nrf52832_xxaa/time_sync.c.o
 .text.timers_capture
                0x0002eafc      0x100 _build/nrf52832_xxaa/time_sync.c.o
 .text.ts_init  0x0002ebfc       0xbc _build/nrf52832_xxaa/time_sync.c.o
                0x0002ebfc                ts_init
 .text.ts_enable
                0x0002ecb8      0x114 _build/nrf52832_xxaa/time_sync.c.o
                0x0002ecb8                ts_enable
 .text.ts_tx_start
                0x0002edcc       0x88 _build/nrf52832_xxaa/time_sync.c.o
                0x0002edcc                ts_tx_start
 .text.ts_tx_stop
                0x0002ee54       0x14 _build/nrf52832_xxaa/time_sync.c.o
                0x0002ee54                ts_tx_stop
 .text.ts_timestamp_get_ticks_u64
                0x0002ee68       0xdc _build/nrf52832_xxaa/time_sync.c.o
                0x0002ee68                ts_timestamp_get_ticks_u64
 .text          0x0002ef44       0x3c _build/nrf52832_xxaa/gcc_startup_nrf52.S.o
                0x0002ef44                Reset_Handler
                0x0002ef6c                NMI_Handler
                0x0002ef6e                HardFault_Handler
                0x0002ef70                MemoryManagement_Handler
                0x0002ef72                BusFault_Handler
                0x0002ef74                UsageFault_Handler
                0x0002ef76                SVC_Handler
                0x0002ef78                DebugMon_Handler
                0x0002ef7a                PendSV_Handler
                0x0002ef7c                SysTick_Handler
                0x0002ef7e                QDEC_IRQHandler
                0x0002ef7e                TIMER3_IRQHandler
                0x0002ef7e                FPU_IRQHandler
                0x0002ef7e                SPIM0_SPIS0_TWIM0_TWIS0_SPI0_TWI0_IRQHandler
                0x0002ef7e                TEMP_IRQHandler
                0x0002ef7e                TIMER4_IRQHandler
                0x0002ef7e                I2S_IRQHandler
                0x0002ef7e                SWI4_EGU4_IRQHandler
                0x0002ef7e                PDM_IRQHandler
                0x0002ef7e                SWI0_EGU0_IRQHandler
                0x0002ef7e                ECB_IRQHandler
                0x0002ef7e                SPIM1_SPIS1_TWIM1_TWIS1_SPI1_TWI1_IRQHandler
                0x0002ef7e                Default_Handler
                0x0002ef7e                SAADC_IRQHandler
                0x0002ef7e                CCM_AAR_IRQHandler
                0x0002ef7e                WDT_IRQHandler
                0x0002ef7e                PWM1_IRQHandler
                0x0002ef7e                SWI5_EGU5_IRQHandler
                0x0002ef7e                RNG_IRQHandler
                0x0002ef7e                PWM0_IRQHandler
                0x0002ef7e                SWI1_EGU1_IRQHandler
                0x0002ef7e                SPIM2_SPIS2_SPI2_IRQHandler
                0x0002ef7e                NFCT_IRQHandler
                0x0002ef7e                PWM2_IRQHandler
                0x0002ef7e                MWU_IRQHandler
                0x0002ef7e                TIMER2_IRQHandler
                0x0002ef7e                COMP_LPCOMP_IRQHandler
 .text.nrfx_coredep_delay_us
                0x0002ef80       0x30 _build/nrf52832_xxaa/nrf_log_backend_rtt.c.o
 .text.nrf_delay_ms
                0x0002efb0       0x2c _build/nrf52832_xxaa/nrf_log_backend_rtt.c.o
 .text.nrf_log_backend_rtt_init
                0x0002efdc        0xc _build/nrf52832_xxaa/nrf_log_backend_rtt.c.o
                0x0002efdc                nrf_log_backend_rtt_init
 .text.serial_tx
                0x0002efe8       0x88 _build/nrf52832_xxaa/nrf_log_backend_rtt.c.o
 .text.nrf_log_backend_rtt_put
                0x0002f070       0x2c _build/nrf52832_xxaa/nrf_log_backend_rtt.c.o
 .text.nrf_log_backend_rtt_flush
                0x0002f09c       0x14 _build/nrf52832_xxaa/nrf_log_backend_rtt.c.o
 .text.nrf_log_backend_rtt_panic_set
                0x0002f0b0       0x14 _build/nrf52832_xxaa/nrf_log_backend_rtt.c.o
 .text.nrf_log_backend_serial_put
                0x0002f0c4      0x132 _build/nrf52832_xxaa/nrf_log_backend_serial.c.o
                0x0002f0c4                nrf_log_backend_serial_put
 .text.nrf_log_backend_enable
                0x0002f1f6       0x1c _build/nrf52832_xxaa/nrf_log_default_backends.c.o
 *fill*         0x0002f212        0x2 
 .text.nrf_log_default_backends_init
                0x0002f214       0x2c _build/nrf52832_xxaa/nrf_log_default_backends.c.o
                0x0002f214                nrf_log_default_backends_init
 .text.nrf_log_backend_put
                0x0002f240       0x1e _build/nrf52832_xxaa/nrf_log_frontend.c.o
 .text.nrf_log_backend_panic_set
                0x0002f25e       0x1a _build/nrf52832_xxaa/nrf_log_frontend.c.o
 .text.nrf_log_backend_flush
                0x0002f278       0x1a _build/nrf52832_xxaa/nrf_log_frontend.c.o
 .text.nrf_log_backend_id_set
                0x0002f292       0x20 _build/nrf52832_xxaa/nrf_log_frontend.c.o
 .text.nrf_log_backend_id_get
                0x0002f2b2       0x1a _build/nrf52832_xxaa/nrf_log_frontend.c.o
 .text.nrf_log_backend_enable
                0x0002f2cc       0x1c _build/nrf52832_xxaa/nrf_log_frontend.c.o
 .text.nrf_log_backend_is_enabled
                0x0002f2e8       0x1a _build/nrf52832_xxaa/nrf_log_frontend.c.o
 *fill*         0x0002f302        0x2 
 .text.nrf_log_init
                0x0002f304       0x50 _build/nrf52832_xxaa/nrf_log_frontend.c.o
                0x0002f304                nrf_log_init
 .text.nrf_log_module_cnt_get
                0x0002f354       0x20 _build/nrf52832_xxaa/nrf_log_frontend.c.o
                0x0002f354                nrf_log_module_cnt_get
 .text.module_idx_get
                0x0002f374       0x60 _build/nrf52832_xxaa/nrf_log_frontend.c.o
 .text.nrf_log_module_name_get
                0x0002f3d4       0x3c _build/nrf52832_xxaa/nrf_log_frontend.c.o
                0x0002f3d4                nrf_log_module_name_get
 .text.nrf_log_color_id_get
                0x0002f410       0x68 _build/nrf52832_xxaa/nrf_log_frontend.c.o
                0x0002f410                nrf_log_color_id_get
 .text.invalid_packets_omit
                0x0002f478       0x72 _build/nrf52832_xxaa/nrf_log_frontend.c.o
 *fill*         0x0002f4ea        0x2 
 .text.log_skip
                0x0002f4ec       0xfc _build/nrf52832_xxaa/nrf_log_frontend.c.o
 .text.dropped_sat16_get
                0x0002f5e8       0x2c _build/nrf52832_xxaa/nrf_log_frontend.c.o
 .text.std_header_set
                0x0002f614       0x9c _build/nrf52832_xxaa/nrf_log_frontend.c.o
 .text.buf_prealloc
                0x0002f6b0      0x118 _build/nrf52832_xxaa/nrf_log_frontend.c.o
 .text.std_n    0x0002f7c8       0x98 _build/nrf52832_xxaa/nrf_log_frontend.c.o
 .text.nrf_log_frontend_std_0
                0x0002f860       0x1e _build/nrf52832_xxaa/nrf_log_frontend.c.o
                0x0002f860                nrf_log_frontend_std_0
 .text.nrf_log_frontend_std_1
                0x0002f87e       0x26 _build/nrf52832_xxaa/nrf_log_frontend.c.o
                0x0002f87e                nrf_log_frontend_std_1
 .text.nrf_log_frontend_std_2
                0x0002f8a4       0x2c _build/nrf52832_xxaa/nrf_log_frontend.c.o
                0x0002f8a4                nrf_log_frontend_std_2
 .text.nrf_log_frontend_std_3
                0x0002f8d0       0x30 _build/nrf52832_xxaa/nrf_log_frontend.c.o
                0x0002f8d0                nrf_log_frontend_std_3
 .text.nrf_log_frontend_std_5
                0x0002f900       0x38 _build/nrf52832_xxaa/nrf_log_frontend.c.o
                0x0002f900                nrf_log_frontend_std_5
 .text.nrf_log_frontend_std_6
                0x0002f938       0x3c _build/nrf52832_xxaa/nrf_log_frontend.c.o
                0x0002f938                nrf_log_frontend_std_6
 .text.buffer_is_empty
                0x0002f974       0x24 _build/nrf52832_xxaa/nrf_log_frontend.c.o
                0x0002f974                buffer_is_empty
 .text.nrf_log_frontend_dequeue
                0x0002f998      0x384 _build/nrf52832_xxaa/nrf_log_frontend.c.o
                0x0002f998                nrf_log_frontend_dequeue
 .text.backend_id_assign
                0x0002fd1c       0x64 _build/nrf52832_xxaa/nrf_log_frontend.c.o
 .text.nrf_log_backend_add
                0x0002fd80       0x70 _build/nrf52832_xxaa/nrf_log_frontend.c.o
                0x0002fd80                nrf_log_backend_add
 .text.nrf_log_panic
                0x0002fdf0       0x40 _build/nrf52832_xxaa/nrf_log_frontend.c.o
                0x0002fdf0                nrf_log_panic
 .text.timestamp_print
                0x0002fe30       0x16 _build/nrf52832_xxaa/nrf_log_str_formatter.c.o
 *fill*         0x0002fe46        0x2 
 .text.prefix_process
                0x0002fe48       0xb4 _build/nrf52832_xxaa/nrf_log_str_formatter.c.o
 .text.postfix_process
                0x0002fefc       0x60 _build/nrf52832_xxaa/nrf_log_str_formatter.c.o
 .text.nrf_log_std_entry_process
                0x0002ff5c      0x144 _build/nrf52832_xxaa/nrf_log_str_formatter.c.o
                0x0002ff5c                nrf_log_std_entry_process
 .text.nrf_log_hexdump_entry_process
                0x000300a0       0xf0 _build/nrf52832_xxaa/nrf_log_str_formatter.c.o
                0x000300a0                nrf_log_hexdump_entry_process
 .text.state_get
                0x00030190       0x48 _build/nrf52832_xxaa/app_button.c.o
 .text.state_set
                0x000301d8       0x84 _build/nrf52832_xxaa/app_button.c.o
 .text.button_get
                0x0003025c       0x54 _build/nrf52832_xxaa/app_button.c.o
 .text.usr_event
                0x000302b0       0x3c _build/nrf52832_xxaa/app_button.c.o
 .text.evt_handle
                0x000302ec      0x19c _build/nrf52832_xxaa/app_button.c.o
                0x000302ec                evt_handle
 .text.timer_start
                0x00030488       0x28 _build/nrf52832_xxaa/app_button.c.o
 .text.detection_delay_timeout_handler
                0x000304b0       0x88 _build/nrf52832_xxaa/app_button.c.o
 .text.gpiote_event_handler
                0x00030538       0x64 _build/nrf52832_xxaa/app_button.c.o
 .text.app_button_init
                0x0003059c       0xf8 _build/nrf52832_xxaa/app_button.c.o
                0x0003059c                app_button_init
 .text.app_button_enable
                0x00030694       0x44 _build/nrf52832_xxaa/app_button.c.o
                0x00030694                app_button_enable
 .text.app_error_save_and_stop
                0x000306d8       0x9c _build/nrf52832_xxaa/app_error.c.o
                0x000306d8                app_error_save_and_stop
 .text.app_error_handler
                0x00030774       0x1c _build/nrf52832_xxaa/app_error_handler_gcc.c.o
                0x00030774                app_error_handler
 .text.app_error_fault_handler
                0x00030790      0x168 _build/nrf52832_xxaa/app_error_weak.c.o
                0x00030790                app_error_fault_handler
 .text.fifo_length
                0x000308f8       0x22 _build/nrf52832_xxaa/app_fifo.c.o
 .text.fifo_put
                0x0003091a       0x36 _build/nrf52832_xxaa/app_fifo.c.o
 .text.fifo_peek
                0x00030950       0x34 _build/nrf52832_xxaa/app_fifo.c.o
 .text.fifo_get
                0x00030984       0x26 _build/nrf52832_xxaa/app_fifo.c.o
 .text.app_fifo_init
                0x000309aa       0x58 _build/nrf52832_xxaa/app_fifo.c.o
                0x000309aa                app_fifo_init
 .text.app_fifo_put
                0x00030a02       0x34 _build/nrf52832_xxaa/app_fifo.c.o
                0x00030a02                app_fifo_put
 .text.app_fifo_get
                0x00030a36       0x2c _build/nrf52832_xxaa/app_fifo.c.o
                0x00030a36                app_fifo_get
 .text.app_fifo_read
                0x00030a62       0x82 _build/nrf52832_xxaa/app_fifo.c.o
                0x00030a62                app_fifo_read
 .text.app_fifo_write
                0x00030ae4       0x90 _build/nrf52832_xxaa/app_fifo.c.o
                0x00030ae4                app_fifo_write
 .text.is_word_aligned
                0x00030b74       0x24 _build/nrf52832_xxaa/app_scheduler.c.o
 .text.next_index
                0x00030b98       0x30 _build/nrf52832_xxaa/app_scheduler.c.o
 .text.app_sched_queue_full
                0x00030bc8       0x38 _build/nrf52832_xxaa/app_scheduler.c.o
 .text.app_sched_queue_empty
                0x00030c00       0x34 _build/nrf52832_xxaa/app_scheduler.c.o
 .text.app_sched_init
                0x00030c34       0x7c _build/nrf52832_xxaa/app_scheduler.c.o
                0x00030c34                app_sched_init
 .text.app_sched_event_put
                0x00030cb0       0xe0 _build/nrf52832_xxaa/app_scheduler.c.o
                0x00030cb0                app_sched_event_put
 .text.is_app_sched_paused
                0x00030d90       0x10 _build/nrf52832_xxaa/app_scheduler.c.o
 .text.app_sched_execute
                0x00030da0       0x90 _build/nrf52832_xxaa/app_scheduler.c.o
                0x00030da0                app_sched_execute
 .text.get_now  0x00030e30       0x68 _build/nrf52832_xxaa/app_timer2.c.o
 .text.compare_func
                0x00030e98       0x48 _build/nrf52832_xxaa/app_timer2.c.o
 .text.timer_expire
                0x00030ee0       0xb4 _build/nrf52832_xxaa/app_timer2.c.o
 .text.rtc_schedule
                0x00030f94       0xa4 _build/nrf52832_xxaa/app_timer2.c.o
 .text.sortlist_pop
                0x00031038       0x1c _build/nrf52832_xxaa/app_timer2.c.o
 .text.sortlist_peek
                0x00031054       0x1c _build/nrf52832_xxaa/app_timer2.c.o
 .text.sorted_list_stop_all
                0x00031070       0x28 _build/nrf52832_xxaa/app_timer2.c.o
 .text.on_overflow_evt
                0x00031098       0x28 _build/nrf52832_xxaa/app_timer2.c.o
 .text.on_compare_evt
                0x000310c0       0x2c _build/nrf52832_xxaa/app_timer2.c.o
 .text.on_compare1_evt
                0x000310ec       0x24 _build/nrf52832_xxaa/app_timer2.c.o
 .text.rtc_update
                0x00031110       0xc8 _build/nrf52832_xxaa/app_timer2.c.o
 .text.timer_req_process
                0x000311d8       0xd0 _build/nrf52832_xxaa/app_timer2.c.o
 .text.rtc_irq  0x000312a8       0x54 _build/nrf52832_xxaa/app_timer2.c.o
 .text.timer_request_proc_trigger
                0x000312fc       0x14 _build/nrf52832_xxaa/app_timer2.c.o
 .text.timer_req_schedule
                0x00031310       0x58 _build/nrf52832_xxaa/app_timer2.c.o
 .text.app_timer_init
                0x00031368       0x7c _build/nrf52832_xxaa/app_timer2.c.o
                0x00031368                app_timer_init
 .text.app_timer_create
                0x000313e4       0x44 _build/nrf52832_xxaa/app_timer2.c.o
                0x000313e4                app_timer_create
 .text.app_timer_start
                0x00031428       0x66 _build/nrf52832_xxaa/app_timer2.c.o
                0x00031428                app_timer_start
 .text.app_timer_stop
                0x0003148e       0x24 _build/nrf52832_xxaa/app_timer2.c.o
                0x0003148e                app_timer_stop
 .text.app_timer_cnt_diff_compute
                0x000314b2       0x20 _build/nrf52832_xxaa/app_timer2.c.o
                0x000314b2                app_timer_cnt_diff_compute
 *fill*         0x000314d2        0x2 
 .text.app_timer_cnt_get
                0x000314d4       0x14 _build/nrf52832_xxaa/app_timer2.c.o
                0x000314d4                app_timer_cnt_get
 .text.nrf_drv_uart_tx
                0x000314e8       0x60 _build/nrf52832_xxaa/app_uart_fifo.c.o
 .text.nrf_drv_uart_tx_in_progress
                0x00031548       0x54 _build/nrf52832_xxaa/app_uart_fifo.c.o
 .text.nrf_drv_uart_rx
                0x0003159c       0x60 _build/nrf52832_xxaa/app_uart_fifo.c.o
 .text.app_uart_get
                0x000315fc       0x64 _build/nrf52832_xxaa/app_uart_fifo.c.o
                0x000315fc                app_uart_get
 .text.app_uart_put
                0x00031660       0x60 _build/nrf52832_xxaa/app_uart_fifo.c.o
                0x00031660                app_uart_put
 .text.__sd_nvic_irq_disable
                0x000316c0       0x22 _build/nrf52832_xxaa/app_util_platform.c.o
 .text.__sd_nvic_irq_enable
                0x000316e2       0x12 _build/nrf52832_xxaa/app_util_platform.c.o
 .text.sd_nvic_critical_region_enter
                0x000316f4       0x74 _build/nrf52832_xxaa/app_util_platform.c.o
 .text.sd_nvic_critical_region_exit
                0x00031768       0x50 _build/nrf52832_xxaa/app_util_platform.c.o
 .text.app_util_critical_region_enter
                0x000317b8       0x16 _build/nrf52832_xxaa/app_util_platform.c.o
                0x000317b8                app_util_critical_region_enter
 .text.app_util_critical_region_exit
                0x000317ce       0x1a _build/nrf52832_xxaa/app_util_platform.c.o
                0x000317ce                app_util_critical_region_exit
 .text.__NVIC_EnableIRQ
                0x000317e8       0x3c _build/nrf52832_xxaa/drv_rtc.c.o
 .text.__NVIC_SetPendingIRQ
                0x00031824       0x3c _build/nrf52832_xxaa/drv_rtc.c.o
 .text.__NVIC_SetPriority
                0x00031860       0x54 _build/nrf52832_xxaa/drv_rtc.c.o
 .text._NRFX_IRQ_PRIORITY_SET
                0x000318b4       0x26 _build/nrf52832_xxaa/drv_rtc.c.o
 .text._NRFX_IRQ_ENABLE
                0x000318da       0x1c _build/nrf52832_xxaa/drv_rtc.c.o
 *fill*         0x000318f6        0x2 
 .text.nrfx_coredep_delay_us
                0x000318f8       0x30 _build/nrf52832_xxaa/drv_rtc.c.o
 .text.nrf_rtc_cc_set
                0x00031928       0x26 _build/nrf52832_xxaa/drv_rtc.c.o
 .text.nrf_rtc_cc_get
                0x0003194e       0x22 _build/nrf52832_xxaa/drv_rtc.c.o
 .text.nrf_rtc_int_enable
                0x00031970       0x1e _build/nrf52832_xxaa/drv_rtc.c.o
 .text.nrf_rtc_int_disable
                0x0003198e       0x1e _build/nrf52832_xxaa/drv_rtc.c.o
 .text.nrf_rtc_event_pending
                0x000319ac       0x20 _build/nrf52832_xxaa/drv_rtc.c.o
 .text.nrf_rtc_event_clear
                0x000319cc       0x2e _build/nrf52832_xxaa/drv_rtc.c.o
 .text.nrf_rtc_counter_get
                0x000319fa       0x1a _build/nrf52832_xxaa/drv_rtc.c.o
 .text.nrf_rtc_prescaler_set
                0x00031a14       0x1e _build/nrf52832_xxaa/drv_rtc.c.o
 .text.nrf_rtc_task_trigger
                0x00031a32       0x24 _build/nrf52832_xxaa/drv_rtc.c.o
 .text.nrf_rtc_event_enable
                0x00031a56       0x1e _build/nrf52832_xxaa/drv_rtc.c.o
 .text.nrf_rtc_event_disable
                0x00031a74       0x1e _build/nrf52832_xxaa/drv_rtc.c.o
 *fill*         0x00031a92        0x2 
 .text.drv_rtc_init
                0x00031a94       0xd0 _build/nrf52832_xxaa/drv_rtc.c.o
                0x00031a94                drv_rtc_init
 .text.drv_rtc_start
                0x00031b64       0x1c _build/nrf52832_xxaa/drv_rtc.c.o
                0x00031b64                drv_rtc_start
 .text.drv_rtc_stop
                0x00031b80       0x1c _build/nrf52832_xxaa/drv_rtc.c.o
                0x00031b80                drv_rtc_stop
 .text.drv_rtc_compare_set
                0x00031b9c       0x86 _build/nrf52832_xxaa/drv_rtc.c.o
                0x00031b9c                drv_rtc_compare_set
 .text.evt_enable
                0x00031c22       0x34 _build/nrf52832_xxaa/drv_rtc.c.o
 .text.evt_disable
                0x00031c56       0x2a _build/nrf52832_xxaa/drv_rtc.c.o
 .text.evt_pending
                0x00031c80       0x3c _build/nrf52832_xxaa/drv_rtc.c.o
 .text.ticks_sub
                0x00031cbc       0x20 _build/nrf52832_xxaa/drv_rtc.c.o
 .text.drv_rtc_windowed_compare_set
                0x00031cdc      0x15c _build/nrf52832_xxaa/drv_rtc.c.o
                0x00031cdc                drv_rtc_windowed_compare_set
 .text.drv_rtc_overflow_enable
                0x00031e38       0x20 _build/nrf52832_xxaa/drv_rtc.c.o
                0x00031e38                drv_rtc_overflow_enable
 .text.drv_rtc_overflow_pending
                0x00031e58       0x1c _build/nrf52832_xxaa/drv_rtc.c.o
                0x00031e58                drv_rtc_overflow_pending
 .text.drv_rtc_compare_disable
                0x00031e74       0x24 _build/nrf52832_xxaa/drv_rtc.c.o
                0x00031e74                drv_rtc_compare_disable
 .text.drv_rtc_compare_pending
                0x00031e98       0x28 _build/nrf52832_xxaa/drv_rtc.c.o
                0x00031e98                drv_rtc_compare_pending
 .text.drv_rtc_counter_get
                0x00031ec0       0x1c _build/nrf52832_xxaa/drv_rtc.c.o
                0x00031ec0                drv_rtc_counter_get
 .text.drv_rtc_irq_trigger
                0x00031edc       0x1c _build/nrf52832_xxaa/drv_rtc.c.o
                0x00031edc                drv_rtc_irq_trigger
 .text.RTC1_IRQHandler
                0x00031ef8       0x1c _build/nrf52832_xxaa/drv_rtc.c.o
                0x00031ef8                RTC1_IRQHandler
 .text.nrf_atfifo_wspace_req
                0x00031f14       0x5a _build/nrf52832_xxaa/nrf_atfifo.c.o
 .text.nrf_atfifo_wspace_close
                0x00031f6e       0x2a _build/nrf52832_xxaa/nrf_atfifo.c.o
 .text.nrf_atfifo_rspace_req
                0x00031f98       0x5c _build/nrf52832_xxaa/nrf_atfifo.c.o
 .text.nrf_atfifo_rspace_close
                0x00031ff4       0x2a _build/nrf52832_xxaa/nrf_atfifo.c.o
 .text.nrf_atfifo_init
                0x0003201e       0x64 _build/nrf52832_xxaa/nrf_atfifo.c.o
                0x0003201e                nrf_atfifo_init
 .text.nrf_atfifo_item_alloc
                0x00032082       0x34 _build/nrf52832_xxaa/nrf_atfifo.c.o
                0x00032082                nrf_atfifo_item_alloc
 .text.nrf_atfifo_item_put
                0x000320b6       0x2a _build/nrf52832_xxaa/nrf_atfifo.c.o
                0x000320b6                nrf_atfifo_item_put
 .text.nrf_atfifo_item_get
                0x000320e0       0x34 _build/nrf52832_xxaa/nrf_atfifo.c.o
                0x000320e0                nrf_atfifo_item_get
 .text.nrf_atfifo_item_free
                0x00032114       0x2a _build/nrf52832_xxaa/nrf_atfifo.c.o
                0x00032114                nrf_atfifo_item_free
 .text.nrf_atomic_u32_fetch_store
                0x0003213e       0x30 _build/nrf52832_xxaa/nrf_atomic.c.o
                0x0003213e                nrf_atomic_u32_fetch_store
 .text.nrf_atomic_u32_store
                0x0003216e       0x30 _build/nrf52832_xxaa/nrf_atomic.c.o
                0x0003216e                nrf_atomic_u32_store
 .text.nrf_atomic_u32_fetch_or
                0x0003219e       0x32 _build/nrf52832_xxaa/nrf_atomic.c.o
                0x0003219e                nrf_atomic_u32_fetch_or
 .text.nrf_atomic_u32_or
                0x000321d0       0x32 _build/nrf52832_xxaa/nrf_atomic.c.o
                0x000321d0                nrf_atomic_u32_or
 .text.nrf_atomic_u32_fetch_and
                0x00032202       0x32 _build/nrf52832_xxaa/nrf_atomic.c.o
                0x00032202                nrf_atomic_u32_fetch_and
 .text.nrf_atomic_u32_and
                0x00032234       0x32 _build/nrf52832_xxaa/nrf_atomic.c.o
                0x00032234                nrf_atomic_u32_and
 .text.nrf_atomic_u32_fetch_add
                0x00032266       0x32 _build/nrf52832_xxaa/nrf_atomic.c.o
                0x00032266                nrf_atomic_u32_fetch_add
 .text.nrf_atomic_u32_add
                0x00032298       0x32 _build/nrf52832_xxaa/nrf_atomic.c.o
                0x00032298                nrf_atomic_u32_add
 .text.nrf_atomic_u32_sub
                0x000322ca       0x32 _build/nrf52832_xxaa/nrf_atomic.c.o
                0x000322ca                nrf_atomic_u32_sub
 .text.nrf_atomic_flag_set_fetch
                0x000322fc       0x1a _build/nrf52832_xxaa/nrf_atomic.c.o
                0x000322fc                nrf_atomic_flag_set_fetch
 .text.nrf_atomic_flag_set
                0x00032316       0x1a _build/nrf52832_xxaa/nrf_atomic.c.o
                0x00032316                nrf_atomic_flag_set
 .text.nrf_atomic_flag_clear_fetch
                0x00032330       0x1a _build/nrf52832_xxaa/nrf_atomic.c.o
                0x00032330                nrf_atomic_flag_clear_fetch
 .text.nrf_atomic_flag_clear
                0x0003234a       0x1a _build/nrf52832_xxaa/nrf_atomic.c.o
                0x0003234a                nrf_atomic_flag_clear
 .text.nrf_balloc_idx2block
                0x00032364       0x28 _build/nrf52832_xxaa/nrf_balloc.c.o
 .text.nrf_balloc_block2idx
                0x0003238c       0x28 _build/nrf52832_xxaa/nrf_balloc.c.o
 .text.nrf_balloc_init
                0x000323b4       0x58 _build/nrf52832_xxaa/nrf_balloc.c.o
                0x000323b4                nrf_balloc_init
 .text.nrf_balloc_alloc
                0x0003240c       0x74 _build/nrf52832_xxaa/nrf_balloc.c.o
                0x0003240c                nrf_balloc_alloc
 .text.nrf_balloc_free
                0x00032480       0x42 _build/nrf52832_xxaa/nrf_balloc.c.o
                0x00032480                nrf_balloc_free
 .text.nrf_fprintf_buffer_flush
                0x000324c2       0x32 _build/nrf52832_xxaa/nrf_fprintf.c.o
                0x000324c2                nrf_fprintf_buffer_flush
 .text.nrf_fprintf
                0x000324f4       0x38 _build/nrf52832_xxaa/nrf_fprintf.c.o
                0x000324f4                nrf_fprintf
 .text.buffer_add
                0x0003252c       0x48 _build/nrf52832_xxaa/nrf_fprintf_format.c.o
 .text.string_print
                0x00032574       0xb8 _build/nrf52832_xxaa/nrf_fprintf_format.c.o
 .text.unsigned_print
                0x0003262c      0x12c _build/nrf52832_xxaa/nrf_fprintf_format.c.o
 .text.int_print
                0x00032758      0x11e _build/nrf52832_xxaa/nrf_fprintf_format.c.o
 *fill*         0x00032876        0x2 
 .text.nrf_fprintf_fmt
                0x00032878      0x338 _build/nrf52832_xxaa/nrf_fprintf_format.c.o
                0x00032878                nrf_fprintf_fmt
 .text.nrf_memobj_pool_init
                0x00032bb0       0x18 _build/nrf52832_xxaa/nrf_memobj.c.o
                0x00032bb0                nrf_memobj_pool_init
 .text.nrf_memobj_alloc
                0x00032bc8       0xac _build/nrf52832_xxaa/nrf_memobj.c.o
                0x00032bc8                nrf_memobj_alloc
 .text.nrf_memobj_free
                0x00032c74       0x70 _build/nrf52832_xxaa/nrf_memobj.c.o
                0x00032c74                nrf_memobj_free
 .text.nrf_memobj_get
                0x00032ce4       0x20 _build/nrf52832_xxaa/nrf_memobj.c.o
                0x00032ce4                nrf_memobj_get
 .text.nrf_memobj_put
                0x00032d04       0x38 _build/nrf52832_xxaa/nrf_memobj.c.o
                0x00032d04                nrf_memobj_put
 .text.memobj_op
                0x00032d3c      0x104 _build/nrf52832_xxaa/nrf_memobj.c.o
 .text.nrf_memobj_write
                0x00032e40       0x2c _build/nrf52832_xxaa/nrf_memobj.c.o
                0x00032e40                nrf_memobj_write
 .text.nrf_memobj_read
                0x00032e6c       0x2c _build/nrf52832_xxaa/nrf_memobj.c.o
                0x00032e6c                nrf_memobj_read
 .text.__NVIC_ClearPendingIRQ
                0x00032e98       0x3c _build/nrf52832_xxaa/nrf_pwr_mgmt.c.o
 .text.__NVIC_SystemReset
                0x00032ed4       0x2c _build/nrf52832_xxaa/nrf_pwr_mgmt.c.o
 .text.nrf_section_iter_get
                0x00032f00       0x18 _build/nrf52832_xxaa/nrf_pwr_mgmt.c.o
 .text.nrf_mtx_init
                0x00032f18       0x20 _build/nrf52832_xxaa/nrf_pwr_mgmt.c.o
 .text.nrf_mtx_trylock
                0x00032f38       0x2c _build/nrf52832_xxaa/nrf_pwr_mgmt.c.o
 .text.nrf_mtx_unlock
                0x00032f64       0x20 _build/nrf52832_xxaa/nrf_pwr_mgmt.c.o
 .text.sd_power_system_off
                0x00032f84        0x8 _build/nrf52832_xxaa/nrf_pwr_mgmt.c.o
 .text.sd_app_evt_wait
                0x00032f8c        0x8 _build/nrf52832_xxaa/nrf_pwr_mgmt.c.o
 .text.nrf_power_system_off
                0x00032f94       0x18 _build/nrf52832_xxaa/nrf_pwr_mgmt.c.o
 .text.pwr_mgmt_fpu_sleep_prepare
                0x00032fac       0x44 _build/nrf52832_xxaa/nrf_pwr_mgmt.c.o
 .text.nrf_pwr_mgmt_init
                0x00032ff0       0x30 _build/nrf52832_xxaa/nrf_pwr_mgmt.c.o
                0x00032ff0                nrf_pwr_mgmt_init
 .text.nrf_pwr_mgmt_run
                0x00033020       0x2a _build/nrf52832_xxaa/nrf_pwr_mgmt.c.o
                0x00033020                nrf_pwr_mgmt_run
 *fill*         0x0003304a        0x2 
 .text.shutdown_process
                0x0003304c       0x84 _build/nrf52832_xxaa/nrf_pwr_mgmt.c.o
 .text.nrf_pwr_mgmt_shutdown
                0x000330d0       0x60 _build/nrf52832_xxaa/nrf_pwr_mgmt.c.o
                0x000330d0                nrf_pwr_mgmt_shutdown
 .text.circullar_buffer_size_get
                0x00033130       0x24 _build/nrf52832_xxaa/nrf_queue.c.o
 .text.nrf_queue_next_idx
                0x00033154       0x28 _build/nrf52832_xxaa/nrf_queue.c.o
 .text.queue_utilization_get
                0x0003317c       0x40 _build/nrf52832_xxaa/nrf_queue.c.o
 .text.nrf_queue_is_full
                0x000331bc       0x36 _build/nrf52832_xxaa/nrf_queue.c.o
                0x000331bc                nrf_queue_is_full
 *fill*         0x000331f2        0x2 
 .text.nrf_queue_push
                0x000331f4      0x148 _build/nrf52832_xxaa/nrf_queue.c.o
                0x000331f4                nrf_queue_push
 .text.nrf_queue_generic_pop
                0x0003333c      0x110 _build/nrf52832_xxaa/nrf_queue.c.o
                0x0003333c                nrf_queue_generic_pop
 .text.nrf_queue_reset
                0x0003344c       0x34 _build/nrf52832_xxaa/nrf_queue.c.o
                0x0003344c                nrf_queue_reset
 .text.nrf_queue_is_empty
                0x00033480       0x32 _build/nrf52832_xxaa/nrf_queue.c.o
                0x00033480                nrf_queue_is_empty
 .text.nrf_ringbuf_init
                0x000334b2       0x44 _build/nrf52832_xxaa/nrf_ringbuf.c.o
                0x000334b2                nrf_ringbuf_init
 .text.nrf_section_iter_init
                0x000334f6       0x3a _build/nrf52832_xxaa/nrf_section_iter.c.o
                0x000334f6                nrf_section_iter_init
 .text.nrf_section_iter_next
                0x00033530       0x46 _build/nrf52832_xxaa/nrf_section_iter.c.o
                0x00033530                nrf_section_iter_next
 .text.nrf_sortlist_add
                0x00033576       0x54 _build/nrf52832_xxaa/nrf_sortlist.c.o
                0x00033576                nrf_sortlist_add
 .text.nrf_sortlist_pop
                0x000335ca       0x36 _build/nrf52832_xxaa/nrf_sortlist.c.o
                0x000335ca                nrf_sortlist_pop
 .text.nrf_sortlist_peek
                0x00033600       0x1a _build/nrf52832_xxaa/nrf_sortlist.c.o
                0x00033600                nrf_sortlist_peek
 .text.nrf_sortlist_remove
                0x0003361a       0x4a _build/nrf52832_xxaa/nrf_sortlist.c.o
                0x0003361a                nrf_sortlist_remove
 .text.nrf_strerror_get
                0x00033664       0x28 _build/nrf52832_xxaa/nrf_strerror.c.o
                0x00033664                nrf_strerror_get
 .text.nrf_strerror_find
                0x0003368c       0x70 _build/nrf52832_xxaa/nrf_strerror.c.o
                0x0003368c                nrf_strerror_find
 .text._write   0x000336fc       0x38 _build/nrf52832_xxaa/retarget.c.o
                0x000336fc                _write
 .text._read    0x00033734       0x24 _build/nrf52832_xxaa/retarget.c.o
                0x00033734                _read
 .text.__NVIC_SystemReset
                0x00033758       0x2c _build/nrf52832_xxaa/system_nrf52.c.o
 .text.nrf52_errata_12
                0x00033784       0x8c _build/nrf52832_xxaa/system_nrf52.c.o
 .text.nrf52_errata_16
                0x00033810       0x6c _build/nrf52832_xxaa/system_nrf52.c.o
 .text.nrf52_errata_31
                0x0003387c       0x8c _build/nrf52832_xxaa/system_nrf52.c.o
 .text.nrf52_errata_32
                0x00033908       0x6c _build/nrf52832_xxaa/system_nrf52.c.o
 .text.nrf52_errata_36
                0x00033974       0x8c _build/nrf52832_xxaa/system_nrf52.c.o
 .text.nrf52_errata_37
                0x00033a00       0x6c _build/nrf52832_xxaa/system_nrf52.c.o
 .text.nrf52_errata_57
                0x00033a6c       0x6c _build/nrf52832_xxaa/system_nrf52.c.o
 .text.nrf52_errata_66
                0x00033ad8       0x8c _build/nrf52832_xxaa/system_nrf52.c.o
 .text.nrf52_errata_108
                0x00033b64       0x8c _build/nrf52832_xxaa/system_nrf52.c.o
 .text.nrf52_errata_136
                0x00033bf0       0x8c _build/nrf52832_xxaa/system_nrf52.c.o
 .text.nrf52_errata_182
                0x00033c7c       0x64 _build/nrf52832_xxaa/system_nrf52.c.o
 .text.SystemCoreClockUpdate
                0x00033ce0       0x1c _build/nrf52832_xxaa/system_nrf52.c.o
                0x00033ce0                SystemCoreClockUpdate
 .text.SystemInit
                0x00033cfc      0x2dc _build/nrf52832_xxaa/system_nrf52.c.o
                0x00033cfc                SystemInit
 .text.nrf_gpio_pin_port_decode
                0x00033fd8       0x18 _build/nrf52832_xxaa/boards.c.o
 .text.nrf_gpio_cfg
                0x00033ff0       0x54 _build/nrf52832_xxaa/boards.c.o
 .text.nrf_gpio_cfg_output
                0x00034044       0x24 _build/nrf52832_xxaa/boards.c.o
 .text.nrf_gpio_cfg_input
                0x00034068       0x28 _build/nrf52832_xxaa/boards.c.o
 .text.nrf_gpio_pin_set
                0x00034090       0x2a _build/nrf52832_xxaa/boards.c.o
 .text.nrf_gpio_pin_clear
                0x000340ba       0x2a _build/nrf52832_xxaa/boards.c.o
 .text.nrf_gpio_pin_toggle
                0x000340e4       0x46 _build/nrf52832_xxaa/boards.c.o
 .text.nrf_gpio_pin_write
                0x0003412a       0x26 _build/nrf52832_xxaa/boards.c.o
 .text.nrf_gpio_pin_read
                0x00034150       0x2c _build/nrf52832_xxaa/boards.c.o
 .text.nrf_gpio_pin_out_read
                0x0003417c       0x2c _build/nrf52832_xxaa/boards.c.o
 .text.nrf_gpio_port_in_read
                0x000341a8       0x1a _build/nrf52832_xxaa/boards.c.o
 .text.nrf_gpio_port_out_read
                0x000341c2       0x1a _build/nrf52832_xxaa/boards.c.o
 .text.nrf_gpio_port_out_set
                0x000341dc       0x1e _build/nrf52832_xxaa/boards.c.o
 .text.nrf_gpio_port_out_clear
                0x000341fa       0x1e _build/nrf52832_xxaa/boards.c.o
 .text.bsp_board_led_state_get
                0x00034218       0x48 _build/nrf52832_xxaa/boards.c.o
                0x00034218                bsp_board_led_state_get
 .text.bsp_board_led_on
                0x00034260       0x24 _build/nrf52832_xxaa/boards.c.o
                0x00034260                bsp_board_led_on
 .text.bsp_board_led_off
                0x00034284       0x24 _build/nrf52832_xxaa/boards.c.o
                0x00034284                bsp_board_led_off
 .text.bsp_board_leds_off
                0x000342a8       0x28 _build/nrf52832_xxaa/boards.c.o
                0x000342a8                bsp_board_leds_off
 .text.bsp_board_leds_on
                0x000342d0       0x28 _build/nrf52832_xxaa/boards.c.o
                0x000342d0                bsp_board_leds_on
 .text.bsp_board_led_invert
                0x000342f8       0x24 _build/nrf52832_xxaa/boards.c.o
                0x000342f8                bsp_board_led_invert
 .text.bsp_board_leds_init
                0x0003431c       0x38 _build/nrf52832_xxaa/boards.c.o
 .text.bsp_board_button_state_get
                0x00034354       0x48 _build/nrf52832_xxaa/boards.c.o
                0x00034354                bsp_board_button_state_get
 .text.bsp_board_buttons_init
                0x0003439c       0x38 _build/nrf52832_xxaa/boards.c.o
 .text.bsp_board_pin_to_button_idx
                0x000343d4       0x48 _build/nrf52832_xxaa/boards.c.o
                0x000343d4                bsp_board_pin_to_button_idx
 .text.bsp_board_button_idx_to_pin
                0x0003441c       0x20 _build/nrf52832_xxaa/boards.c.o
                0x0003441c                bsp_board_button_idx_to_pin
 .text.bsp_board_init
                0x0003443c       0x2c _build/nrf52832_xxaa/boards.c.o
                0x0003443c                bsp_board_init
 .text.__NVIC_DisableIRQ
                0x00034468       0x48 _build/nrf52832_xxaa/nrf_drv_clock.c.o
 .text.nrf_wdt_started
                0x000344b0       0x24 _build/nrf52832_xxaa/nrf_drv_clock.c.o
 .text.lfclk_stop
                0x000344d4       0x28 _build/nrf52832_xxaa/nrf_drv_clock.c.o
 .text.nrf_drv_clock_init
                0x000344fc       0x74 _build/nrf52832_xxaa/nrf_drv_clock.c.o
                0x000344fc                nrf_drv_clock_init
 .text.item_dequeue
                0x00034570       0x2a _build/nrf52832_xxaa/nrf_drv_clock.c.o
 *fill*         0x0003459a        0x2 
 .text.nrf_drv_clock_lfclk_release
                0x0003459c       0x3c _build/nrf52832_xxaa/nrf_drv_clock.c.o
                0x0003459c                nrf_drv_clock_lfclk_release
 .text.clock_clk_started_notify
                0x000345d8       0x48 _build/nrf52832_xxaa/nrf_drv_clock.c.o
 .text.clock_irq_handler
                0x00034620       0x3c _build/nrf52832_xxaa/nrf_drv_clock.c.o
 .text.soc_evt_handler
                0x0003465c       0x28 _build/nrf52832_xxaa/nrf_drv_clock.c.o
 .text.sd_state_evt_handler
                0x00034684       0x7c _build/nrf52832_xxaa/nrf_drv_clock.c.o
 .text.__NVIC_EnableIRQ
                0x00034700       0x3c _build/nrf52832_xxaa/nrfx_clock.c.o
 .text.__NVIC_SetPriority
                0x0003473c       0x54 _build/nrf52832_xxaa/nrfx_clock.c.o
 .text.nrfx_get_irq_number
                0x00034790       0x1a _build/nrf52832_xxaa/nrfx_clock.c.o
 .text._NRFX_IRQ_PRIORITY_SET
                0x000347aa       0x26 _build/nrf52832_xxaa/nrfx_clock.c.o
 .text._NRFX_IRQ_ENABLE
                0x000347d0       0x1c _build/nrf52832_xxaa/nrfx_clock.c.o
 .text._NRFX_IRQ_IS_ENABLED
                0x000347ec       0x54 _build/nrf52832_xxaa/nrfx_clock.c.o
 .text.nrf_clock_int_disable
                0x00034840       0x1e _build/nrf52832_xxaa/nrfx_clock.c.o
 .text.nrf_clock_task_trigger
                0x0003485e       0x20 _build/nrf52832_xxaa/nrfx_clock.c.o
 .text.nrf_clock_event_clear
                0x0003487e       0x2c _build/nrf52832_xxaa/nrfx_clock.c.o
 .text.nrf_clock_event_check
                0x000348aa       0x28 _build/nrf52832_xxaa/nrfx_clock.c.o
 .text.nrf_clock_lf_src_set
                0x000348d2       0x1e _build/nrf52832_xxaa/nrfx_clock.c.o
 .text.nrf_clock_lf_is_running
                0x000348f0       0x26 _build/nrf52832_xxaa/nrfx_clock.c.o
 .text.nrfx_power_clock_irq_init
                0x00034916       0x54 _build/nrf52832_xxaa/nrfx_clock.c.o
 *fill*         0x0003496a        0x2 
 .text.nrfx_clock_init
                0x0003496c       0x40 _build/nrf52832_xxaa/nrfx_clock.c.o
                0x0003496c                nrfx_clock_init
 .text.nrfx_clock_enable
                0x000349ac       0x12 _build/nrf52832_xxaa/nrfx_clock.c.o
                0x000349ac                nrfx_clock_enable
 .text.nrfx_clock_lfclk_stop
                0x000349be       0x2a _build/nrf52832_xxaa/nrfx_clock.c.o
                0x000349be                nrfx_clock_lfclk_stop
 .text.POWER_CLOCK_IRQHandler
                0x000349e8       0x68 _build/nrf52832_xxaa/nrfx_clock.c.o
                0x000349e8                POWER_CLOCK_IRQHandler
 .text.__NVIC_EnableIRQ
                0x00034a50       0x3c _build/nrf52832_xxaa/nrfx_gpiote.c.o
 .text.__NVIC_SetPriority
                0x00034a8c       0x54 _build/nrf52832_xxaa/nrfx_gpiote.c.o
 .text.nrfx_get_irq_number
                0x00034ae0       0x1a _build/nrf52832_xxaa/nrfx_gpiote.c.o
 .text._NRFX_IRQ_PRIORITY_SET
                0x00034afa       0x26 _build/nrf52832_xxaa/nrfx_gpiote.c.o
 .text._NRFX_IRQ_ENABLE
                0x00034b20       0x1c _build/nrf52832_xxaa/nrfx_gpiote.c.o
 .text.nrf_gpiote_task_addr_get
                0x00034b3c       0x20 _build/nrf52832_xxaa/nrfx_gpiote.c.o
 .text.nrf_gpiote_event_is_set
                0x00034b5c       0x28 _build/nrf52832_xxaa/nrfx_gpiote.c.o
 .text.nrf_gpiote_event_clear
                0x00034b84       0x32 _build/nrf52832_xxaa/nrfx_gpiote.c.o
 .text.nrf_gpiote_event_addr_get
                0x00034bb6       0x20 _build/nrf52832_xxaa/nrfx_gpiote.c.o
 *fill*         0x00034bd6        0x2 
 .text.nrf_gpiote_int_enable
                0x00034bd8       0x20 _build/nrf52832_xxaa/nrfx_gpiote.c.o
 .text.nrf_gpiote_int_is_enabled
                0x00034bf8       0x24 _build/nrf52832_xxaa/nrfx_gpiote.c.o
 .text.nrf_gpiote_event_enable
                0x00034c1c       0x34 _build/nrf52832_xxaa/nrfx_gpiote.c.o
 .text.nrf_gpiote_event_configure
                0x00034c50       0x6c _build/nrf52832_xxaa/nrfx_gpiote.c.o
 .text.nrf_gpiote_event_pin_get
                0x00034cbc       0x2c _build/nrf52832_xxaa/nrfx_gpiote.c.o
 .text.nrf_gpiote_event_polarity_get
                0x00034ce8       0x2c _build/nrf52832_xxaa/nrfx_gpiote.c.o
 .text.nrf_gpiote_task_enable
                0x00034d14       0x38 _build/nrf52832_xxaa/nrfx_gpiote.c.o
 .text.nrf_gpiote_task_configure
                0x00034d4c       0x7c _build/nrf52832_xxaa/nrfx_gpiote.c.o
 .text.nrf_gpio_pin_port_decode
                0x00034dc8       0x18 _build/nrf52832_xxaa/nrfx_gpiote.c.o
 .text.nrf_gpio_cfg
                0x00034de0       0x54 _build/nrf52832_xxaa/nrfx_gpiote.c.o
 .text.nrf_gpio_cfg_output
                0x00034e34       0x24 _build/nrf52832_xxaa/nrfx_gpiote.c.o
 .text.nrf_gpio_cfg_input
                0x00034e58       0x28 _build/nrf52832_xxaa/nrfx_gpiote.c.o
 .text.nrf_gpio_cfg_watcher
                0x00034e80       0x3a _build/nrf52832_xxaa/nrfx_gpiote.c.o
 .text.nrf_gpio_cfg_sense_set
                0x00034eba       0x5a _build/nrf52832_xxaa/nrfx_gpiote.c.o
 .text.nrf_gpio_pin_set
                0x00034f14       0x2a _build/nrf52832_xxaa/nrfx_gpiote.c.o
 .text.nrf_gpio_pin_clear
                0x00034f3e       0x2a _build/nrf52832_xxaa/nrfx_gpiote.c.o
 .text.nrf_gpio_pin_read
                0x00034f68       0x2c _build/nrf52832_xxaa/nrfx_gpiote.c.o
 .text.nrf_gpio_pin_sense_get
                0x00034f94       0x2e _build/nrf52832_xxaa/nrfx_gpiote.c.o
 .text.nrf_gpio_port_in_read
                0x00034fc2       0x1a _build/nrf52832_xxaa/nrfx_gpiote.c.o
 .text.nrf_gpio_port_out_set
                0x00034fdc       0x1e _build/nrf52832_xxaa/nrfx_gpiote.c.o
 .text.nrf_gpio_port_out_clear
                0x00034ffa       0x1e _build/nrf52832_xxaa/nrfx_gpiote.c.o
 .text.nrf_gpio_latches_read_and_clear
                0x00035018       0x6a _build/nrf52832_xxaa/nrfx_gpiote.c.o
 .text.nrf_gpio_pin_latch_clear
                0x00035082       0x2a _build/nrf52832_xxaa/nrfx_gpiote.c.o
 .text.nrf_gpio_pin_present_check
                0x000350ac       0x4a _build/nrf52832_xxaa/nrfx_gpiote.c.o
 .text.nrf_bitmask_bit_is_set
                0x000350f6       0x3a _build/nrf52832_xxaa/nrfx_gpiote.c.o
 .text.nrf_bitmask_bit_set
                0x00035130       0x4a _build/nrf52832_xxaa/nrfx_gpiote.c.o
 *fill*         0x0003517a        0x2 
 .text.pin_in_use
                0x0003517c       0x30 _build/nrf52832_xxaa/nrfx_gpiote.c.o
 .text.pin_in_use_by_te
                0x000351ac       0x44 _build/nrf52832_xxaa/nrfx_gpiote.c.o
 .text.pin_in_use_by_port
                0x000351f0       0x30 _build/nrf52832_xxaa/nrfx_gpiote.c.o
 .text.pin_in_use_by_gpiote
                0x00035220       0x2c _build/nrf52832_xxaa/nrfx_gpiote.c.o
 .text.pin_in_use_by_te_set
                0x0003524c       0x58 _build/nrf52832_xxaa/nrfx_gpiote.c.o
 .text.pin_in_use_set
                0x000352a4       0x24 _build/nrf52832_xxaa/nrfx_gpiote.c.o
 .text.pin_in_use_clear
                0x000352c8       0x24 _build/nrf52832_xxaa/nrfx_gpiote.c.o
 .text.pin_configured_set
                0x000352ec       0x1c _build/nrf52832_xxaa/nrfx_gpiote.c.o
 .text.channel_port_get
                0x00035308       0x24 _build/nrf52832_xxaa/nrfx_gpiote.c.o
 .text.channel_handler_get
                0x0003532c       0x20 _build/nrf52832_xxaa/nrfx_gpiote.c.o
 .text.port_handler_pin_get
                0x0003534c       0x2c _build/nrf52832_xxaa/nrfx_gpiote.c.o
 .text.port_handler_polarity_get
                0x00035378       0x2c _build/nrf52832_xxaa/nrfx_gpiote.c.o
 .text.channel_port_alloc
                0x000353a4       0x74 _build/nrf52832_xxaa/nrfx_gpiote.c.o
 .text.channel_free
                0x00035418       0x3c _build/nrf52832_xxaa/nrfx_gpiote.c.o
 .text.nrfx_gpiote_init
                0x00035454       0xb4 _build/nrf52832_xxaa/nrfx_gpiote.c.o
                0x00035454                nrfx_gpiote_init
 .text.nrfx_gpiote_is_init
                0x00035508       0x24 _build/nrf52832_xxaa/nrfx_gpiote.c.o
                0x00035508                nrfx_gpiote_is_init
 .text.nrfx_gpiote_out_init
                0x0003552c       0x92 _build/nrf52832_xxaa/nrfx_gpiote.c.o
                0x0003552c                nrfx_gpiote_out_init
 *fill*         0x000355be        0x2 
 .text.nrfx_gpiote_out_task_enable
                0x000355c0       0x28 _build/nrf52832_xxaa/nrfx_gpiote.c.o
                0x000355c0                nrfx_gpiote_out_task_enable
 .text.nrfx_gpiote_set_task_get
                0x000355e8       0x22 _build/nrf52832_xxaa/nrfx_gpiote.c.o
                0x000355e8                nrfx_gpiote_set_task_get
 .text.nrfx_gpiote_set_task_addr_get
                0x0003560a       0x24 _build/nrf52832_xxaa/nrfx_gpiote.c.o
                0x0003560a                nrfx_gpiote_set_task_addr_get
 .text.nrfx_gpiote_clr_task_get
                0x0003562e       0x22 _build/nrf52832_xxaa/nrfx_gpiote.c.o
                0x0003562e                nrfx_gpiote_clr_task_get
 .text.nrfx_gpiote_clr_task_addr_get
                0x00035650       0x24 _build/nrf52832_xxaa/nrfx_gpiote.c.o
                0x00035650                nrfx_gpiote_clr_task_addr_get
 .text.nrfx_gpiote_in_init
                0x00035674       0xe0 _build/nrf52832_xxaa/nrfx_gpiote.c.o
                0x00035674                nrfx_gpiote_in_init
 .text.nrfx_gpiote_in_event_enable
                0x00035754       0xc6 _build/nrf52832_xxaa/nrfx_gpiote.c.o
                0x00035754                nrfx_gpiote_in_event_enable
 .text.nrfx_gpiote_in_is_set
                0x0003581a       0x22 _build/nrf52832_xxaa/nrfx_gpiote.c.o
                0x0003581a                nrfx_gpiote_in_is_set
 .text.latch_pending_read_and_check
                0x0003583c       0x40 _build/nrf52832_xxaa/nrfx_gpiote.c.o
 .text.port_event_handle
                0x0003587c       0xd0 _build/nrf52832_xxaa/nrfx_gpiote.c.o
 .text.GPIOTE_IRQHandler
                0x0003594c       0xf8 _build/nrf52832_xxaa/nrfx_gpiote.c.o
                0x0003594c                GPIOTE_IRQHandler
 .text.UARTE0_UART0_IRQHandler
                0x00035a44       0x14 _build/nrf52832_xxaa/nrfx_prs.c.o
                0x00035a44                UARTE0_UART0_IRQHandler
 .text.prs_box_get
                0x00035a58       0x2c _build/nrf52832_xxaa/nrfx_prs.c.o
 .text.nrfx_prs_acquire
                0x00035a84       0x68 _build/nrf52832_xxaa/nrfx_prs.c.o
                0x00035a84                nrfx_prs_acquire
 .text.nrf_uart_event_clear
                0x00035aec       0x2e _build/nrf52832_xxaa/nrfx_uart.c.o
 .text.nrf_uart_event_check
                0x00035b1a       0x2a _build/nrf52832_xxaa/nrfx_uart.c.o
 .text.nrf_uart_int_enable
                0x00035b44       0x1e _build/nrf52832_xxaa/nrfx_uart.c.o
 .text.nrf_uart_int_disable
                0x00035b62       0x1e _build/nrf52832_xxaa/nrfx_uart.c.o
 .text.nrf_uart_rxd_get
                0x00035b80       0x1c _build/nrf52832_xxaa/nrfx_uart.c.o
 .text.nrf_uart_txd_set
                0x00035b9c       0x20 _build/nrf52832_xxaa/nrfx_uart.c.o
 .text.nrf_uart_task_trigger
                0x00035bbc       0x22 _build/nrf52832_xxaa/nrfx_uart.c.o
 .text.tx_byte  0x00035bde       0x3e _build/nrf52832_xxaa/nrfx_uart.c.o
 .text.tx_blocking
                0x00035c1c       0x54 _build/nrf52832_xxaa/nrfx_uart.c.o
 .text.nrfx_uart_tx
                0x00035c70       0xd8 _build/nrf52832_xxaa/nrfx_uart.c.o
                0x00035c70                nrfx_uart_tx
 .text.nrfx_uart_tx_in_progress
                0x00035d48       0x38 _build/nrf52832_xxaa/nrfx_uart.c.o
                0x00035d48                nrfx_uart_tx_in_progress
 .text.rx_enable
                0x00035d80       0x38 _build/nrf52832_xxaa/nrfx_uart.c.o
 .text.rx_byte  0x00035db8       0x52 _build/nrf52832_xxaa/nrfx_uart.c.o
 *fill*         0x00035e0a        0x2 
 .text.nrfx_uart_rx
                0x00035e0c      0x1c0 _build/nrf52832_xxaa/nrfx_uart.c.o
                0x00035e0c                nrfx_uart_rx
 .text.nrfx_uart_rx_enable
                0x00035fcc       0x50 _build/nrf52832_xxaa/nrfx_uart.c.o
                0x00035fcc                nrfx_uart_rx_enable
 .text.nrfx_is_in_ram
                0x0003601c       0x26 _build/nrf52832_xxaa/nrfx_uarte.c.o
 .text.nrf_uarte_event_clear
                0x00036042       0x2e _build/nrf52832_xxaa/nrfx_uarte.c.o
 .text.nrf_uarte_event_check
                0x00036070       0x2a _build/nrf52832_xxaa/nrfx_uarte.c.o
 .text.nrf_uarte_shorts_enable
                0x0003609a       0x26 _build/nrf52832_xxaa/nrfx_uarte.c.o
 .text.nrf_uarte_int_enable
                0x000360c0       0x1e _build/nrf52832_xxaa/nrfx_uarte.c.o
 .text.nrf_uarte_int_disable
                0x000360de       0x1e _build/nrf52832_xxaa/nrfx_uarte.c.o
 .text.nrf_uarte_task_trigger
                0x000360fc       0x22 _build/nrf52832_xxaa/nrfx_uarte.c.o
 .text.nrf_uarte_tx_buffer_set
                0x0003611e       0x28 _build/nrf52832_xxaa/nrfx_uarte.c.o
 .text.nrf_uarte_rx_buffer_set
                0x00036146       0x28 _build/nrf52832_xxaa/nrfx_uarte.c.o
 *fill*         0x0003616e        0x2 
 .text.nrfx_uarte_tx
                0x00036170      0x124 _build/nrf52832_xxaa/nrfx_uarte.c.o
                0x00036170                nrfx_uarte_tx
 .text.nrfx_uarte_tx_in_progress
                0x00036294       0x38 _build/nrf52832_xxaa/nrfx_uarte.c.o
                0x00036294                nrfx_uarte_tx_in_progress
 .text.nrfx_uarte_rx
                0x000362cc      0x1c8 _build/nrf52832_xxaa/nrfx_uarte.c.o
                0x000362cc                nrfx_uarte_rx
 .text.nrf_gpio_pin_port_decode
                0x00036494       0x18 _build/nrf52832_xxaa/bsp.c.o
 .text.nrf_gpio_cfg_sense_set
                0x000364ac       0x5a _build/nrf52832_xxaa/bsp.c.o
 .text.bsp_button_is_pressed
                0x00036506       0x22 _build/nrf52832_xxaa/bsp.c.o
                0x00036506                bsp_button_is_pressed
 .text.bsp_button_event_handler
                0x00036528      0x11c _build/nrf52832_xxaa/bsp.c.o
 .text.button_timer_handler
                0x00036644       0x1c _build/nrf52832_xxaa/bsp.c.o
 .text.leds_off
                0x00036660       0x40 _build/nrf52832_xxaa/bsp.c.o
 .text.bsp_led_indication
                0x000366a0      0x4d0 _build/nrf52832_xxaa/bsp.c.o
 .text.leds_timer_handler
                0x00036b70       0x30 _build/nrf52832_xxaa/bsp.c.o
 .text.alert_timer_handler
                0x00036ba0       0x16 _build/nrf52832_xxaa/bsp.c.o
 *fill*         0x00036bb6        0x2 
 .text.bsp_indication_set
                0x00036bb8       0x34 _build/nrf52832_xxaa/bsp.c.o
                0x00036bb8                bsp_indication_set
 .text.bsp_init
                0x00036bec       0xdc _build/nrf52832_xxaa/bsp.c.o
                0x00036bec                bsp_init
 .text.bsp_event_to_button_action_assign
                0x00036cc8       0x9c _build/nrf52832_xxaa/bsp.c.o
                0x00036cc8                bsp_event_to_button_action_assign
 .text.wakeup_button_cfg
                0x00036d64       0x40 _build/nrf52832_xxaa/bsp.c.o
 .text.bsp_wakeup_button_enable
                0x00036da4       0x1a _build/nrf52832_xxaa/bsp.c.o
                0x00036da4                bsp_wakeup_button_enable
 .text.connection_buttons_configure
                0x00036dbe       0x64 _build/nrf52832_xxaa/bsp_btn_ble.c.o
 .text.advertising_buttons_configure
                0x00036e22       0x64 _build/nrf52832_xxaa/bsp_btn_ble.c.o
 .text.startup_event_extract
                0x00036e86       0x3e _build/nrf52832_xxaa/bsp_btn_ble.c.o
 .text.bsp_btn_ble_sleep_mode_prepare
                0x00036ec4       0x40 _build/nrf52832_xxaa/bsp_btn_ble.c.o
                0x00036ec4                bsp_btn_ble_sleep_mode_prepare
 .text.ble_evt_handler
                0x00036f04       0x88 _build/nrf52832_xxaa/bsp_btn_ble.c.o
 .text.bsp_btn_ble_init
                0x00036f8c       0x40 _build/nrf52832_xxaa/bsp_btn_ble.c.o
                0x00036f8c                bsp_btn_ble_init
 .text.main     0x00036fcc       0x60 _build/nrf52832_xxaa/main.c.o
                0x00036fcc                main
 .text._DoInit  0x0003702c       0x9c _build/nrf52832_xxaa/SEGGER_RTT.c.o
 .text._WriteBlocking
                0x000370c8       0xb4 _build/nrf52832_xxaa/SEGGER_RTT.c.o
 .text._WriteNoCheck
                0x0003717c       0x80 _build/nrf52832_xxaa/SEGGER_RTT.c.o
 .text._GetAvailWriteSpace
                0x000371fc       0x46 _build/nrf52832_xxaa/SEGGER_RTT.c.o
 *fill*         0x00037242        0x2 
 .text.SEGGER_RTT_WriteNoLock
                0x00037244       0xa0 _build/nrf52832_xxaa/SEGGER_RTT.c.o