Archive member included to satisfy reference by file (symbol)

c:/program files (x86)/gnu arm embedded toolchain/10 2020-q4-major/bin/../lib/gcc/arm-none-eabi/10.2.1/../../../../arm-none-eabi/lib/thumb/v7e-m+fp/hard\libc_nano.a(lib_a-atoi.o)
                              _build/nrf52832_xxaa/main.c.o (atoi)
c:/program files (x86)/gnu arm embedded toolchain/10 2020-q4-major/bin/../lib/gcc/arm-none-eabi/10.2.1/../../../../arm-none-eabi/lib/thumb/v7e-m+fp/hard\libc_nano.a(lib_a-ctype_.o)
                              _build/nrf52832_xxaa/nrf_log_str_formatter.c.o (_ctype_)
c:/program files (x86)/gnu arm embedded toolchain/10 2020-q4-major/bin/../lib/gcc/arm-none-eabi/10.2.1/../../../../arm-none-eabi/lib/thumb/v7e-m+fp/hard\libc_nano.a(lib_a-exit.o)
                              c:/program files (x86)/gnu arm embedded toolchain/10 2020-q4-major/bin/../lib/gcc/arm-none-eabi/10.2.1/../../../../arm-none-eabi/lib/thumb/v7e-m+fp/hard/crt0.o (exit)
c:/program files (x86)/gnu arm embedded toolchain/10 2020-q4-major/bin/../lib/gcc/arm-none-eabi/10.2.1/../../../../arm-none-eabi/lib/thumb/v7e-m+fp/hard\libc_nano.a(lib_a-impure.o)
                              c:/program files (x86)/gnu arm embedded toolchain/10 2020-q4-major/bin/../lib/gcc/arm-none-eabi/10.2.1/../../../../arm-none-eabi/lib/thumb/v7e-m+fp/hard\libc_nano.a(lib_a-exit.o) (_global_impure_ptr)
c:/program files (x86)/gnu arm embedded toolchain/10 2020-q4-major/bin/../lib/gcc/arm-none-eabi/10.2.1/../../../../arm-none-eabi/lib/thumb/v7e-m+fp/hard\libc_nano.a(lib_a-init.o)
                              c:/program files (x86)/gnu arm embedded toolchain/10 2020-q4-major/bin/../lib/gcc/arm-none-eabi/10.2.1/../../../../arm-none-eabi/lib/thumb/v7e-m+fp/hard/crt0.o (__libc_init_array)
c:/program files (x86)/gnu arm embedded toolchain/10 2020-q4-major/bin/../lib/gcc/arm-none-eabi/10.2.1/../../../../arm-none-eabi/lib/thumb/v7e-m+fp/hard\libc_nano.a(lib_a-memcmp.o)
                              _build/nrf52832_xxaa/ble_advdata.c.o (memcmp)
c:/program files (x86)/gnu arm embedded toolchain/10 2020-q4-major/bin/../lib/gcc/arm-none-eabi/10.2.1/../../../../arm-none-eabi/lib/thumb/v7e-m+fp/hard\libc_nano.a(lib_a-memcpy-stub.o)
                              _build/nrf52832_xxaa/ble_tes_c.c.o (memcpy)
c:/program files (x86)/gnu arm embedded toolchain/10 2020-q4-major/bin/../lib/gcc/arm-none-eabi/10.2.1/../../../../arm-none-eabi/lib/thumb/v7e-m+fp/hard\libc_nano.a(lib_a-memset.o)
                              c:/program files (x86)/gnu arm embedded toolchain/10 2020-q4-major/bin/../lib/gcc/arm-none-eabi/10.2.1/../../../../arm-none-eabi/lib/thumb/v7e-m+fp/hard/crt0.o (memset)
c:/program files (x86)/gnu arm embedded toolchain/10 2020-q4-major/bin/../lib/gcc/arm-none-eabi/10.2.1/../../../../arm-none-eabi/lib/thumb/v7e-m+fp/hard\libc_nano.a(lib_a-nano-vfprintf_float.o)
                              (_printf_float)
c:/program files (x86)/gnu arm embedded toolchain/10 2020-q4-major/bin/../lib/gcc/arm-none-eabi/10.2.1/../../../../arm-none-eabi/lib/thumb/v7e-m+fp/hard\libc_nano.a(lib_a-nano-vfprintf_i.o)
                              c:/program files (x86)/gnu arm embedded toolchain/10 2020-q4-major/bin/../lib/gcc/arm-none-eabi/10.2.1/../../../../arm-none-eabi/lib/thumb/v7e-m+fp/hard\libc_nano.a(lib_a-nano-vfprintf_float.o) (_printf_common)
c:/program files (x86)/gnu arm embedded toolchain/10 2020-q4-major/bin/../lib/gcc/arm-none-eabi/10.2.1/../../../../arm-none-eabi/lib/thumb/v7e-m+fp/hard\libc_nano.a(lib_a-sprintf.o)
                              _build/nrf52832_xxaa/main.c.o (sprintf)
c:/program files (x86)/gnu arm embedded toolchain/10 2020-q4-major/bin/../lib/gcc/arm-none-eabi/10.2.1/../../../../arm-none-eabi/lib/thumb/v7e-m+fp/hard\libc_nano.a(lib_a-strcpy.o)
                              _build/nrf52832_xxaa/SEGGER_RTT.c.o (strcpy)
c:/program files (x86)/gnu arm embedded toolchain/10 2020-q4-major/bin/../lib/gcc/arm-none-eabi/10.2.1/../../../../arm-none-eabi/lib/thumb/v7e-m+fp/hard\libc_nano.a(lib_a-strlen.o)
                              _build/nrf52832_xxaa/nrf_log_frontend.c.o (strlen)
c:/program files (x86)/gnu arm embedded toolchain/10 2020-q4-major/bin/../lib/gcc/arm-none-eabi/10.2.1/../../../../arm-none-eabi/lib/thumb/v7e-m+fp/hard\libc_nano.a(lib_a-strtol.o)
                              c:/program files (x86)/gnu arm embedded toolchain/10 2020-q4-major/bin/../lib/gcc/arm-none-eabi/10.2.1/../../../../arm-none-eabi/lib/thumb/v7e-m+fp/hard\libc_nano.a(lib_a-atoi.o) (_strtol_r)
c:/program files (x86)/gnu arm embedded toolchain/10 2020-q4-major/bin/../lib/gcc/arm-none-eabi/10.2.1/../../../../arm-none-eabi/lib/thumb/v7e-m+fp/hard\libc_nano.a(lib_a-dtoa.o)
                              c:/program files (x86)/gnu arm embedded toolchain/10 2020-q4-major/bin/../lib/gcc/arm-none-eabi/10.2.1/../../../../arm-none-eabi/lib/thumb/v7e-m+fp/hard\libc_nano.a(lib_a-nano-vfprintf_float.o) (_dtoa_r)
[...]
Memory Configuration

Name             Origin             Length             Attributes
FLASH            0x00026000         0x0005a000         xr
RAM              0x20008f88         0x00007078         xrw
*default*        0x00000000         0xffffffff

Linker script and memory map


.text           0x00026000    0x18a08
 *(.isr_vector)
 .isr_vector    0x00026000      0x200 _build/nrf52832_xxaa/gcc_startup_nrf52.S.o
                0x00026000                __isr_vector
 *(.text*)
 .text          0x00026200       0x40 c:/program files (x86)/gnu arm embedded toolchain/10 2020-q4-major/bin/../lib/gcc/arm-none-eabi/10.2.1/thumb/v7e-m+fp/hard/crtbegin.o
 .text          0x00026240       0x7c c:/program files (x86)/gnu arm embedded toolchain/10 2020-q4-major/bin/../lib/gcc/arm-none-eabi/10.2.1/../../../../arm-none-eabi/lib/thumb/v7e-m+fp/hard/crt0.o
                0x00026240                _stack_init
                0x00026248                _start
                0x00026248                _mainCRTStartup
 .text.nrf_ppi_channel_disable
                0x000262bc       0x28 _build/nrf52832_xxaa/nrfx_ppi.c.o
 .text.nrf_ppi_channel_endpoint_setup
                0x000262e4       0x38 _build/nrf52832_xxaa/nrfx_ppi.c.o
 .text.nrf_ppi_fork_endpoint_setup
                0x0002631c       0x2c _build/nrf52832_xxaa/nrfx_ppi.c.o
 .text.nrfx_ppi_channel_to_mask
                0x00026348       0x1e _build/nrf52832_xxaa/nrfx_ppi.c.o
 .text.group_to_mask
                0x00026366       0x1e _build/nrf52832_xxaa/nrfx_ppi.c.o
 .text.is_programmable_app_channel
                0x00026384       0x2a _build/nrf52832_xxaa/nrfx_ppi.c.o
 *fill*         0x000263ae        0x2 
 .text.is_allocated_channel
                0x000263b0       0x30 _build/nrf52832_xxaa/nrfx_ppi.c.o
 .text.channel_allocated_set
                0x000263e0       0x2c _build/nrf52832_xxaa/nrfx_ppi.c.o
 .text.channel_allocated_clr
                0x0002640c       0x2c _build/nrf52832_xxaa/nrfx_ppi.c.o
 .text.is_allocated_group
                0x00026438       0x34 _build/nrf52832_xxaa/nrfx_ppi.c.o
 .text.group_allocated_set
                0x0002646c       0x30 _build/nrf52832_xxaa/nrfx_ppi.c.o
 .text.nrfx_ppi_channel_alloc
                0x0002649c       0xa4 _build/nrf52832_xxaa/nrfx_ppi.c.o
                0x0002649c                nrfx_ppi_channel_alloc
 .text.nrfx_ppi_channel_free
                0x00026540       0x58 _build/nrf52832_xxaa/nrfx_ppi.c.o
                0x00026540                nrfx_ppi_channel_free
 .text.nrfx_ppi_channel_assign
                0x00026598       0x6c _build/nrf52832_xxaa/nrfx_ppi.c.o
                0x00026598                nrfx_ppi_channel_assign
 .text.nrfx_ppi_channel_fork_assign
                0x00026604       0x3e _build/nrf52832_xxaa/nrfx_ppi.c.o
                0x00026604                nrfx_ppi_channel_fork_assign
 .text.nrfx_ppi_group_alloc
                0x00026642       0x9a _build/nrf52832_xxaa/nrfx_ppi.c.o
                0x00026642                nrfx_ppi_group_alloc
 .text.sd_ble_gattc_read
                0x000266dc        0x8 _build/nrf52832_xxaa/ble_tes_c.c.o
 .text.sd_ble_gattc_write
                0x000266e4        0x8 _build/nrf52832_xxaa/ble_tes_c.c.o
 .text.sd_ble_uuid_vs_add
                0x000266ec        0x8 _build/nrf52832_xxaa/ble_tes_c.c.o
 .text.tx_buffer_process
                0x000266f4       0xf8 _build/nrf52832_xxaa/ble_tes_c.c.o
 .text.on_write_rsp
                0x000267ec       0x24 _build/nrf52832_xxaa/ble_tes_c.c.o
 .text.on_hvx   0x00026810       0xc4 _build/nrf52832_xxaa/ble_tes_c.c.o
 .text.on_disconnected
                0x000268d4       0xa2 _build/nrf52832_xxaa/ble_tes_c.c.o
 *fill*         0x00026976        0x2 
 .text.ble_thingy_tes_on_db_disc_evt
                0x00026978      0x364 _build/nrf52832_xxaa/ble_tes_c.c.o
                0x00026978                ble_thingy_tes_on_db_disc_evt
 .text.ble_thingy_tes_c_init
                0x00026cdc      0x110 _build/nrf52832_xxaa/ble_tes_c.c.o
                0x00026cdc                ble_thingy_tes_c_init
 .text.ble_tes_c_on_ble_evt
                0x00026dec       0x5a _build/nrf52832_xxaa/ble_tes_c.c.o
                0x00026dec                ble_tes_c_on_ble_evt
 *fill*         0x00026e46        0x2 
 .text.cccd_configure_tes
                0x00026e48       0xb4 _build/nrf52832_xxaa/ble_tes_c.c.o
 .text.ble_tes_c_quaternion_notif_enable
                0x00026efc       0x3c _build/nrf52832_xxaa/ble_tes_c.c.o
                0x00026efc                ble_tes_c_quaternion_notif_enable
 .text.ble_tes_c_adc_notif_enable
                0x00026f38       0x3c _build/nrf52832_xxaa/ble_tes_c.c.o
                0x00026f38                ble_tes_c_adc_notif_enable
 .text.ble_tes_c_euler_notif_enable
                0x00026f74       0x3c _build/nrf52832_xxaa/ble_tes_c.c.o
                0x00026f74                ble_tes_c_euler_notif_enable
 .text.ble_tes_c_raw_notif_enable
                0x00026fb0       0x3c _build/nrf52832_xxaa/ble_tes_c.c.o
                0x00026fb0                ble_tes_c_raw_notif_enable
 .text.ble_tes_config_set
                0x00026fec       0x70 _build/nrf52832_xxaa/ble_tes_c.c.o
                0x00026fec                ble_tes_config_set
 .text.ble_tes_c_handles_assign
                0x0002705c       0x64 _build/nrf52832_xxaa/ble_tes_c.c.o
                0x0002705c                ble_tes_c_handles_assign
 .text.nrf_atflags_set
                0x000270c0       0x32 _build/nrf52832_xxaa/nrf_atflags.c.o
                0x000270c0                nrf_atflags_set
 .text.nrf_atflags_clear
                0x000270f2       0x34 _build/nrf52832_xxaa/nrf_atflags.c.o
                0x000270f2                nrf_atflags_clear
 .text.nrf_atflags_get
                0x00027126       0x3a _build/nrf52832_xxaa/nrf_atflags.c.o
                0x00027126                nrf_atflags_get
 .text.bcs_internal_state_reset
                0x00027160       0x18 _build/nrf52832_xxaa/ble_conn_state.c.o
                0x00027160                bcs_internal_state_reset
 .text.conn_handle_list_get
                0x00027178       0x6c _build/nrf52832_xxaa/ble_conn_state.c.o
                0x00027178                conn_handle_list_get
 .text.active_flag_count
                0x000271e4       0x3e _build/nrf52832_xxaa/ble_conn_state.c.o
                0x000271e4                active_flag_count
 *fill*         0x00027222        0x2 
 .text.record_activate
                0x00027224       0x3c _build/nrf52832_xxaa/ble_conn_state.c.o
 .text.record_invalidate
                0x00027260       0x40 _build/nrf52832_xxaa/ble_conn_state.c.o
 .text.record_set_disconnected
                0x000272a0       0x20 _build/nrf52832_xxaa/ble_conn_state.c.o
 .text.record_purge_disconnected
                0x000272c0       0x78 _build/nrf52832_xxaa/ble_conn_state.c.o
 .text.ble_conn_state_init
                0x00027338        0xc _build/nrf52832_xxaa/ble_conn_state.c.o
                0x00027338                ble_conn_state_init
 .text.flag_toggle
                0x00027344       0x34 _build/nrf52832_xxaa/ble_conn_state.c.o
 .text.ble_evt_handler
                0x00027378      0x124 _build/nrf52832_xxaa/ble_conn_state.c.o
 .text.ble_conn_state_central_conn_count
                0x0002749c       0x30 _build/nrf52832_xxaa/ble_conn_state.c.o
                0x0002749c                ble_conn_state_central_conn_count
 .text.__NVIC_EnableIRQ
                0x000274cc       0x3c _build/nrf52832_xxaa/time_sync.c.o
 .text.__NVIC_DisableIRQ
                0x00027508       0x48 _build/nrf52832_xxaa/time_sync.c.o
 .text.__NVIC_ClearPendingIRQ
                0x00027550       0x3c _build/nrf52832_xxaa/time_sync.c.o
 .text.__NVIC_SetPriority
                0x0002758c       0x54 _build/nrf52832_xxaa/time_sync.c.o
 .text.sd_power_mode_set
                0x000275e0        0x8 _build/nrf52832_xxaa/time_sync.c.o
 .text.sd_clock_hfclk_request
                0x000275e8        0x8 _build/nrf52832_xxaa/time_sync.c.o
 .text.sd_radio_session_open
                0x000275f0        0x8 _build/nrf52832_xxaa/time_sync.c.o
 .text.sd_radio_session_close
                0x000275f8        0x8 _build/nrf52832_xxaa/time_sync.c.o
 .text.sd_radio_request
                0x00027600        0x8 _build/nrf52832_xxaa/time_sync.c.o
 .text.nrf_ppi_channel_enable
                0x00027608       0x28 _build/nrf52832_xxaa/time_sync.c.o
 .text.nrf_ppi_channel_disable
                0x00027630       0x28 _build/nrf52832_xxaa/time_sync.c.o
 .text.increment_desync_timeout
                0x00027658       0x54 _build/nrf52832_xxaa/time_sync.c.o
 .text.increment_tx_offset_timeout
                0x000276ac       0x54 _build/nrf52832_xxaa/time_sync.c.o
 .text.tx_buf_get
                0x00027700       0x48 _build/nrf52832_xxaa/time_sync.c.o
 .text.RADIO_IRQHandler
                0x00027748       0x98 _build/nrf52832_xxaa/time_sync.c.o
                0x00027748                RADIO_IRQHandler
 .text.radio_callback
                0x000277e0      0x22c _build/nrf52832_xxaa/time_sync.c.o
 .text.update_radio_parameters
                0x00027a0c       0xd8 _build/nrf52832_xxaa/time_sync.c.o
 .text.timeslot_end_handler
                0x00027ae4       0x2c _build/nrf52832_xxaa/time_sync.c.o
 .text.timeslot_begin_handler
                0x00027b10       0xf0 _build/nrf52832_xxaa/time_sync.c.o
 .text.ts_on_sys_evt
                0x00027c00      0x190 _build/nrf52832_xxaa/time_sync.c.o
 .text.timestamp_counter_start
                0x00027d90       0x48 _build/nrf52832_xxaa/time_sync.c.o
 .text.sync_timer_start
                0x00027dd8       0xa0 _build/nrf52832_xxaa/time_sync.c.o
 .text.calculate_tx_start_offset
                0x00027e78      0x14c _build/nrf52832_xxaa/time_sync.c.o
 .text.ts_set_trigger
                0x00027fc4       0x84 _build/nrf52832_xxaa/time_sync.c.o
                0x00027fc4                ts_set_trigger
 .text.SWI3_EGU3_IRQHandler
                0x00028048      0x144 _build/nrf52832_xxaa/time_sync.c.o
                0x00028048                SWI3_EGU3_IRQHandler
 .text.sync_timer_offset_compensate
                0x0002818c      0x108 _build/nrf52832_xxaa/time_sync.c.o
 .text.ppi_sync_timer_adjust_configure
                0x00028294       0xec _build/nrf52832_xxaa/time_sync.c.o
 .text.ppi_radio_rx_configure
                0x00028380       0x60 _build/nrf52832_xxaa/time_sync.c.o
 .text.ppi_radio_tx_configure
                0x000283e0       0x64 _build/nrf52832_xxaa/time_sync.c.o
 .text.ppi_timestamp_timer_configure
                0x00028444       0x64 _build/nrf52832_xxaa/time_sync.c.o
 .text.ppi_counter_timer_capture_configure
                0x000284a8       0x64 _build/nrf52832_xxaa/time_sync.c.o
 .text.ppi_counter_timer_capture_disable
                0x0002850c       0x4c _build/nrf52832_xxaa/time_sync.c.o
 .text.ppi_radio_rx_disable
                0x00028558       0x2c _build/nrf52832_xxaa/time_sync.c.o
 .text.ppi_sync_timer_adjust_enable
                0x00028584       0x24 _build/nrf52832_xxaa/time_sync.c.o
 .text.ppi_sync_trigger_configure
                0x000285a8       0x48 _build/nrf52832_xxaa/time_sync.c.o
 .text.timers_capture
                0x000285f0       0xfc _build/nrf52832_xxaa/time_sync.c.o
 .text.ts_init  0x000286ec       0xbc _build/nrf52832_xxaa/time_sync.c.o
                0x000286ec                ts_init
 .text.ts_enable
                0x000287a8      0x118 _build/nrf52832_xxaa/time_sync.c.o
                0x000287a8                ts_enable
 .text.ts_tx_start
                0x000288c0       0x98 _build/nrf52832_xxaa/time_sync.c.o
                0x000288c0                ts_tx_start
 .text.ts_tx_stop
                0x00028958       0x14 _build/nrf52832_xxaa/time_sync.c.o
                0x00028958                ts_tx_stop
 .text.ts_timestamp_get_ticks_u64
                0x0002896c      0x106 _build/nrf52832_xxaa/time_sync.c.o
                0x0002896c                ts_timestamp_get_ticks_u64
 *fill*         0x00028a72        0x2 
 .text          0x00028a74       0x3c _build/nrf52832_xxaa/gcc_startup_nrf52.S.o
                0x00028a74                Reset_Handler
                0x00028a9c                NMI_Handler
                0x00028a9e                HardFault_Handler
                0x00028aa0                MemoryManagement_Handler
                0x00028aa2                BusFault_Handler
                0x00028aa4                UsageFault_Handler
                0x00028aa6                SVC_Handler
                0x00028aa8                DebugMon_Handler
                0x00028aaa                PendSV_Handler
                0x00028aac                SysTick_Handler
                0x00028aae                TEMP_IRQHandler
                0x00028aae                QDEC_IRQHandler
                0x00028aae                TIMER3_IRQHandler
                0x00028aae                FPU_IRQHandler
                0x00028aae                RTC0_IRQHandler
                0x00028aae                PWM1_IRQHandler
                0x00028aae                TIMER4_IRQHandler
                0x00028aae                PDM_IRQHandler
                0x00028aae                SWI4_EGU4_IRQHandler
                0x00028aae                TIMER0_IRQHandler
                0x00028aae                SPIM0_SPIS0_TWIM0_TWIS0_SPI0_TWI0_IRQHandler
                0x00028aae                TIMER1_IRQHandler
                0x00028aae                PWM2_IRQHandler
                0x00028aae                ECB_IRQHandler
                0x00028aae                SPIM1_SPIS1_TWIM1_TWIS1_SPI1_TWI1_IRQHandler
                0x00028aae                Default_Handler
                0x00028aae                SAADC_IRQHandler
                0x00028aae                CCM_AAR_IRQHandler
                0x00028aae                WDT_IRQHandler
                0x00028aae                I2S_IRQHandler
                0x00028aae                SWI5_EGU5_IRQHandler
                0x00028aae                RNG_IRQHandler
                0x00028aae                RTC2_IRQHandler
                0x00028aae                PWM0_IRQHandler
                0x00028aae                SWI1_EGU1_IRQHandler
                0x00028aae                SPIM2_SPIS2_SPI2_IRQHandler
                0x00028aae                NFCT_IRQHandler
                0x00028aae                SWI0_EGU0_IRQHandler
                0x00028aae                MWU_IRQHandler
                0x00028aae                TIMER2_IRQHandler
                0x00028aae                COMP_LPCOMP_IRQHandler
 .text.nrfx_coredep_delay_us
                0x00028ab0       0x30 _build/nrf52832_xxaa/nrf_log_backend_rtt.c.o
 .text.nrf_delay_ms
                0x00028ae0       0x2c _build/nrf52832_xxaa/nrf_log_backend_rtt.c.o
 .text.nrf_log_backend_rtt_init
                0x00028b0c        0xc _build/nrf52832_xxaa/nrf_log_backend_rtt.c.o
                0x00028b0c                nrf_log_backend_rtt_init
 .text.serial_tx
                0x00028b18       0x88 _build/nrf52832_xxaa/nrf_log_backend_rtt.c.o
 .text.nrf_log_backend_rtt_put
                0x00028ba0       0x2c _build/nrf52832_xxaa/nrf_log_backend_rtt.c.o
 .text.nrf_log_backend_rtt_flush
                0x00028bcc       0x14 _build/nrf52832_xxaa/nrf_log_backend_rtt.c.o
 .text.nrf_log_backend_rtt_panic_set
                0x00028be0       0x14 _build/nrf52832_xxaa/nrf_log_backend_rtt.c.o
 .text.nrf_log_backend_serial_put
                0x00028bf4      0x132 _build/nrf52832_xxaa/nrf_log_backend_serial.c.o
                0x00028bf4                nrf_log_backend_serial_put
 .text.nrf_log_backend_enable
                0x00028d26       0x1c _build/nrf52832_xxaa/nrf_log_default_backends.c.o
 *fill*         0x00028d42        0x2 
 .text.nrf_log_default_backends_init
                0x00028d44       0x2c _build/nrf52832_xxaa/nrf_log_default_backends.c.o
                0x00028d44                nrf_log_default_backends_init
 .text.nrf_log_backend_put
                0x00028d70       0x1e _build/nrf52832_xxaa/nrf_log_frontend.c.o
 .text.nrf_log_backend_panic_set
                0x00028d8e       0x1a _build/nrf52832_xxaa/nrf_log_frontend.c.o
 .text.nrf_log_backend_flush
                0x00028da8       0x1a _build/nrf52832_xxaa/nrf_log_frontend.c.o
 .text.nrf_log_backend_id_set
                0x00028dc2       0x20 _build/nrf52832_xxaa/nrf_log_frontend.c.o
 .text.nrf_log_backend_id_get
                0x00028de2       0x1a _build/nrf52832_xxaa/nrf_log_frontend.c.o
 .text.nrf_log_backend_enable
                0x00028dfc       0x1c _build/nrf52832_xxaa/nrf_log_frontend.c.o
 .text.nrf_log_backend_is_enabled
                0x00028e18       0x1a _build/nrf52832_xxaa/nrf_log_frontend.c.o
 *fill*         0x00028e32        0x2 
 .text.nrf_log_init
                0x00028e34       0x50 _build/nrf52832_xxaa/nrf_log_frontend.c.o
                0x00028e34                nrf_log_init
 .text.nrf_log_module_cnt_get
                0x00028e84       0x20 _build/nrf52832_xxaa/nrf_log_frontend.c.o
                0x00028e84                nrf_log_module_cnt_get
 .text.module_idx_get
                0x00028ea4       0x60 _build/nrf52832_xxaa/nrf_log_frontend.c.o
 .text.nrf_log_module_name_get
                0x00028f04       0x3c _build/nrf52832_xxaa/nrf_log_frontend.c.o
                0x00028f04                nrf_log_module_name_get
 .text.nrf_log_color_id_get
                0x00028f40       0x68 _build/nrf52832_xxaa/nrf_log_frontend.c.o
                0x00028f40                nrf_log_color_id_get
 .text.invalid_packets_omit
                0x00028fa8       0x72 _build/nrf52832_xxaa/nrf_log_frontend.c.o
 *fill*         0x0002901a        0x2 
 .text.log_skip
                0x0002901c       0xfc _build/nrf52832_xxaa/nrf_log_frontend.c.o
 .text.dropped_sat16_get
                0x00029118       0x2c _build/nrf52832_xxaa/nrf_log_frontend.c.o
 .text.std_header_set
                0x00029144       0x9c _build/nrf52832_xxaa/nrf_log_frontend.c.o
 .text.buf_prealloc
                0x000291e0      0x118 _build/nrf52832_xxaa/nrf_log_frontend.c.o
 .text.std_n    0x000292f8       0x98 _build/nrf52832_xxaa/nrf_log_frontend.c.o
 .text.nrf_log_frontend_std_0
                0x00029390       0x1e _build/nrf52832_xxaa/nrf_log_frontend.c.o
                0x00029390                nrf_log_frontend_std_0
 .text.nrf_log_frontend_std_1
                0x000293ae       0x26 _build/nrf52832_xxaa/nrf_log_frontend.c.o
                0x000293ae                nrf_log_frontend_std_1
 .text.nrf_log_frontend_std_2
                0x000293d4       0x2c _build/nrf52832_xxaa/nrf_log_frontend.c.o
                0x000293d4                nrf_log_frontend_std_2
 .text.nrf_log_frontend_std_3
                0x00029400       0x30 _build/nrf52832_xxaa/nrf_log_frontend.c.o
                0x00029400                nrf_log_frontend_std_3
 .text.nrf_log_frontend_std_4
                0x00029430       0x34 _build/nrf52832_xxaa/nrf_log_frontend.c.o
                0x00029430                nrf_log_frontend_std_4
 .text.nrf_log_frontend_std_6
                0x00029464       0x3c _build/nrf52832_xxaa/nrf_log_frontend.c.o
                0x00029464                nrf_log_frontend_std_6
 .text.buffer_is_empty
                0x000294a0       0x24 _build/nrf52832_xxaa/nrf_log_frontend.c.o
                0x000294a0                buffer_is_empty
 .text.nrf_log_frontend_dequeue
                0x000294c4      0x384 _build/nrf52832_xxaa/nrf_log_frontend.c.o
                0x000294c4                nrf_log_frontend_dequeue
 .text.backend_id_assign
                0x00029848       0x64 _build/nrf52832_xxaa/nrf_log_frontend.c.o
 .text.nrf_log_backend_add
                0x000298ac       0x70 _build/nrf52832_xxaa/nrf_log_frontend.c.o
                0x000298ac                nrf_log_backend_add
 .text.nrf_log_panic
                0x0002991c       0x40 _build/nrf52832_xxaa/nrf_log_frontend.c.o
                0x0002991c                nrf_log_panic
 .text.timestamp_print
                0x0002995c       0x16 _build/nrf52832_xxaa/nrf_log_str_formatter.c.o
 *fill*         0x00029972        0x2 
 .text.prefix_process
                0x00029974       0xb4 _build/nrf52832_xxaa/nrf_log_str_formatter.c.o
 .text.postfix_process
                0x00029a28       0x60 _build/nrf52832_xxaa/nrf_log_str_formatter.c.o
 .text.nrf_log_std_entry_process
                0x00029a88      0x144 _build/nrf52832_xxaa/nrf_log_str_formatter.c.o
                0x00029a88                nrf_log_std_entry_process
 .text.nrf_log_hexdump_entry_process
                0x00029bcc       0xf0 _build/nrf52832_xxaa/nrf_log_str_formatter.c.o
                0x00029bcc                nrf_log_hexdump_entry_process
 .text.state_get
                0x00029cbc       0x48 _build/nrf52832_xxaa/app_button.c.o
 .text.state_set
                0x00029d04       0x84 _build/nrf52832_xxaa/app_button.c.o
 .text.button_get
                0x00029d88       0x54 _build/nrf52832_xxaa/app_button.c.o
 .text.usr_event
                0x00029ddc       0x3c _build/nrf52832_xxaa/app_button.c.o
 .text.evt_handle
                0x00029e18      0x19c _build/nrf52832_xxaa/app_button.c.o
                0x00029e18                evt_handle
 .text.timer_start
                0x00029fb4       0x28 _build/nrf52832_xxaa/app_button.c.o
 .text.detection_delay_timeout_handler
                0x00029fdc       0x88 _build/nrf52832_xxaa/app_button.c.o
 .text.gpiote_event_handler
                0x0002a064       0x64 _build/nrf52832_xxaa/app_button.c.o
 .text.app_button_init
                0x0002a0c8       0xf8 _build/nrf52832_xxaa/app_button.c.o
                0x0002a0c8                app_button_init
 .text.app_button_enable
                0x0002a1c0       0x44 _build/nrf52832_xxaa/app_button.c.o
                0x0002a1c0                app_button_enable
 .text.app_error_handler_bare
                0x0002a204       0x2c _build/nrf52832_xxaa/app_error.c.o
                0x0002a204                app_error_handler_bare
 .text.app_error_handler
                0x0002a230       0x1c _build/nrf52832_xxaa/app_error_handler_gcc.c.o
                0x0002a230                app_error_handler
 .text.__NVIC_SystemReset
                0x0002a24c       0x2c _build/nrf52832_xxaa/app_error_weak.c.o
 .text.app_error_fault_handler
                0x0002a278       0x74 _build/nrf52832_xxaa/app_error_weak.c.o
                0x0002a278                app_error_fault_handler
 .text.fifo_length
                0x0002a2ec       0x22 _build/nrf52832_xxaa/app_fifo.c.o
 .text.fifo_put
                0x0002a30e       0x36 _build/nrf52832_xxaa/app_fifo.c.o
 .text.fifo_peek
                0x0002a344       0x34 _build/nrf52832_xxaa/app_fifo.c.o
 .text.fifo_get
                0x0002a378       0x26 _build/nrf52832_xxaa/app_fifo.c.o
 .text.app_fifo_init
                0x0002a39e       0x58 _build/nrf52832_xxaa/app_fifo.c.o
                0x0002a39e                app_fifo_init
 .text.app_fifo_put
                0x0002a3f6       0x34 _build/nrf52832_xxaa/app_fifo.c.o
                0x0002a3f6                app_fifo_put
 .text.app_fifo_get
                0x0002a42a       0x2c _build/nrf52832_xxaa/app_fifo.c.o
                0x0002a42a                app_fifo_get
 .text.app_fifo_read
                0x0002a456       0x82 _build/nrf52832_xxaa/app_fifo.c.o
                0x0002a456                app_fifo_read
 .text.app_fifo_write
                0x0002a4d8       0x90 _build/nrf52832_xxaa/app_fifo.c.o
                0x0002a4d8                app_fifo_write
 .text.is_word_aligned
                0x0002a568       0x24 _build/nrf52832_xxaa/app_scheduler.c.o
 .text.next_index
                0x0002a58c       0x30 _build/nrf52832_xxaa/app_scheduler.c.o
 .text.app_sched_queue_full
                0x0002a5bc       0x38 _build/nrf52832_xxaa/app_scheduler.c.o
 .text.app_sched_queue_empty
                0x0002a5f4       0x34 _build/nrf52832_xxaa/app_scheduler.c.o
 .text.app_sched_init
                0x0002a628       0x7c _build/nrf52832_xxaa/app_scheduler.c.o
                0x0002a628                app_sched_init
 .text.app_sched_event_put
                0x0002a6a4       0xe0 _build/nrf52832_xxaa/app_scheduler.c.o
                0x0002a6a4                app_sched_event_put
 .text.is_app_sched_paused
                0x0002a784       0x10 _build/nrf52832_xxaa/app_scheduler.c.o
 .text.app_sched_execute
                0x0002a794       0x90 _build/nrf52832_xxaa/app_scheduler.c.o
                0x0002a794                app_sched_execute
 .text.get_now  0x0002a824       0x68 _build/nrf52832_xxaa/app_timer2.c.o
 .text.compare_func
                0x0002a88c       0x48 _build/nrf52832_xxaa/app_timer2.c.o
 .text.timer_expire
                0x0002a8d4       0xb4 _build/nrf52832_xxaa/app_timer2.c.o
 .text.rtc_schedule
                0x0002a988       0xa4 _build/nrf52832_xxaa/app_timer2.c.o
 .text.sortlist_pop
                0x0002aa2c       0x1c _build/nrf52832_xxaa/app_timer2.c.o
 .text.sortlist_peek
                0x0002aa48       0x1c _build/nrf52832_xxaa/app_timer2.c.o
 .text.sorted_list_stop_all
                0x0002aa64       0x28 _build/nrf52832_xxaa/app_timer2.c.o
 .text.on_overflow_evt
                0x0002aa8c       0x28 _build/nrf52832_xxaa/app_timer2.c.o
 .text.on_compare_evt
                0x0002aab4       0x2c _build/nrf52832_xxaa/app_timer2.c.o
 .text.on_compare1_evt
                0x0002aae0       0x24 _build/nrf52832_xxaa/app_timer2.c.o
 .text.rtc_update
                0x0002ab04       0xc8 _build/nrf52832_xxaa/app_timer2.c.o
 .text.timer_req_process
                0x0002abcc       0xd0 _build/nrf52832_xxaa/app_timer2.c.o
 .text.rtc_irq  0x0002ac9c       0x54 _build/nrf52832_xxaa/app_timer2.c.o
 .text.timer_request_proc_trigger
                0x0002acf0       0x14 _build/nrf52832_xxaa/app_timer2.c.o
 .text.timer_req_schedule
                0x0002ad04       0x58 _build/nrf52832_xxaa/app_timer2.c.o
 .text.app_timer_init
                0x0002ad5c       0x7c _build/nrf52832_xxaa/app_timer2.c.o
                0x0002ad5c                app_timer_init
 .text.app_timer_create
                0x0002add8       0x44 _build/nrf52832_xxaa/app_timer2.c.o
                0x0002add8                app_timer_create
 .text.app_timer_start
                0x0002ae1c       0x66 _build/nrf52832_xxaa/app_timer2.c.o
                0x0002ae1c                app_timer_start
 .text.app_timer_stop
                0x0002ae82       0x24 _build/nrf52832_xxaa/app_timer2.c.o
                0x0002ae82                app_timer_stop
 *fill*         0x0002aea6        0x2 
 .text.app_timer_cnt_get
                0x0002aea8       0x14 _build/nrf52832_xxaa/app_timer2.c.o
                0x0002aea8                app_timer_cnt_get
 .text.nrf_drv_uart_tx
                0x0002aebc       0x60 _build/nrf52832_xxaa/app_uart_fifo.c.o
 .text.nrf_drv_uart_tx_in_progress
                0x0002af1c       0x54 _build/nrf52832_xxaa/app_uart_fifo.c.o
 .text.nrf_drv_uart_rx
                0x0002af70       0x60 _build/nrf52832_xxaa/app_uart_fifo.c.o
 .text.app_uart_get
                0x0002afd0       0x5c _build/nrf52832_xxaa/app_uart_fifo.c.o
                0x0002afd0                app_uart_get
 .text.app_uart_put
                0x0002b02c       0x60 _build/nrf52832_xxaa/app_uart_fifo.c.o
                0x0002b02c                app_uart_put
 .text.__sd_nvic_irq_disable
                0x0002b08c       0x22 _build/nrf52832_xxaa/app_util_platform.c.o
 .text.__sd_nvic_irq_enable
                0x0002b0ae       0x12 _build/nrf52832_xxaa/app_util_platform.c.o
 .text.sd_nvic_critical_region_enter
                0x0002b0c0       0x74 _build/nrf52832_xxaa/app_util_platform.c.o
 .text.sd_nvic_critical_region_exit
                0x0002b134       0x50 _build/nrf52832_xxaa/app_util_platform.c.o
 .text.app_util_critical_region_enter
                0x0002b184       0x16 _build/nrf52832_xxaa/app_util_platform.c.o
                0x0002b184                app_util_critical_region_enter
 .text.app_util_critical_region_exit
                0x0002b19a       0x1a _build/nrf52832_xxaa/app_util_platform.c.o
                0x0002b19a                app_util_critical_region_exit
 .text.__NVIC_EnableIRQ
                0x0002b1b4       0x3c _build/nrf52832_xxaa/drv_rtc.c.o
 .text.__NVIC_SetPendingIRQ
                0x0002b1f0       0x3c _build/nrf52832_xxaa/drv_rtc.c.o
 .text.__NVIC_SetPriority
                0x0002b22c       0x54 _build/nrf52832_xxaa/drv_rtc.c.o
 .text._NRFX_IRQ_PRIORITY_SET
                0x0002b280       0x26 _build/nrf52832_xxaa/drv_rtc.c.o
 .text._NRFX_IRQ_ENABLE
                0x0002b2a6       0x1c _build/nrf52832_xxaa/drv_rtc.c.o
 *fill*         0x0002b2c2        0x2 
 .text.nrfx_coredep_delay_us
                0x0002b2c4       0x30 _build/nrf52832_xxaa/drv_rtc.c.o
 .text.nrf_rtc_cc_set
                0x0002b2f4       0x26 _build/nrf52832_xxaa/drv_rtc.c.o
 .text.nrf_rtc_cc_get
                0x0002b31a       0x22 _build/nrf52832_xxaa/drv_rtc.c.o
 .text.nrf_rtc_int_enable
                0x0002b33c       0x1e _build/nrf52832_xxaa/drv_rtc.c.o
 .text.nrf_rtc_int_disable
                0x0002b35a       0x1e _build/nrf52832_xxaa/drv_rtc.c.o
 .text.nrf_rtc_event_pending
                0x0002b378       0x20 _build/nrf52832_xxaa/drv_rtc.c.o
 .text.nrf_rtc_event_clear
                0x0002b398       0x2e _build/nrf52832_xxaa/drv_rtc.c.o
 .text.nrf_rtc_counter_get
                0x0002b3c6       0x1a _build/nrf52832_xxaa/drv_rtc.c.o
 .text.nrf_rtc_prescaler_set
                0x0002b3e0       0x1e _build/nrf52832_xxaa/drv_rtc.c.o
 .text.nrf_rtc_task_trigger
                0x0002b3fe       0x24 _build/nrf52832_xxaa/drv_rtc.c.o
 .text.nrf_rtc_event_enable
                0x0002b422       0x1e _build/nrf52832_xxaa/drv_rtc.c.o
 .text.nrf_rtc_event_disable
                0x0002b440       0x1e _build/nrf52832_xxaa/drv_rtc.c.o
 *fill*         0x0002b45e        0x2 
 .text.drv_rtc_init
                0x0002b460       0xd0 _build/nrf52832_xxaa/drv_rtc.c.o
                0x0002b460                drv_rtc_init
 .text.drv_rtc_start
                0x0002b530       0x1c _build/nrf52832_xxaa/drv_rtc.c.o
                0x0002b530                drv_rtc_start
 .text.drv_rtc_stop
                0x0002b54c       0x1c _build/nrf52832_xxaa/drv_rtc.c.o
                0x0002b54c                drv_rtc_stop
 .text.drv_rtc_compare_set
                0x0002b568       0x86 _build/nrf52832_xxaa/drv_rtc.c.o
                0x0002b568                drv_rtc_compare_set
 .text.evt_enable
                0x0002b5ee       0x34 _build/nrf52832_xxaa/drv_rtc.c.o
 .text.evt_disable
                0x0002b622       0x2a _build/nrf52832_xxaa/drv_rtc.c.o
 .text.evt_pending
                0x0002b64c       0x3c _build/nrf52832_xxaa/drv_rtc.c.o
 .text.ticks_sub
                0x0002b688       0x20 _build/nrf52832_xxaa/drv_rtc.c.o
 .text.drv_rtc_windowed_compare_set
                0x0002b6a8      0x15c _build/nrf52832_xxaa/drv_rtc.c.o
                0x0002b6a8                drv_rtc_windowed_compare_set
 .text.drv_rtc_overflow_enable
                0x0002b804       0x20 _build/nrf52832_xxaa/drv_rtc.c.o
                0x0002b804                drv_rtc_overflow_enable
 .text.drv_rtc_overflow_pending
                0x0002b824       0x1c _build/nrf52832_xxaa/drv_rtc.c.o
                0x0002b824                drv_rtc_overflow_pending
 .text.drv_rtc_compare_disable
                0x0002b840       0x24 _build/nrf52832_xxaa/drv_rtc.c.o
                0x0002b840                drv_rtc_compare_disable
 .text.drv_rtc_compare_pending
                0x0002b864       0x28 _build/nrf52832_xxaa/drv_rtc.c.o
                0x0002b864                drv_rtc_compare_pending
 .text.drv_rtc_counter_get
                0x0002b88c       0x1c _build/nrf52832_xxaa/drv_rtc.c.o
                0x0002b88c                drv_rtc_counter_get
 .text.drv_rtc_irq_trigger
                0x0002b8a8       0x1c _build/nrf52832_xxaa/drv_rtc.c.o
                0x0002b8a8                drv_rtc_irq_trigger
 .text.RTC1_IRQHandler
                0x0002b8c4       0x1c _build/nrf52832_xxaa/drv_rtc.c.o
                0x0002b8c4                RTC1_IRQHandler
 .text.nrf_atfifo_wspace_req
                0x0002b8e0       0x5a _build/nrf52832_xxaa/nrf_atfifo.c.o
 .text.nrf_atfifo_wspace_close
                0x0002b93a       0x2a _build/nrf52832_xxaa/nrf_atfifo.c.o
 .text.nrf_atfifo_rspace_req
                0x0002b964       0x5c _build/nrf52832_xxaa/nrf_atfifo.c.o
 .text.nrf_atfifo_rspace_close
                0x0002b9c0       0x2a _build/nrf52832_xxaa/nrf_atfifo.c.o
 .text.nrf_atfifo_init
                0x0002b9ea       0x64 _build/nrf52832_xxaa/nrf_atfifo.c.o
                0x0002b9ea                nrf_atfifo_init
 .text.nrf_atfifo_item_alloc
                0x0002ba4e       0x34 _build/nrf52832_xxaa/nrf_atfifo.c.o
                0x0002ba4e                nrf_atfifo_item_alloc
 .text.nrf_atfifo_item_put
                0x0002ba82       0x2a _build/nrf52832_xxaa/nrf_atfifo.c.o
                0x0002ba82                nrf_atfifo_item_put
 .text.nrf_atfifo_item_get
                0x0002baac       0x34 _build/nrf52832_xxaa/nrf_atfifo.c.o
                0x0002baac                nrf_atfifo_item_get
 .text.nrf_atfifo_item_free
                0x0002bae0       0x2a _build/nrf52832_xxaa/nrf_atfifo.c.o
                0x0002bae0                nrf_atfifo_item_free
 .text.nrf_atomic_u32_fetch_store
                0x0002bb0a       0x30 _build/nrf52832_xxaa/nrf_atomic.c.o
                0x0002bb0a                nrf_atomic_u32_fetch_store
 .text.nrf_atomic_u32_fetch_or
                0x0002bb3a       0x32 _build/nrf52832_xxaa/nrf_atomic.c.o
                0x0002bb3a                nrf_atomic_u32_fetch_or
 .text.nrf_atomic_u32_or
                0x0002bb6c       0x32 _build/nrf52832_xxaa/nrf_atomic.c.o
                0x0002bb6c                nrf_atomic_u32_or
 .text.nrf_atomic_u32_fetch_and
                0x0002bb9e       0x32 _build/nrf52832_xxaa/nrf_atomic.c.o
                0x0002bb9e                nrf_atomic_u32_fetch_and
 .text.nrf_atomic_u32_and
                0x0002bbd0       0x32 _build/nrf52832_xxaa/nrf_atomic.c.o
                0x0002bbd0                nrf_atomic_u32_and
 .text.nrf_atomic_u32_fetch_add
                0x0002bc02       0x32 _build/nrf52832_xxaa/nrf_atomic.c.o
                0x0002bc02                nrf_atomic_u32_fetch_add
 .text.nrf_atomic_u32_add
                0x0002bc34       0x32 _build/nrf52832_xxaa/nrf_atomic.c.o
                0x0002bc34                nrf_atomic_u32_add
 .text.nrf_atomic_u32_sub
                0x0002bc66       0x32 _build/nrf52832_xxaa/nrf_atomic.c.o
                0x0002bc66                nrf_atomic_u32_sub
 .text.nrf_atomic_flag_set_fetch
                0x0002bc98       0x1a _build/nrf52832_xxaa/nrf_atomic.c.o
                0x0002bc98                nrf_atomic_flag_set_fetch
 .text.nrf_atomic_flag_set
                0x0002bcb2       0x1a _build/nrf52832_xxaa/nrf_atomic.c.o
                0x0002bcb2                nrf_atomic_flag_set
 .text.nrf_atomic_flag_clear_fetch
                0x0002bccc       0x1a _build/nrf52832_xxaa/nrf_atomic.c.o
                0x0002bccc                nrf_atomic_flag_clear_fetch
 .text.nrf_atomic_flag_clear
                0x0002bce6       0x1a _build/nrf52832_xxaa/nrf_atomic.c.o
                0x0002bce6                nrf_atomic_flag_clear
 .text.nrf_balloc_idx2block
                0x0002bd00       0x28 _build/nrf52832_xxaa/nrf_balloc.c.o
 .text.nrf_balloc_block2idx
                0x0002bd28       0x28 _build/nrf52832_xxaa/nrf_balloc.c.o
 .text.nrf_balloc_init
                0x0002bd50       0x58 _build/nrf52832_xxaa/nrf_balloc.c.o
                0x0002bd50                nrf_balloc_init
 .text.nrf_balloc_alloc
                0x0002bda8       0x74 _build/nrf52832_xxaa/nrf_balloc.c.o
                0x0002bda8                nrf_balloc_alloc
 .text.nrf_balloc_free
                0x0002be1c       0x42 _build/nrf52832_xxaa/nrf_balloc.c.o
                0x0002be1c                nrf_balloc_free
 .text.nrf_fprintf_buffer_flush
                0x0002be5e       0x32 _build/nrf52832_xxaa/nrf_fprintf.c.o
                0x0002be5e                nrf_fprintf_buffer_flush
 .text.nrf_fprintf
                0x0002be90       0x38 _build/nrf52832_xxaa/nrf_fprintf.c.o
                0x0002be90                nrf_fprintf
 .text.buffer_add
                0x0002bec8       0x48 _build/nrf52832_xxaa/nrf_fprintf_format.c.o
 .text.string_print
                0x0002bf10       0xb8 _build/nrf52832_xxaa/nrf_fprintf_format.c.o
 .text.unsigned_print
                0x0002bfc8      0x12c _build/nrf52832_xxaa/nrf_fprintf_format.c.o
 .text.int_print
                0x0002c0f4      0x11e _build/nrf52832_xxaa/nrf_fprintf_format.c.o
 *fill*         0x0002c212        0x2 
 .text.nrf_fprintf_fmt
                0x0002c214      0x338 _build/nrf52832_xxaa/nrf_fprintf_format.c.o
                0x0002c214                nrf_fprintf_fmt
 .text.nrf_memobj_pool_init
                0x0002c54c       0x18 _build/nrf52832_xxaa/nrf_memobj.c.o
                0x0002c54c                nrf_memobj_pool_init
 .text.nrf_memobj_alloc
                0x0002c564       0xac _build/nrf52832_xxaa/nrf_memobj.c.o
                0x0002c564                nrf_memobj_alloc
 .text.nrf_memobj_free
                0x0002c610       0x70 _build/nrf52832_xxaa/nrf_memobj.c.o
                0x0002c610                nrf_memobj_free
 .text.nrf_memobj_get
                0x0002c680       0x20 _build/nrf52832_xxaa/nrf_memobj.c.o
                0x0002c680                nrf_memobj_get
 .text.nrf_memobj_put
                0x0002c6a0       0x38 _build/nrf52832_xxaa/nrf_memobj.c.o
                0x0002c6a0                nrf_memobj_put
 .text.memobj_op
                0x0002c6d8      0x104 _build/nrf52832_xxaa/nrf_memobj.c.o
 .text.nrf_memobj_write
                0x0002c7dc       0x2c _build/nrf52832_xxaa/nrf_memobj.c.o
                0x0002c7dc                nrf_memobj_write
 .text.nrf_memobj_read
                0x0002c808       0x2c _build/nrf52832_xxaa/nrf_memobj.c.o
                0x0002c808                nrf_memobj_read
 .text.__NVIC_ClearPendingIRQ
                0x0002c834       0x3c _build/nrf52832_xxaa/nrf_pwr_mgmt.c.o
 .text.__NVIC_SystemReset
                0x0002c870       0x2c _build/nrf52832_xxaa/nrf_pwr_mgmt.c.o
 .text.nrf_section_iter_get
                0x0002c89c       0x18 _build/nrf52832_xxaa/nrf_pwr_mgmt.c.o
 .text.nrf_mtx_init
                0x0002c8b4       0x20 _build/nrf52832_xxaa/nrf_pwr_mgmt.c.o
 .text.nrf_mtx_trylock
                0x0002c8d4       0x2c _build/nrf52832_xxaa/nrf_pwr_mgmt.c.o
 .text.nrf_mtx_unlock
                0x0002c900       0x20 _build/nrf52832_xxaa/nrf_pwr_mgmt.c.o
 .text.sd_power_system_off
                0x0002c920        0x8 _build/nrf52832_xxaa/nrf_pwr_mgmt.c.o
 .text.sd_app_evt_wait
                0x0002c928        0x8 _build/nrf52832_xxaa/nrf_pwr_mgmt.c.o
 .text.nrf_power_system_off
                0x0002c930       0x18 _build/nrf52832_xxaa/nrf_pwr_mgmt.c.o
 .text.pwr_mgmt_fpu_sleep_prepare
                0x0002c948       0x44 _build/nrf52832_xxaa/nrf_pwr_mgmt.c.o
 .text.nrf_pwr_mgmt_init
                0x0002c98c       0x30 _build/nrf52832_xxaa/nrf_pwr_mgmt.c.o
                0x0002c98c                nrf_pwr_mgmt_init
 .text.nrf_pwr_mgmt_run
                0x0002c9bc       0x2a _build/nrf52832_xxaa/nrf_pwr_mgmt.c.o
                0x0002c9bc                nrf_pwr_mgmt_run
 *fill*         0x0002c9e6        0x2 
 .text.shutdown_process
                0x0002c9e8       0x80 _build/nrf52832_xxaa/nrf_pwr_mgmt.c.o
 .text.nrf_pwr_mgmt_shutdown
                0x0002ca68       0x60 _build/nrf52832_xxaa/nrf_pwr_mgmt.c.o
                0x0002ca68                nrf_pwr_mgmt_shutdown
 .text.circullar_buffer_size_get
                0x0002cac8       0x24 _build/nrf52832_xxaa/nrf_queue.c.o
 .text.nrf_queue_next_idx
                0x0002caec       0x28 _build/nrf52832_xxaa/nrf_queue.c.o
 .text.queue_utilization_get
                0x0002cb14       0x40 _build/nrf52832_xxaa/nrf_queue.c.o
 .text.nrf_queue_is_full
                0x0002cb54       0x36 _build/nrf52832_xxaa/nrf_queue.c.o
                0x0002cb54                nrf_queue_is_full
 *fill*         0x0002cb8a        0x2 
 .text.nrf_queue_push
                0x0002cb8c      0x148 _build/nrf52832_xxaa/nrf_queue.c.o
                0x0002cb8c                nrf_queue_push
 .text.nrf_queue_generic_pop
                0x0002ccd4      0x110 _build/nrf52832_xxaa/nrf_queue.c.o
                0x0002ccd4                nrf_queue_generic_pop
 .text.nrf_queue_is_empty
                0x0002cde4       0x32 _build/nrf52832_xxaa/nrf_queue.c.o
                0x0002cde4                nrf_queue_is_empty
 .text.nrf_ringbuf_init
                0x0002ce16       0x44 _build/nrf52832_xxaa/nrf_ringbuf.c.o
                0x0002ce16                nrf_ringbuf_init
 .text.nrf_section_iter_init
                0x0002ce5a       0x3a _build/nrf52832_xxaa/nrf_section_iter.c.o
                0x0002ce5a                nrf_section_iter_init
 .text.nrf_section_iter_next
                0x0002ce94       0x46 _build/nrf52832_xxaa/nrf_section_iter.c.o
                0x0002ce94                nrf_section_iter_next
 .text.nrf_sortlist_add
                0x0002ceda       0x54 _build/nrf52832_xxaa/nrf_sortlist.c.o
                0x0002ceda                nrf_sortlist_add
 .text.nrf_sortlist_pop
                0x0002cf2e       0x36 _build/nrf52832_xxaa/nrf_sortlist.c.o
                0x0002cf2e                nrf_sortlist_pop
 .text.nrf_sortlist_peek
                0x0002cf64       0x1a _build/nrf52832_xxaa/nrf_sortlist.c.o
                0x0002cf64                nrf_sortlist_peek
 .text.nrf_sortlist_remove
                0x0002cf7e       0x4a _build/nrf52832_xxaa/nrf_sortlist.c.o
                0x0002cf7e                nrf_sortlist_remove
 .text.nrf_strerror_get
                0x0002cfc8       0x28 _build/nrf52832_xxaa/nrf_strerror.c.o
                0x0002cfc8                nrf_strerror_get
 .text.nrf_strerror_find
                0x0002cff0       0x70 _build/nrf52832_xxaa/nrf_strerror.c.o
                0x0002cff0                nrf_strerror_find
 .text._write   0x0002d060       0x38 _build/nrf52832_xxaa/retarget.c.o
                0x0002d060                _write
 .text._read    0x0002d098       0x24 _build/nrf52832_xxaa/retarget.c.o
                0x0002d098                _read
 .text.__NVIC_SystemReset
                0x0002d0bc       0x2c _build/nrf52832_xxaa/system_nrf52.c.o
 .text.nrf52_errata_12
                0x0002d0e8       0x8c _build/nrf52832_xxaa/system_nrf52.c.o
 .text.nrf52_errata_16
                0x0002d174       0x6c _build/nrf52832_xxaa/system_nrf52.c.o
 .text.nrf52_errata_31
                0x0002d1e0       0x8c _build/nrf52832_xxaa/system_nrf52.c.o
 .text.nrf52_errata_32
                0x0002d26c       0x6c _build/nrf52832_xxaa/system_nrf52.c.o
 .text.nrf52_errata_36
                0x0002d2d8       0x8c _build/nrf52832_xxaa/system_nrf52.c.o
 .text.nrf52_errata_37
                0x0002d364       0x6c _build/nrf52832_xxaa/system_nrf52.c.o
 .text.nrf52_errata_57
                0x0002d3d0       0x6c _build/nrf52832_xxaa/system_nrf52.c.o
 .text.nrf52_errata_66
                0x0002d43c       0x8c _build/nrf52832_xxaa/system_nrf52.c.o
 .text.nrf52_errata_108
                0x0002d4c8       0x8c _build/nrf52832_xxaa/system_nrf52.c.o
 .text.nrf52_errata_136
                0x0002d554       0x8c _build/nrf52832_xxaa/system_nrf52.c.o
 .text.nrf52_errata_182
                0x0002d5e0       0x64 _build/nrf52832_xxaa/system_nrf52.c.o
 .text.SystemCoreClockUpdate
                0x0002d644       0x1c _build/nrf52832_xxaa/system_nrf52.c.o
                0x0002d644                SystemCoreClockUpdate
 .text.SystemInit
                0x0002d660      0x2dc _build/nrf52832_xxaa/system_nrf52.c.o
                0x0002d660                SystemInit
 .text.nrf_gpio_pin_port_decode
                0x0002d93c       0x18 _build/nrf52832_xxaa/boards.c.o
 .text.nrf_gpio_cfg
                0x0002d954       0x54 _build/nrf52832_xxaa/boards.c.o
 .text.nrf_gpio_cfg_output
                0x0002d9a8       0x24 _build/nrf52832_xxaa/boards.c.o
 .text.nrf_gpio_cfg_input
                0x0002d9cc       0x28 _build/nrf52832_xxaa/boards.c.o
 .text.nrf_gpio_pin_set
                0x0002d9f4       0x2a _build/nrf52832_xxaa/boards.c.o
 .text.nrf_gpio_pin_clear
                0x0002da1e       0x2a _build/nrf52832_xxaa/boards.c.o
 .text.nrf_gpio_pin_toggle
                0x0002da48       0x46 _build/nrf52832_xxaa/boards.c.o
 .text.nrf_gpio_pin_write
                0x0002da8e       0x26 _build/nrf52832_xxaa/boards.c.o
 .text.nrf_gpio_pin_read
                0x0002dab4       0x2c _build/nrf52832_xxaa/boards.c.o
 .text.nrf_gpio_pin_out_read
                0x0002dae0       0x2c _build/nrf52832_xxaa/boards.c.o
 .text.nrf_gpio_port_in_read
                0x0002db0c       0x1a _build/nrf52832_xxaa/boards.c.o
 .text.nrf_gpio_port_out_read
                0x0002db26       0x1a _build/nrf52832_xxaa/boards.c.o
 .text.nrf_gpio_port_out_set
                0x0002db40       0x1e _build/nrf52832_xxaa/boards.c.o
 .text.nrf_gpio_port_out_clear
                0x0002db5e       0x1e _build/nrf52832_xxaa/boards.c.o
 .text.bsp_board_led_state_get
                0x0002db7c       0x48 _build/nrf52832_xxaa/boards.c.o
                0x0002db7c                bsp_board_led_state_get
 .text.bsp_board_led_on
                0x0002dbc4       0x24 _build/nrf52832_xxaa/boards.c.o
                0x0002dbc4                bsp_board_led_on
 .text.bsp_board_led_off
                0x0002dbe8       0x24 _build/nrf52832_xxaa/boards.c.o
                0x0002dbe8                bsp_board_led_off
 .text.bsp_board_leds_off
                0x0002dc0c       0x28 _build/nrf52832_xxaa/boards.c.o
                0x0002dc0c                bsp_board_leds_off
 .text.bsp_board_leds_on
                0x0002dc34       0x28 _build/nrf52832_xxaa/boards.c.o
                0x0002dc34                bsp_board_leds_on
 .text.bsp_board_led_invert
                0x0002dc5c       0x24 _build/nrf52832_xxaa/boards.c.o
                0x0002dc5c                bsp_board_led_invert
 .text.bsp_board_leds_init
                0x0002dc80       0x38 _build/nrf52832_xxaa/boards.c.o
 .text.bsp_board_button_state_get
                0x0002dcb8       0x48 _build/nrf52832_xxaa/boards.c.o
                0x0002dcb8                bsp_board_button_state_get
 .text.bsp_board_buttons_init
                0x0002dd00       0x38 _build/nrf52832_xxaa/boards.c.o
 .text.bsp_board_pin_to_button_idx
                0x0002dd38       0x48 _build/nrf52832_xxaa/boards.c.o
                0x0002dd38                bsp_board_pin_to_button_idx
 .text.bsp_board_button_idx_to_pin
                0x0002dd80       0x20 _build/nrf52832_xxaa/boards.c.o
                0x0002dd80                bsp_board_button_idx_to_pin
 .text.bsp_board_init
                0x0002dda0       0x2c _build/nrf52832_xxaa/boards.c.o
                0x0002dda0                bsp_board_init
 .text.__NVIC_DisableIRQ
                0x0002ddcc       0x48 _build/nrf52832_xxaa/nrf_drv_clock.c.o
 .text.nrf_wdt_started
                0x0002de14       0x24 _build/nrf52832_xxaa/nrf_drv_clock.c.o
 .text.lfclk_stop
                0x0002de38       0x28 _build/nrf52832_xxaa/nrf_drv_clock.c.o
 .text.nrf_drv_clock_init
                0x0002de60       0x74 _build/nrf52832_xxaa/nrf_drv_clock.c.o
                0x0002de60                nrf_drv_clock_init
 .text.item_dequeue
                0x0002ded4       0x2a _build/nrf52832_xxaa/nrf_drv_clock.c.o
 *fill*         0x0002defe        0x2 
 .text.nrf_drv_clock_lfclk_release
                0x0002df00       0x3c _build/nrf52832_xxaa/nrf_drv_clock.c.o
                0x0002df00                nrf_drv_clock_lfclk_release
 .text.clock_clk_started_notify
                0x0002df3c       0x48 _build/nrf52832_xxaa/nrf_drv_clock.c.o
 .text.clock_irq_handler
                0x0002df84       0x3c _build/nrf52832_xxaa/nrf_drv_clock.c.o
 .text.soc_evt_handler
                0x0002dfc0       0x28 _build/nrf52832_xxaa/nrf_drv_clock.c.o
 .text.sd_state_evt_handler
                0x0002dfe8       0x7c _build/nrf52832_xxaa/nrf_drv_clock.c.o
 .text.uarte_evt_handler
                0x0002e064       0x50 _build/nrf52832_xxaa/nrf_drv_uart.c.o
 .text.uart_evt_handler
                0x0002e0b4       0x50 _build/nrf52832_xxaa/nrf_drv_uart.c.o
 .text.nrf_drv_uart_init
                0x0002e104       0xcc _build/nrf52832_xxaa/nrf_drv_uart.c.o
                0x0002e104                nrf_drv_uart_init
 .text.__NVIC_EnableIRQ
                0x0002e1d0       0x3c _build/nrf52832_xxaa/nrfx_clock.c.o
 .text.__NVIC_SetPriority
                0x0002e20c       0x54 _build/nrf52832_xxaa/nrfx_clock.c.o
 .text.nrfx_get_irq_number
                0x0002e260       0x1a _build/nrf52832_xxaa/nrfx_clock.c.o
 .text._NRFX_IRQ_PRIORITY_SET
                0x0002e27a       0x26 _build/nrf52832_xxaa/nrfx_clock.c.o
 .text._NRFX_IRQ_ENABLE
                0x0002e2a0       0x1c _build/nrf52832_xxaa/nrfx_clock.c.o
 .text._NRFX_IRQ_IS_ENABLED
                0x0002e2bc       0x54 _build/nrf52832_xxaa/nrfx_clock.c.o
 .text.nrf_clock_int_disable
                0x0002e310       0x1e _build/nrf52832_xxaa/nrfx_clock.c.o
 .text.nrf_clock_task_trigger
                0x0002e32e       0x20 _build/nrf52832_xxaa/nrfx_clock.c.o
 .text.nrf_clock_event_clear
                0x0002e34e       0x2c _build/nrf52832_xxaa/nrfx_clock.c.o
 .text.nrf_clock_event_check
                0x0002e37a       0x28 _build/nrf52832_xxaa/nrfx_clock.c.o
 .text.nrf_clock_lf_src_set
                0x0002e3a2       0x1e _build/nrf52832_xxaa/nrfx_clock.c.o
 .text.nrf_clock_lf_is_running
                0x0002e3c0       0x26 _build/nrf52832_xxaa/nrfx_clock.c.o
 .text.nrfx_power_clock_irq_init
                0x0002e3e6       0x54 _build/nrf52832_xxaa/nrfx_clock.c.o
 *fill*         0x0002e43a        0x2 
 .text.nrfx_clock_init
                0x0002e43c       0x40 _build/nrf52832_xxaa/nrfx_clock.c.o
                0x0002e43c                nrfx_clock_init
 .text.nrfx_clock_enable
                0x0002e47c       0x12 _build/nrf52832_xxaa/nrfx_clock.c.o
                0x0002e47c                nrfx_clock_enable
 .text.nrfx_clock_lfclk_stop
                0x0002e48e       0x2a _build/nrf52832_xxaa/nrfx_clock.c.o
                0x0002e48e                nrfx_clock_lfclk_stop
 .text.POWER_CLOCK_IRQHandler
                0x0002e4b8       0x68 _build/nrf52832_xxaa/nrfx_clock.c.o
                0x0002e4b8                POWER_CLOCK_IRQHandler
 .text.__NVIC_EnableIRQ
                0x0002e520       0x3c _build/nrf52832_xxaa/nrfx_gpiote.c.o
 .text.__NVIC_SetPriority
                0x0002e55c       0x54 _build/nrf52832_xxaa/nrfx_gpiote.c.o
 .text.nrfx_get_irq_number
                0x0002e5b0       0x1a _build/nrf52832_xxaa/nrfx_gpiote.c.o
 .text._NRFX_IRQ_PRIORITY_SET
                0x0002e5ca       0x26 _build/nrf52832_xxaa/nrfx_gpiote.c.o
 .text._NRFX_IRQ_ENABLE
                0x0002e5f0       0x1c _build/nrf52832_xxaa/nrfx_gpiote.c.o
 .text.nrf_gpiote_event_is_set
                0x0002e60c       0x28 _build/nrf52832_xxaa/nrfx_gpiote.c.o
 .text.nrf_gpiote_event_clear
                0x0002e634       0x32 _build/nrf52832_xxaa/nrfx_gpiote.c.o
 .text.nrf_gpiote_event_addr_get
                0x0002e666       0x20 _build/nrf52832_xxaa/nrfx_gpiote.c.o
 *fill*         0x0002e686        0x2 
 .text.nrf_gpiote_int_enable
                0x0002e688       0x20 _build/nrf52832_xxaa/nrfx_gpiote.c.o
 .text.nrf_gpiote_int_is_enabled
                0x0002e6a8       0x24 _build/nrf52832_xxaa/nrfx_gpiote.c.o
 .text.nrf_gpiote_event_enable
                0x0002e6cc       0x34 _build/nrf52832_xxaa/nrfx_gpiote.c.o
 .text.nrf_gpiote_event_configure
                0x0002e700       0x6c _build/nrf52832_xxaa/nrfx_gpiote.c.o
 .text.nrf_gpiote_event_pin_get
                0x0002e76c       0x2c _build/nrf52832_xxaa/nrfx_gpiote.c.o
 .text.nrf_gpiote_event_polarity_get
                0x0002e798       0x2c _build/nrf52832_xxaa/nrfx_gpiote.c.o
 .text.nrf_gpio_pin_port_decode
                0x0002e7c4       0x18 _build/nrf52832_xxaa/nrfx_gpiote.c.o
 .text.nrf_gpio_cfg
                0x0002e7dc       0x54 _build/nrf52832_xxaa/nrfx_gpiote.c.o
 .text.nrf_gpio_cfg_input
                0x0002e830       0x28 _build/nrf52832_xxaa/nrfx_gpiote.c.o
 .text.nrf_gpio_cfg_watcher
                0x0002e858       0x3a _build/nrf52832_xxaa/nrfx_gpiote.c.o
 .text.nrf_gpio_cfg_sense_set
                0x0002e892       0x5a _build/nrf52832_xxaa/nrfx_gpiote.c.o
 .text.nrf_gpio_pin_read
                0x0002e8ec       0x2c _build/nrf52832_xxaa/nrfx_gpiote.c.o
 .text.nrf_gpio_pin_sense_get
                0x0002e918       0x2e _build/nrf52832_xxaa/nrfx_gpiote.c.o
 .text.nrf_gpio_port_in_read
                0x0002e946       0x1a _build/nrf52832_xxaa/nrfx_gpiote.c.o
 .text.nrf_gpio_latches_read_and_clear
                0x0002e960       0x6a _build/nrf52832_xxaa/nrfx_gpiote.c.o
 .text.nrf_gpio_pin_latch_clear
                0x0002e9ca       0x2a _build/nrf52832_xxaa/nrfx_gpiote.c.o
 .text.nrf_gpio_pin_present_check
                0x0002e9f4       0x4a _build/nrf52832_xxaa/nrfx_gpiote.c.o
 .text.nrf_bitmask_bit_is_set
                0x0002ea3e       0x3a _build/nrf52832_xxaa/nrfx_gpiote.c.o
 .text.nrf_bitmask_bit_set
                0x0002ea78       0x4a _build/nrf52832_xxaa/nrfx_gpiote.c.o
 *fill*         0x0002eac2        0x2 
 .text.pin_in_use_by_te
                0x0002eac4       0x44 _build/nrf52832_xxaa/nrfx_gpiote.c.o
 .text.pin_in_use_by_port
                0x0002eb08       0x30 _build/nrf52832_xxaa/nrfx_gpiote.c.o
 .text.pin_in_use_by_gpiote
                0x0002eb38       0x2c _build/nrf52832_xxaa/nrfx_gpiote.c.o
 .text.pin_in_use_by_te_set
                0x0002eb64       0x58 _build/nrf52832_xxaa/nrfx_gpiote.c.o
 .text.pin_in_use_clear
                0x0002ebbc       0x24 _build/nrf52832_xxaa/nrfx_gpiote.c.o
 .text.pin_configured_set
                0x0002ebe0       0x1c _build/nrf52832_xxaa/nrfx_gpiote.c.o
 .text.channel_port_get
                0x0002ebfc       0x24 _build/nrf52832_xxaa/nrfx_gpiote.c.o
 .text.channel_handler_get
                0x0002ec20       0x20 _build/nrf52832_xxaa/nrfx_gpiote.c.o
 .text.port_handler_pin_get
                0x0002ec40       0x2c _build/nrf52832_xxaa/nrfx_gpiote.c.o
 .text.port_handler_polarity_get
                0x0002ec6c       0x2c _build/nrf52832_xxaa/nrfx_gpiote.c.o
 .text.channel_port_alloc
                0x0002ec98       0x74 _build/nrf52832_xxaa/nrfx_gpiote.c.o
 .text.channel_free
                0x0002ed0c       0x3c _build/nrf52832_xxaa/nrfx_gpiote.c.o
 .text.nrfx_gpiote_init
                0x0002ed48       0xb4 _build/nrf52832_xxaa/nrfx_gpiote.c.o
                0x0002ed48                nrfx_gpiote_init
 .text.nrfx_gpiote_is_init
                0x0002edfc       0x24 _build/nrf52832_xxaa/nrfx_gpiote.c.o
                0x0002edfc                nrfx_gpiote_is_init
 .text.nrfx_gpiote_in_init
                0x0002ee20       0xe0 _build/nrf52832_xxaa/nrfx_gpiote.c.o
                0x0002ee20                nrfx_gpiote_in_init
 .text.nrfx_gpiote_in_event_enable
                0x0002ef00       0xc6 _build/nrf52832_xxaa/nrfx_gpiote.c.o
                0x0002ef00                nrfx_gpiote_in_event_enable
 .text.nrfx_gpiote_in_is_set
                0x0002efc6       0x22 _build/nrf52832_xxaa/nrfx_gpiote.c.o
                0x0002efc6                nrfx_gpiote_in_is_set
 .text.latch_pending_read_and_check
                0x0002efe8       0x40 _build/nrf52832_xxaa/nrfx_gpiote.c.o
 .text.port_event_handle
                0x0002f028       0xd0 _build/nrf52832_xxaa/nrfx_gpiote.c.o
 .text.GPIOTE_IRQHandler
                0x0002f0f8       0xf8 _build/nrf52832_xxaa/nrfx_gpiote.c.o
                0x0002f0f8                GPIOTE_IRQHandler
 .text.UARTE0_UART0_IRQHandler
                0x0002f1f0       0x14 _build/nrf52832_xxaa/nrfx_prs.c.o
                0x0002f1f0                UARTE0_UART0_IRQHandler
 .text.prs_box_get
                0x0002f204       0x2c _build/nrf52832_xxaa/nrfx_prs.c.o
 .text.nrfx_prs_acquire
                0x0002f230       0x68 _build/nrf52832_xxaa/nrfx_prs.c.o
                0x0002f230                nrfx_prs_acquire
 .text.__NVIC_EnableIRQ
                0x0002f298       0x3c _build/nrf52832_xxaa/nrfx_uart.c.o
 .text.__NVIC_SetPriority
                0x0002f2d4       0x54 _build/nrf52832_xxaa/nrfx_uart.c.o
 .text.nrfx_get_irq_number
                0x0002f328       0x1a _build/nrf52832_xxaa/nrfx_uart.c.o
 .text._NRFX_IRQ_PRIORITY_SET
                0x0002f342       0x26 _build/nrf52832_xxaa/nrfx_uart.c.o
 .text._NRFX_IRQ_ENABLE
                0x0002f368       0x1c _build/nrf52832_xxaa/nrfx_uart.c.o
 .text.nrf_uart_event_clear
                0x0002f384       0x2e _build/nrf52832_xxaa/nrfx_uart.c.o
 .text.nrf_uart_event_check
                0x0002f3b2       0x2a _build/nrf52832_xxaa/nrfx_uart.c.o
 .text.nrf_uart_int_enable
                0x0002f3dc       0x1e _build/nrf52832_xxaa/nrfx_uart.c.o
 .text.nrf_uart_int_enable_check
                0x0002f3fa       0x2a _build/nrf52832_xxaa/nrfx_uart.c.o
 .text.nrf_uart_int_disable
                0x0002f424       0x1e _build/nrf52832_xxaa/nrfx_uart.c.o
 .text.nrf_uart_errorsrc_get_and_clear
                0x0002f442       0x26 _build/nrf52832_xxaa/nrfx_uart.c.o
 .text.nrf_uart_enable
                0x0002f468       0x1c _build/nrf52832_xxaa/nrfx_uart.c.o
 .text.nrf_uart_txrx_pins_set
                0x0002f484       0x28 _build/nrf52832_xxaa/nrfx_uart.c.o
 .text.nrf_uart_hwfc_pins_set
                0x0002f4ac       0x28 _build/nrf52832_xxaa/nrfx_uart.c.o
 .text.nrf_uart_rxd_get
                0x0002f4d4       0x1c _build/nrf52832_xxaa/nrfx_uart.c.o
 .text.nrf_uart_txd_set
                0x0002f4f0       0x20 _build/nrf52832_xxaa/nrfx_uart.c.o
 .text.nrf_uart_task_trigger
                0x0002f510       0x22 _build/nrf52832_xxaa/nrfx_uart.c.o
 .text.nrf_uart_configure
                0x0002f532       0x2c _build/nrf52832_xxaa/nrfx_uart.c.o
 .text.nrf_uart_baudrate_set
                0x0002f55e       0x1e _build/nrf52832_xxaa/nrfx_uart.c.o
 .text.nrf_gpio_pin_port_decode
                0x0002f57c       0x18 _build/nrf52832_xxaa/nrfx_uart.c.o
 .text.nrf_gpio_cfg
                0x0002f594       0x54 _build/nrf52832_xxaa/nrfx_uart.c.o
 .text.nrf_gpio_cfg_output
                0x0002f5e8       0x24 _build/nrf52832_xxaa/nrfx_uart.c.o
 .text.nrf_gpio_cfg_input
                0x0002f60c       0x28 _build/nrf52832_xxaa/nrfx_uart.c.o
 .text.nrf_gpio_pin_set
                0x0002f634       0x2a _build/nrf52832_xxaa/nrfx_uart.c.o
 .text.nrf_gpio_port_out_set
                0x0002f65e       0x1e _build/nrf52832_xxaa/nrfx_uart.c.o
 .text.apply_config
                0x0002f67c       0xc8 _build/nrf52832_xxaa/nrfx_uart.c.o
 .text.interrupts_enable
                0x0002f744       0x6c _build/nrf52832_xxaa/nrfx_uart.c.o
 .text.nrfx_uart_init
                0x0002f7b0       0xc4 _build/nrf52832_xxaa/nrfx_uart.c.o
                0x0002f7b0                nrfx_uart_init
 .text.tx_byte  0x0002f874       0x3e _build/nrf52832_xxaa/nrfx_uart.c.o
 .text.tx_blocking
                0x0002f8b2       0x54 _build/nrf52832_xxaa/nrfx_uart.c.o
 *fill*         0x0002f906        0x2 
 .text.nrfx_uart_tx
                0x0002f908       0xd8 _build/nrf52832_xxaa/nrfx_uart.c.o
                0x0002f908                nrfx_uart_tx
 .text.nrfx_uart_tx_in_progress
                0x0002f9e0       0x38 _build/nrf52832_xxaa/nrfx_uart.c.o
                0x0002f9e0                nrfx_uart_tx_in_progress
 .text.rx_enable
                0x0002fa18       0x38 _build/nrf52832_xxaa/nrfx_uart.c.o
 .text.rx_byte  0x0002fa50       0x52 _build/nrf52832_xxaa/nrfx_uart.c.o
 *fill*         0x0002faa2        0x2 
 .text.nrfx_uart_rx
                0x0002faa4      0x1c0 _build/nrf52832_xxaa/nrfx_uart.c.o
                0x0002faa4                nrfx_uart_rx
 .text.nrfx_uart_rx_enable
                0x0002fc64       0x50 _build/nrf52832_xxaa/nrfx_uart.c.o
                0x0002fc64                nrfx_uart_rx_enable
 .text.rx_done_event
                0x0002fcb4       0x30 _build/nrf52832_xxaa/nrfx_uart.c.o
 .text.tx_done_event
                0x0002fce4       0x36 _build/nrf52832_xxaa/nrfx_uart.c.o
 .text.uart_irq_handler
                0x0002fd1a      0x1e0 _build/nrf52832_xxaa/nrfx_uart.c.o
 *fill*         0x0002fefa        0x2 
 .text.nrfx_uart_0_irq_handler
                0x0002fefc       0x18 _build/nrf52832_xxaa/nrfx_uart.c.o
                0x0002fefc                nrfx_uart_0_irq_handler
 .text.__NVIC_EnableIRQ
                0x0002ff14       0x3c _build/nrf52832_xxaa/nrfx_uarte.c.o
 .text.__NVIC_SetPriority
                0x0002ff50       0x54 _build/nrf52832_xxaa/nrfx_uarte.c.o
 .text.nrfx_is_in_ram
                0x0002ffa4       0x26 _build/nrf52832_xxaa/nrfx_uarte.c.o
 .text.nrfx_get_irq_number
                0x0002ffca       0x1a _build/nrf52832_xxaa/nrfx_uarte.c.o
 .text._NRFX_IRQ_PRIORITY_SET
                0x0002ffe4       0x26 _build/nrf52832_xxaa/nrfx_uarte.c.o
 .text._NRFX_IRQ_ENABLE
                0x0003000a       0x1c _build/nrf52832_xxaa/nrfx_uarte.c.o
 .text.nrf_uarte_event_clear
                0x00030026       0x2e _build/nrf52832_xxaa/nrfx_uarte.c.o
 .text.nrf_uarte_event_check
                0x00030054       0x2a _build/nrf52832_xxaa/nrfx_uarte.c.o
 .text.nrf_uarte_shorts_enable
                0x0003007e       0x26 _build/nrf52832_xxaa/nrfx_uarte.c.o
 .text.nrf_uarte_shorts_disable
                0x000300a4       0x28 _build/nrf52832_xxaa/nrfx_uarte.c.o
 .text.nrf_uarte_int_enable
                0x000300cc       0x1e _build/nrf52832_xxaa/nrfx_uarte.c.o
 .text.nrf_uarte_int_disable
                0x000300ea       0x1e _build/nrf52832_xxaa/nrfx_uarte.c.o
 .text.nrf_uarte_errorsrc_get_and_clear
                0x00030108       0x26 _build/nrf52832_xxaa/nrfx_uarte.c.o
 .text.nrf_uarte_enable
                0x0003012e       0x1c _build/nrf52832_xxaa/nrfx_uarte.c.o
 .text.nrf_uarte_txrx_pins_set
                0x0003014a       0x28 _build/nrf52832_xxaa/nrfx_uarte.c.o
 .text.nrf_uarte_hwfc_pins_set
                0x00030172       0x28 _build/nrf52832_xxaa/nrfx_uarte.c.o
 .text.nrf_uarte_task_trigger
                0x0003019a       0x22 _build/nrf52832_xxaa/nrfx_uarte.c.o
 .text.nrf_uarte_configure
                0x000301bc       0x2c _build/nrf52832_xxaa/nrfx_uarte.c.o
 .text.nrf_uarte_baudrate_set
                0x000301e8       0x1e _build/nrf52832_xxaa/nrfx_uarte.c.o
 .text.nrf_uarte_tx_buffer_set
                0x00030206       0x28 _build/nrf52832_xxaa/nrfx_uarte.c.o
 .text.nrf_uarte_tx_amount_get
                0x0003022e       0x1a _build/nrf52832_xxaa/nrfx_uarte.c.o
 .text.nrf_uarte_rx_buffer_set
                0x00030248       0x28 _build/nrf52832_xxaa/nrfx_uarte.c.o
 .text.nrf_uarte_rx_amount_get
                0x00030270       0x1a _build/nrf52832_xxaa/nrfx_uarte.c.o
 .text.nrf_gpio_pin_port_decode
                0x0003028a       0x18 _build/nrf52832_xxaa/nrfx_uarte.c.o
 .text.nrf_gpio_cfg
                0x000302a2       0x54 _build/nrf52832_xxaa/nrfx_uarte.c.o
 .text.nrf_gpio_cfg_output
                0x000302f6       0x24 _build/nrf52832_xxaa/nrfx_uarte.c.o
 .text.nrf_gpio_cfg_input
                0x0003031a       0x28 _build/nrf52832_xxaa/nrfx_uarte.c.o
 .text.nrf_gpio_pin_set
                0x00030342       0x2a _build/nrf52832_xxaa/nrfx_uarte.c.o
 .text.nrf_gpio_port_out_set
                0x0003036c       0x1e _build/nrf52832_xxaa/nrfx_uarte.c.o
 .text.apply_config
                0x0003038a       0xc8 _build/nrf52832_xxaa/nrfx_uarte.c.o
 *fill*         0x00030452        0x2 
 .text.interrupts_enable
                0x00030454       0x94 _build/nrf52832_xxaa/nrfx_uarte.c.o
 .text.nrfx_uarte_init
                0x000304e8       0xbc _build/nrf52832_xxaa/nrfx_uarte.c.o
                0x000304e8                nrfx_uarte_init
 .text.nrfx_uarte_tx
                0x000305a4      0x124 _build/nrf52832_xxaa/nrfx_uarte.c.o
                0x000305a4                nrfx_uarte_tx
 .text.nrfx_uarte_tx_in_progress
                0x000306c8       0x38 _build/nrf52832_xxaa/nrfx_uarte.c.o
                0x000306c8                nrfx_uarte_tx_in_progress
 .text.nrfx_uarte_rx
                0x00030700      0x1c8 _build/nrf52832_xxaa/nrfx_uarte.c.o
                0x00030700                nrfx_uarte_rx
 .text.rx_done_event
                0x000308c8       0x30 _build/nrf52832_xxaa/nrfx_uarte.c.o
 .text.tx_done_event
                0x000308f8       0x36 _build/nrf52832_xxaa/nrfx_uarte.c.o
 .text.uarte_irq_handler
                0x0003092e      0x18e _build/nrf52832_xxaa/nrfx_uarte.c.o
 .text.nrfx_uarte_0_irq_handler
                0x00030abc       0x18 _build/nrf52832_xxaa/nrfx_uarte.c.o
                0x00030abc                nrfx_uarte_0_irq_handler
 .text.nrf_gpio_pin_port_decode
                0x00030ad4       0x18 _build/nrf52832_xxaa/bsp.c.o
 .text.nrf_gpio_cfg_sense_set
                0x00030aec       0x5a _build/nrf52832_xxaa/bsp.c.o
 .text.bsp_button_is_pressed
                0x00030b46       0x22 _build/nrf52832_xxaa/bsp.c.o
                0x00030b46                bsp_button_is_pressed
 .text.bsp_button_event_handler
                0x00030b68      0x11c _build/nrf52832_xxaa/bsp.c.o
 .text.button_timer_handler
                0x00030c84       0x1c _build/nrf52832_xxaa/bsp.c.o
 .text.leds_off
                0x00030ca0       0x40 _build/nrf52832_xxaa/bsp.c.o
 .text.bsp_led_indication
                0x00030ce0      0x4d0 _build/nrf52832_xxaa/bsp.c.o
 .text.leds_timer_handler
                0x000311b0       0x30 _build/nrf52832_xxaa/bsp.c.o
 .text.alert_timer_handler
                0x000311e0       0x16 _build/nrf52832_xxaa/bsp.c.o
 *fill*         0x000311f6        0x2 
 .text.bsp_indication_set
                0x000311f8       0x34 _build/nrf52832_xxaa/bsp.c.o
                0x000311f8                bsp_indication_set
 .text.bsp_init
                0x0003122c       0xdc _build/nrf52832_xxaa/bsp.c.o
                0x0003122c                bsp_init
 .text.bsp_event_to_button_action_assign
                0x00031308       0x9c _build/nrf52832_xxaa/bsp.c.o
                0x00031308                bsp_event_to_button_action_assign
 .text.wakeup_button_cfg
                0x000313a4       0x40 _build/nrf52832_xxaa/bsp.c.o
 .text.bsp_wakeup_button_enable
                0x000313e4       0x1a _build/nrf52832_xxaa/bsp.c.o
                0x000313e4                bsp_wakeup_button_enable
 .text.connection_buttons_configure
                0x000313fe       0x64 _build/nrf52832_xxaa/bsp_btn_ble.c.o
 .text.advertising_buttons_configure
                0x00031462       0x64 _build/nrf52832_xxaa/bsp_btn_ble.c.o
 .text.startup_event_extract
                0x000314c6       0x3e _build/nrf52832_xxaa/bsp_btn_ble.c.o
 .text.bsp_btn_ble_sleep_mode_prepare
                0x00031504       0x40 _build/nrf52832_xxaa/bsp_btn_ble.c.o
                0x00031504                bsp_btn_ble_sleep_mode_prepare
 .text.ble_evt_handler
                0x00031544       0x88 _build/nrf52832_xxaa/bsp_btn_ble.c.o
 .text.bsp_btn_ble_init
                0x000315cc       0x40 _build/nrf52832_xxaa/bsp_btn_ble.c.o
                0x000315cc                bsp_btn_ble_init
 .text.sd_ble_gap_conn_param_update
                0x0003160c        0x8 _build/nrf52832_xxaa/main.c.o
 .text.sd_ble_gap_disconnect
                0x00031614        0x8 _build/nrf52832_xxaa/main.c.o
 .text.sd_ble_gap_sec_params_reply
                0x0003161c        0x8 _build/nrf52832_xxaa/main.c.o
 .text.sd_ble_gap_phy_update
                0x00031624        0x8 _build/nrf52832_xxaa/main.c.o
 .text.nrfx_coredep_delay_us
                0x0003162c       0x30 _build/nrf52832_xxaa/main.c.o
 .text.nrf_gpio_pin_port_decode
                0x0003165c       0x18 _build/nrf52832_xxaa/main.c.o
 .text.nrf_gpio_cfg
                0x00031674       0x54 _build/nrf52832_xxaa/main.c.o
 .text.nrf_gpio_cfg_output
                0x000316c8       0x24 _build/nrf52832_xxaa/main.c.o
 .text.nrf_gpio_pin_set
                0x000316ec       0x2a _build/nrf52832_xxaa/main.c.o
 .text.nrf_gpio_pin_clear
                0x00031716       0x2a _build/nrf52832_xxaa/main.c.o
 .text.nrf_gpio_pin_toggle
                0x00031740       0x46 _build/nrf52832_xxaa/main.c.o
 .text.nrf_gpio_port_out_set
                0x00031786       0x1e _build/nrf52832_xxaa/main.c.o
 .text.nrf_gpio_port_out_clear
                0x000317a4       0x1e _build/nrf52832_xxaa/main.c.o
 .text.nrf_delay_ms
                0x000317c2       0x2c _build/nrf52832_xxaa/main.c.o
 .text.nrf_gpiote_task_set
                0x000317ee       0x26 _build/nrf52832_xxaa/main.c.o
 .text.nrf_gpiote_task_addr_get
                0x00031814       0x20 _build/nrf52832_xxaa/main.c.o
 .text.nrf_gpiote_task_enable
                0x00031834       0x38 _build/nrf52832_xxaa/main.c.o
 .text.nrf_gpiote_task_configure
                0x0003186c       0x7c _build/nrf52832_xxaa/main.c.o
 .text.nrf_drv_uart_tx
                0x000318e8       0x60 _build/nrf52832_xxaa/main.c.o
 .text.nrf_drv_uart_tx_in_progress
                0x00031948       0x54 _build/nrf52832_xxaa/main.c.o
 .text.nrf_drv_uart_rx
                0x0003199c       0x60 _build/nrf52832_xxaa/main.c.o
 .text.nrf_drv_uart_rx_enable
                0x000319fc       0x3c _build/nrf52832_xxaa/main.c.o
 .text.uart_print
                0x00031a38       0x50 _build/nrf52832_xxaa/main.c.o
                0x00031a38                uart_print
 .text.uart_rx_to_cmd
                0x00031a88       0xf0 _build/nrf52832_xxaa/main.c.o
                0x00031a88                uart_rx_to_cmd
 .text.uart_rx_scheduled
                0x00031b78      0x958 _build/nrf52832_xxaa/main.c.o
                0x00031b78                uart_rx_scheduled
 .text.imu_uart_sceduled
                0x000324d0      0x194 _build/nrf52832_xxaa/main.c.o
                0x000324d0                imu_uart_sceduled
 .text.data_evt_sceduled
                0x00032664      0x6d4 _build/nrf52832_xxaa/main.c.o
                0x00032664                data_evt_sceduled
 .text.nus_error_handler
                0x00032d38       0x16 _build/nrf52832_xxaa/main.c.o
 *fill*         0x00032d4e        0x2 
 .text.scan_start
                0x00032d50       0x44 _build/nrf52832_xxaa/main.c.o
 .text.scan_evt_handler
                0x00032d94       0xb8 _build/nrf52832_xxaa/main.c.o
 .text.scan_init
                0x00032e4c       0x84 _build/nrf52832_xxaa/main.c.o
 .text.db_disc_handler
                0x00032ed0       0x4c _build/nrf52832_xxaa/main.c.o
 .text.ble_nus_data_received_uart_print
                0x00032f1c      0x124 _build/nrf52832_xxaa/main.c.o
 .text.ble_nus_c_evt_handler
                0x00033040       0xfc _build/nrf52832_xxaa/main.c.o
 .text.shutdown_handler
                0x0003313c       0x50 _build/nrf52832_xxaa/main.c.o
 .text.ble_evt_handler
                0x0003318c      0x354 _build/nrf52832_xxaa/main.c.o
 .text.ble_stack_init
                0x000334e0       0x5e _build/nrf52832_xxaa/main.c.o
 *fill*         0x0003353e        0x2 
 .text.gatt_evt_handler
                0x00033540       0x74 _build/nrf52832_xxaa/main.c.o
                0x00033540                gatt_evt_handler
 .text.gatt_init
                0x000335b4       0x4c _build/nrf52832_xxaa/main.c.o
                0x000335b4                gatt_init
 .text.config_imu
                0x00033600      0x110 _build/nrf52832_xxaa/main.c.o
                0x00033600                config_imu
 .text.ts_imu_trigger_enable
                0x00033710       0xac _build/nrf52832_xxaa/main.c.o
                0x00033710                ts_imu_trigger_enable
 .text.ts_imu_trigger_disable
                0x000337bc       0x18 _build/nrf52832_xxaa/main.c.o
 .text.ts_evt_callback
                0x000337d4      0x134 _build/nrf52832_xxaa/main.c.o
 .text.sync_timer_init
                0x00033908       0xd4 _build/nrf52832_xxaa/main.c.o
 .text.bsp_event_handler
                0x000339dc      0x1e0 _build/nrf52832_xxaa/main.c.o
                0x000339dc                bsp_event_handler
 .text.nus_c_init
                0x00033bbc       0x68 _build/nrf52832_xxaa/main.c.o
 .text.buttons_leds_init
                0x00033c24       0x48 _build/nrf52832_xxaa/main.c.o
 .text.timer_init
                0x00033c6c       0x24 _build/nrf52832_xxaa/main.c.o
 .text.log_init
                0x00033c90       0x2e _build/nrf52832_xxaa/main.c.o
 .text.power_management_init
                0x00033cbe       0x24 _build/nrf52832_xxaa/main.c.o
 *fill*         0x00033ce2        0x2 
 .text.db_discovery_init
                0x00033ce4       0x44 _build/nrf52832_xxaa/main.c.o
 .text.idle_state_handle
                0x00033d28       0x1c _build/nrf52832_xxaa/main.c.o
 .text.usr_uarte_evt_handler
                0x00033d44      0x12c _build/nrf52832_xxaa/main.c.o
 .text.uart_dma_init
                0x00033e70       0x70 _build/nrf52832_xxaa/main.c.o
                0x00033e70                uart_dma_init
 .text.thingy_tes_c_evt_handler
                0x00033ee0      0x58c _build/nrf52832_xxaa/main.c.o
                0x00033ee0                thingy_tes_c_evt_handler
 .text.thingy_tes_c_init
                0x0003446c       0x58 _build/nrf52832_xxaa/main.c.o
 .text.main     0x000344c4      0x278 _build/nrf52832_xxaa/main.c.o
                0x000344c4                main
 .text._DoInit  0x0003473c       0x9c _build/nrf52832_xxaa/SEGGER_RTT.c.o
 .text._WriteBlocking
                0x000347d8       0xb4 _build/nrf52832_xxaa/SEGGER_RTT.c.o
 .text._WriteNoCheck
                0x0003488c       0x80 _build/nrf52832_xxaa/SEGGER_RTT.c.o
 .text._GetAvailWriteSpace
                0x0003490c       0x46 _build/nrf52832_xxaa/SEGGER_RTT.c.o
 *fill*         0x00034952        0x2 
 .text.SEGGER_RTT_WriteNoLock
                0x00034954       0xa0 _build/nrf52832_xxaa/SEGGER_RTT.c.o
                0x00034954                SEGGER_RTT_WriteNoLock
 .text.SEGGER_RTT_Init
                0x000349f4        0xc _build/nrf52832_xxaa/SEGGER_RTT.c.o
                0x000349f4                SEGGER_RTT_Init
 .text.sd_ble_uuid_encode
                0x00034a00        0x8 _build/nrf52832_xxaa/ble_advdata.c.o
 .text.ble_advdata_search
                0x00034a08       0xbe _build/nrf52832_xxaa/ble_advdata.c.o
                0x00034a08                ble_advdata_search
 .text.ble_advdata_uuid_find
                0x00034ac6      0x10a _build/nrf52832_xxaa/ble_advdata.c.o
                0x00034ac6                ble_advdata_uuid_find
 .text.registered_handler_get
                0x00034bd0       0x60 _build/nrf52832_xxaa/ble_db_discovery.c.o
 .text.registered_handler_set
                0x00034c30       0x54 _build/nrf52832_xxaa/ble_db_discovery.c.o
 .text.pending_user_evts_send
                0x00034c84       0x58 _build/nrf52832_xxaa/ble_db_discovery.c.o
 .text.discovery_available_evt_trigger
                0x00034cdc       0x48 _build/nrf52832_xxaa/ble_db_discovery.c.o
 .text.discovery_error_evt_trigger
                0x00034d24       0x68 _build/nrf52832_xxaa/ble_db_discovery.c.o
 .text.discovery_error_handler
                0x00034d8c       0x38 _build/nrf52832_xxaa/ble_db_discovery.c.o
 .text.discovery_complete_evt_trigger
                0x00034dc4       0xf8 _build/nrf52832_xxaa/ble_db_discovery.c.o
 .text.on_srv_disc_completion
                0x00034ebc      0x110 _build/nrf52832_xxaa/ble_db_discovery.c.o
 .text.is_char_discovery_reqd
                0x00034fcc       0x3a _build/nrf52832_xxaa/ble_db_discovery.c.o
 .text.is_desc_discovery_reqd
                0x00035006       0x98 _build/nrf52832_xxaa/ble_db_discovery.c.o
 *fill*         0x0003509e        0x2 
 .text.characteristics_discover
                0x000350a0       0xc8 _build/nrf52832_xxaa/ble_db_discovery.c.o
 .text.descriptors_discover
                0x00035168      0x144 _build/nrf52832_xxaa/ble_db_discovery.c.o
 .text.on_primary_srv_discovery_rsp
                0x000352ac      0x13c _build/nrf52832_xxaa/ble_db_discovery.c.o
 .text.on_characteristic_discovery_rsp
                0x000353e8      0x244 _build/nrf52832_xxaa/ble_db_discovery.c.o
 .text.on_descriptor_discovery_rsp
                0x0003562c      0x1dc _build/nrf52832_xxaa/ble_db_discovery.c.o
 .text.ble_db_discovery_init
                0x00035808       0x68 _build/nrf52832_xxaa/ble_db_discovery.c.o
                0x00035808                ble_db_discovery_init
 .text.ble_db_discovery_evt_register
                0x00035870       0x44 _build/nrf52832_xxaa/ble_db_discovery.c.o
                0x00035870                ble_db_discovery_evt_register
 .text.discovery_start
                0x000358b4      0x10c _build/nrf52832_xxaa/ble_db_discovery.c.o
 .text.ble_db_discovery_start
                0x000359c0       0x60 _build/nrf52832_xxaa/ble_db_discovery.c.o
                0x000359c0                ble_db_discovery_start
 .text.on_disconnected
                0x00035a20       0x36 _build/nrf52832_xxaa/ble_db_discovery.c.o
 *fill*         0x00035a56        0x2 
 .text.ble_db_discovery_on_ble_evt
                0x00035a58       0x94 _build/nrf52832_xxaa/ble_db_discovery.c.o
                0x00035a58                ble_db_discovery_on_ble_evt
 .text.sd_ble_gap_data_length_update
                0x00035aec        0x8 _build/nrf52832_xxaa/nrf_ble_gatt.c.o
 .text.sd_ble_gattc_exchange_mtu_request
                0x00035af4        0x8 _build/nrf52832_xxaa/nrf_ble_gatt.c.o
 .text.sd_ble_gatts_exchange_mtu_reply
                0x00035afc        0x8 _build/nrf52832_xxaa/nrf_ble_gatt.c.o
 .text.link_init
                0x00035b04       0x38 _build/nrf52832_xxaa/nrf_ble_gatt.c.o
 .text.data_length_update
                0x00035b3c       0xe4 _build/nrf52832_xxaa/nrf_ble_gatt.c.o
 .text.on_connected_evt
                0x00035c20      0x10c _build/nrf52832_xxaa/nrf_ble_gatt.c.o
 .text.on_disconnected_evt
                0x00035d2c       0x24 _build/nrf52832_xxaa/nrf_ble_gatt.c.o
 .text.on_exchange_mtu_rsp_evt
                0x00035d50       0xb0 _build/nrf52832_xxaa/nrf_ble_gatt.c.o
 .text.on_exchange_mtu_request_evt
                0x00035e00      0x104 _build/nrf52832_xxaa/nrf_ble_gatt.c.o
 .text.on_data_length_update_evt
                0x00035f04      0x114 _build/nrf52832_xxaa/nrf_ble_gatt.c.o
 .text.on_data_length_update_request_evt
                0x00036018       0x74 _build/nrf52832_xxaa/nrf_ble_gatt.c.o
 .text.nrf_ble_gatt_init
                0x0003608c       0x58 _build/nrf52832_xxaa/nrf_ble_gatt.c.o
                0x0003608c                nrf_ble_gatt_init
 .text.nrf_ble_gatt_att_mtu_central_set
                0x000360e4       0x3a _build/nrf52832_xxaa/nrf_ble_gatt.c.o
                0x000360e4                nrf_ble_gatt_att_mtu_central_set
 *fill*         0x0003611e        0x2 
 .text.nrf_ble_gatt_on_ble_evt
                0x00036120      0x17c _build/nrf52832_xxaa/nrf_ble_gatt.c.o
                0x00036120                nrf_ble_gatt_on_ble_evt
 .text.sd_ble_gattc_primary_services_discover
                0x0003629c        0x8 _build/nrf52832_xxaa/nrf_ble_gq.c.o
 .text.sd_ble_gattc_characteristics_discover
                0x000362a4        0x8 _build/nrf52832_xxaa/nrf_ble_gq.c.o
 .text.sd_ble_gattc_descriptors_discover
                0x000362ac        0x8 _build/nrf52832_xxaa/nrf_ble_gq.c.o
 .text.sd_ble_gattc_read
                0x000362b4        0x8 _build/nrf52832_xxaa/nrf_ble_gq.c.o
 .text.sd_ble_gattc_write
                0x000362bc        0x8 _build/nrf52832_xxaa/nrf_ble_gq.c.o
 .text.sd_ble_gatts_hvx
                0x000362c4        0x8 _build/nrf52832_xxaa/nrf_ble_gq.c.o
 .text.gattc_write_alloc
                0x000362cc       0x80 _build/nrf52832_xxaa/nrf_ble_gq.c.o
 .text.gatts_hvx_alloc
                0x0003634c       0x98 _build/nrf52832_xxaa/nrf_ble_gq.c.o
 .text.request_err_code_handle
                0x000363e4       0x84 _build/nrf52832_xxaa/nrf_ble_gq.c.o
 .text.queue_process
                0x00036468      0x26c _build/nrf52832_xxaa/nrf_ble_gq.c.o
 .text.queues_purge
                0x000366d4       0xd4 _build/nrf52832_xxaa/nrf_ble_gq.c.o
 .text.request_process
                0x000367a8      0x1cc _build/nrf52832_xxaa/nrf_ble_gq.c.o
 .text.conn_handle_id_find
                0x00036974       0x46 _build/nrf52832_xxaa/nrf_ble_gq.c.o
 .text.conn_handle_register
                0x000369ba       0x56 _build/nrf52832_xxaa/nrf_ble_gq.c.o
 .text.is_any_conn_handle_registered
                0x00036a10       0x44 _build/nrf52832_xxaa/nrf_ble_gq.c.o
 .text.nrf_ble_gq_item_add
                0x00036a54      0x168 _build/nrf52832_xxaa/nrf_ble_gq.c.o
                0x00036a54                nrf_ble_gq_item_add
 .text.nrf_ble_gq_conn_handle_register
                0x00036bbc       0xa0 _build/nrf52832_xxaa/nrf_ble_gq.c.o
                0x00036bbc                nrf_ble_gq_conn_handle_register
 .text.nrf_ble_gq_on_ble_evt
                0x00036c5c       0xc8 _build/nrf52832_xxaa/nrf_ble_gq.c.o
                0x00036c5c                nrf_ble_gq_on_ble_evt
 .text.sd_ble_gap_scan_start
                0x00036d24        0x8 _build/nrf52832_xxaa/nrf_ble_scan.c.o
 .text.sd_ble_gap_scan_stop
                0x00036d2c        0x8 _build/nrf52832_xxaa/nrf_ble_scan.c.o
 .text.sd_ble_gap_connect
                0x00036d34        0x8 _build/nrf52832_xxaa/nrf_ble_scan.c.o
 .text.nrf_ble_scan_connect_with_target
                0x00036d3c       0xc0 _build/nrf52832_xxaa/nrf_ble_scan.c.o
 .text.adv_uuid_compare
                0x00036dfc       0x9e _build/nrf52832_xxaa/nrf_ble_scan.c.o
 *fill*         0x00036e9a        0x2 
 .text.nrf_ble_scan_uuid_filter_add
                0x00036e9c       0x90 _build/nrf52832_xxaa/nrf_ble_scan.c.o
 .text.nrf_ble_scan_filter_set
                0x00036f2c       0x42 _build/nrf52832_xxaa/nrf_ble_scan.c.o
                0x00036f2c                nrf_ble_scan_filter_set
 .text.nrf_ble_scan_filters_enable
                0x00036f6e       0x7c _build/nrf52832_xxaa/nrf_ble_scan.c.o
                0x00036f6e                nrf_ble_scan_filters_enable
 .text.nrf_ble_scan_filters_disable
                0x00036fea       0x2c _build/nrf52832_xxaa/nrf_ble_scan.c.o
                0x00036fea                nrf_ble_scan_filters_disable
 .text.nrf_ble_scan_on_adv_report
                0x00037016      0x126 _build/nrf52832_xxaa/nrf_ble_scan.c.o
 .text.is_whitelist_used
                0x0003713c       0x36 _build/nrf52832_xxaa/nrf_ble_scan.c.o
                0x0003713c                is_whitelist_used
 .text.nrf_ble_scan_default_param_set
                0x00037172       0x40 _build/nrf52832_xxaa/nrf_ble_scan.c.o
 .text.nrf_ble_scan_default_conn_param_set
                0x000371b2       0x2e _build/nrf52832_xxaa/nrf_ble_scan.c.o
 .text.nrf_ble_scan_on_timeout
                0x000371e0       0x74 _build/nrf52832_xxaa/nrf_ble_scan.c.o
 .text.nrf_ble_scan_stop
                0x00037254        0xc _build/nrf52832_xxaa/nrf_ble_scan.c.o
                0x00037254                nrf_ble_scan_stop
 .text.nrf_ble_scan_init
                0x00037260       0xb4 _build/nrf52832_xxaa/nrf_ble_scan.c.o
                0x00037260                nrf_ble_scan_init
 .text.nrf_ble_scan_start
                0x00037314       0xb4 _build/nrf52832_xxaa/nrf_ble_scan.c.o
                0x00037314                nrf_ble_scan_start
 .text.nrf_ble_scan_on_connected_evt
                0x000373c8       0x4a _build/nrf52832_xxaa/nrf_ble_scan.c.o
 .text.nrf_ble_scan_on_ble_evt
                0x00037412       0x58 _build/nrf52832_xxaa/nrf_ble_scan.c.o
                0x00037412                nrf_ble_scan_on_ble_evt
 .text.sd_ble_uuid_vs_add
                0x0003746a        0x8 _build/nrf52832_xxaa/ble_nus_c.c.o
 *fill*         0x00037472        0x2 
 .text.gatt_error_handler
                0x00037474       0x50 _build/nrf52832_xxaa/ble_nus_c.c.o
 .text.ble_nus_c_on_db_disc_evt
                0x000374c4       0xd6 _build/nrf52832_xxaa/ble_nus_c.c.o
                0x000374c4                ble_nus_c_on_db_disc_evt
 *fill*         0x0003759a        0x2 
 .text.on_hvx   0x0003759c       0x70 _build/nrf52832_xxaa/ble_nus_c.c.o
 .text.ble_nus_c_init
                0x0003760c       0xa4 _build/nrf52832_xxaa/ble_nus_c.c.o
                0x0003760c                ble_nus_c_init
 .text.ble_nus_c_on_ble_evt
                0x000376b0       0x8c _build/nrf52832_xxaa/ble_nus_c.c.o
                0x000376b0                ble_nus_c_on_ble_evt
 .text.cccd_configure
                0x0003773c       0x78 _build/nrf52832_xxaa/ble_nus_c.c.o
 .text.ble_nus_c_tx_notif_enable
                0x000377b4       0x3c _build/nrf52832_xxaa/ble_nus_c.c.o
                0x000377b4                ble_nus_c_tx_notif_enable
 .text.ble_nus_c_string_send
                0x000377f0       0xc8 _build/nrf52832_xxaa/ble_nus_c.c.o
                0x000377f0                ble_nus_c_string_send
 .text.ble_nus_c_handles_assign
                0x000378b8       0x54 _build/nrf52832_xxaa/ble_nus_c.c.o
                0x000378b8                ble_nus_c_handles_assign
 .text.__NVIC_EnableIRQ
                0x0003790c       0x3c _build/nrf52832_xxaa/nrf_sdh.c.o
 .text.__NVIC_GetPriority
                0x00037948       0x50 _build/nrf52832_xxaa/nrf_sdh.c.o
 .text.nrf_section_iter_get
                0x00037998       0x18 _build/nrf52832_xxaa/nrf_sdh.c.o
 .text.sd_softdevice_enable
                0x000379b0        0x8 _build/nrf52832_xxaa/nrf_sdh.c.o
 .text.__sd_nvic_app_accessible_irq
                0x000379b8       0x60 _build/nrf52832_xxaa/nrf_sdh.c.o
 .text.__sd_nvic_is_app_accessible_priority
                0x00037a18       0x30 _build/nrf52832_xxaa/nrf_sdh.c.o
 .text.sd_nvic_EnableIRQ
                0x00037a48       0x88 _build/nrf52832_xxaa/nrf_sdh.c.o
 .text.sdh_request_observer_notify
                0x00037ad0       0x68 _build/nrf52832_xxaa/nrf_sdh.c.o
 .text.sdh_state_observer_notify
                0x00037b38       0x60 _build/nrf52832_xxaa/nrf_sdh.c.o
 .text.softdevices_evt_irq_enable
                0x00037b98       0x26 _build/nrf52832_xxaa/nrf_sdh.c.o
 *fill*         0x00037bbe        0x2 
 .text.nrf_sdh_enable_request
                0x00037bc0       0xa4 _build/nrf52832_xxaa/nrf_sdh.c.o
                0x00037bc0                nrf_sdh_enable_request
 .text.nrf_sdh_is_enabled
                0x00037c64       0x18 _build/nrf52832_xxaa/nrf_sdh.c.o
                0x00037c64                nrf_sdh_is_enabled
 .text.nrf_sdh_evts_poll
                0x00037c7c       0x50 _build/nrf52832_xxaa/nrf_sdh.c.o
                0x00037c7c                nrf_sdh_evts_poll
 .text.SWI2_EGU2_IRQHandler
                0x00037ccc        0xc _build/nrf52832_xxaa/nrf_sdh.c.o
                0x00037ccc                SWI2_EGU2_IRQHandler
 .text.sd_ble_enable
                0x00037cd8        0x8 _build/nrf52832_xxaa/nrf_sdh_ble.c.o
 .text.sd_ble_cfg_set
                0x00037ce0        0x8 _build/nrf52832_xxaa/nrf_sdh_ble.c.o
 .text.sd_ble_evt_get
                0x00037ce8        0x8 _build/nrf52832_xxaa/nrf_sdh_ble.c.o
 .text.nrf_section_iter_get
                0x00037cf0       0x18 _build/nrf52832_xxaa/nrf_sdh_ble.c.o
 .text.nrf_sdh_ble_app_ram_start_get
                0x00037d08       0x2c _build/nrf52832_xxaa/nrf_sdh_ble.c.o
                0x00037d08                nrf_sdh_ble_app_ram_start_get
 .text.nrf_sdh_ble_default_cfg_set
                0x00037d34      0x220 _build/nrf52832_xxaa/nrf_sdh_ble.c.o
                0x00037d34                nrf_sdh_ble_default_cfg_set
 .text.ram_end_address_get
                0x00037f54       0x24 _build/nrf52832_xxaa/nrf_sdh_ble.c.o
 .text.nrf_sdh_ble_enable
                0x00037f78       0xc8 _build/nrf52832_xxaa/nrf_sdh_ble.c.o
                0x00037f78                nrf_sdh_ble_enable
 .text.nrf_sdh_ble_evts_poll
                0x00038040       0xc8 _build/nrf52832_xxaa/nrf_sdh_ble.c.o
 .text.nrf_section_iter_get
                0x00038108       0x18 _build/nrf52832_xxaa/nrf_sdh_soc.c.o
 .text.sd_evt_get
                0x00038120        0x8 _build/nrf52832_xxaa/nrf_sdh_soc.c.o
 .text.nrf_sdh_soc_evts_poll
                0x00038128       0x7c _build/nrf52832_xxaa/nrf_sdh_soc.c.o
 .text.atoi     0x000381a4        0x8 c:/program files (x86)/gnu arm embedded toolchain/10 2020-q4-major/bin/../lib/gcc/arm-none-eabi/10.2.1/../../../../arm-none-eabi/lib/thumb/v7e-m+fp/hard\libc_nano.a(lib_a-atoi.o)
                0x000381a4                atoi
 .text.exit     0x000381ac       0x28 c:/program files (x86)/gnu arm embedded toolchain/10 2020-q4-major/bin/../lib/gcc/arm-none-eabi/10.2.1/../../../../arm-none-eabi/lib/thumb/v7e-m+fp/hard\libc_nano.a(lib_a-exit.o)
                0x000381ac                exit
 .text.__libc_init_array
                0x000381d4       0x48 c:/program files (x86)/gnu arm embedded toolchain/10 2020-q4-major/bin/../lib/gcc/arm-none-eabi/10.2.1/../../../../arm-none-eabi/lib/thumb/v7e-m+fp/hard\libc_nano.a(lib_a-init.o)
                0x000381d4                __libc_init_array
 .text.memcmp   0x0003821c       0x20 c:/program files (x86)/gnu arm embedded toolchain/10 2020-q4-major/bin/../lib/gcc/arm-none-eabi/10.2.1/../../../../arm-none-eabi/lib/thumb/v7e-m+fp/hard\libc_nano.a(lib_a-memcmp.o)
                0x0003821c                memcmp
 .text.memcpy   0x0003823c       0x1c c:/program files (x86)/gnu arm embedded toolchain/10 2020-q4-major/bin/../lib/gcc/arm-none-eabi/10.2.1/../../../../arm-none-eabi/lib/thumb/v7e-m+fp/hard\libc_nano.a(lib_a-memcpy-stub.o)
                0x0003823c                memcpy
 .text.memset   0x00038258       0x10 c:/program files (x86)/gnu arm embedded toolchain/10 2020-q4-major/bin/../lib/gcc/arm-none-eabi/10.2.1/../../../../arm-none-eabi/lib/thumb/v7e-m+fp/hard\libc_nano.a(lib_a-memset.o)
                0x00038258                memset
 .text.__cvt    0x00038268       0xc4 c:/program files (x86)/gnu arm embedded toolchain/10 2020-q4-major/bin/../lib/gcc/arm-none-eabi/10.2.1/../../../../arm-none-eabi/lib/thumb/v7e-m+fp/hard\libc_nano.a(lib_a-nano-vfprintf_float.o)
                0x00038268                __cvt
 .text.__exponent
                0x0003832c       0x7c c:/program files (x86)/gnu arm embedded toolchain/10 2020-q4-major/bin/../lib/gcc/arm-none-eabi/10.2.1/../../../../arm-none-eabi/lib/thumb/v7e-m+fp/hard\libc_nano.a(lib_a-nano-vfprintf_float.o)
                0x0003832c                __exponent
 .text._printf_float
                0x000383a8      0x46c c:/program files (x86)/gnu arm embedded toolchain/10 2020-q4-major/bin/../lib/gcc/arm-none-eabi/10.2.1/../../../../arm-none-eabi/lib/thumb/v7e-m+fp/hard\libc_nano.a(lib_a-nano-vfprintf_float.o)
                0x000383a8                _printf_float
 .text._printf_common
                0x00038814       0xda c:/program files (x86)/gnu arm embedded toolchain/10 2020-q4-major/bin/../lib/gcc/arm-none-eabi/10.2.1/../../../../arm-none-eabi/lib/thumb/v7e-m+fp/hard\libc_nano.a(lib_a-nano-vfprintf_i.o)
                0x00038814                _printf_common
 *fill*         0x000388ee        0x2 
 .text._printf_i
                0x000388f0      0x24c c:/program files (x86)/gnu arm embedded toolchain/10 2020-q4-major/bin/../lib/gcc/arm-none-eabi/10.2.1/../../../../arm-none-eabi/lib/thumb/v7e-m+fp/hard\libc_nano.a(lib_a-nano-vfprintf_i.o)
                0x000388f0                _printf_i
 .text.sprintf  0x00038b3c       0x40 c:/program files (x86)/gnu arm embedded toolchain/10 2020-q4-major/bin/../lib/gcc/arm-none-eabi/10.2.1/../../../../arm-none-eabi/lib/thumb/v7e-m+fp/hard\libc_nano.a(lib_a-sprintf.o)
                0x00038b3c                siprintf
                0x00038b3c                sprintf
 .text.strcpy   0x00038b7c       0x10 c:/program files (x86)/gnu arm embedded toolchain/10 2020-q4-major/bin/../lib/gcc/arm-none-eabi/10.2.1/../../../../arm-none-eabi/lib/thumb/v7e-m+fp/hard\libc_nano.a(lib_a-strcpy.o)
                0x00038b7c                strcpy
 .text          0x00038b8c       0x10 c:/program files (x86)/gnu arm embedded toolchain/10 2020-q4-major/bin/../lib/gcc/arm-none-eabi/10.2.1/../../../../arm-none-eabi/lib/thumb/v7e-m+fp/hard\libc_nano.a(lib_a-strlen.o)
                0x00038b8c                strlen
 .text._strtol_l.constprop.0
                0x00038b9c      0x104 c:/program files (x86)/gnu arm embedded toolchain/10 2020-q4-major/bin/../lib/gcc/arm-none-eabi/10.2.1/../../../../arm-none-eabi/lib/thumb/v7e-m+fp/hard\libc_nano.a(lib_a-strtol.o)
 .text.strtol   0x00038ca0       0x14 c:/program files (x86)/gnu arm embedded toolchain/10 2020-q4-major/bin/../lib/gcc/arm-none-eabi/10.2.1/../../../../arm-none-eabi/lib/thumb/v7e-m+fp/hard\libc_nano.a(lib_a-strtol.o)
                0x00038ca0                strtol
 .text.quorem   0x00038cb4      0x116 c:/program files (x86)/gnu arm embedded toolchain/10 2020-q4-major/bin/../lib/gcc/arm-none-eabi/10.2.1/../../../../arm-none-eabi/lib/thumb/v7e-m+fp/hard\libc_nano.a(lib_a-dtoa.o)
 *fill*         0x00038dca        0x6 
 .text._dtoa_r  0x00038dd0      0xbdc c:/program files (x86)/gnu arm embedded toolchain/10 2020-q4-major/bin/../lib/gcc/arm-none-eabi/10.2.1/../../../../arm-none-eabi/lib/thumb/v7e-m+fp/hard\libc_nano.a(lib_a-dtoa.o)
                0x00038dd0                _dtoa_r
 .text.__errno  0x000399ac        0xc c:/program files (x86)/gnu arm embedded toolchain/10 2020-q4-major/bin/../lib/gcc/arm-none-eabi/10.2.1/../../../../arm-none-eabi/lib/thumb/v7e-m+fp/hard\libc_nano.a(lib_a-errno.o)
                0x000399ac                __errno
 .text._localeconv_r
                0x000399b8        0x8 c:/program files (x86)/gnu arm embedded toolchain/10 2020-q4-major/bin/../lib/gcc/arm-none-eabi/10.2.1/../../../../arm-none-eabi/lib/thumb/v7e-m+fp/hard\libc_nano.a(lib_a-localeconv.o)
                0x000399b8                _localeconv_r
 .text.malloc   0x000399c0       0x10 c:/program files (x86)/gnu arm embedded toolchain/10 2020-q4-major/bin/../lib/gcc/arm-none-eabi/10.2.1/../../../../arm-none-eabi/lib/thumb/v7e-m+fp/hard\libc_nano.a(lib_a-malloc.o)
                0x000399c0                malloc