Archive member included to satisfy reference by file (symbol)

c:/program files (x86)/gnu arm embedded toolchain/10 2020-q4-major/bin/../lib/gcc/arm-none-eabi/10.2.1/../../../../arm-none-eabi/lib/thumb/v7e-m+fp/hard\libc_nano.a(lib_a-atoi.o)
                              _build/nrf52832_xxaa/main.c.o (atoi)
c:/program files (x86)/gnu arm embedded toolchain/10 2020-q4-major/bin/../lib/gcc/arm-none-eabi/10.2.1/../../../../arm-none-eabi/lib/thumb/v7e-m+fp/hard\libc_nano.a(lib_a-ctype_.o)
                              _build/nrf52832_xxaa/nrf_log_str_formatter.c.o (_ctype_)
c:/program files (x86)/gnu arm embedded toolchain/10 2020-q4-major/bin/../lib/gcc/arm-none-eabi/10.2.1/../../../../arm-none-eabi/lib/thumb/v7e-m+fp/hard\libc_nano.a(lib_a-exit.o)
                              c:/program files (x86)/gnu arm embedded toolchain/10 2020-q4-major/bin/../lib/gcc/arm-none-eabi/10.2.1/../../../../arm-none-eabi/lib/thumb/v7e-m+fp/hard/crt0.o (exit)
c:/program files (x86)/gnu arm embedded toolchain/10 2020-q4-major/bin/../lib/gcc/arm-none-eabi/10.2.1/../../../../arm-none-eabi/lib/thumb/v7e-m+fp/hard\libc_nano.a(lib_a-impure.o)
                              c:/program files (x86)/gnu arm embedded toolchain/10 2020-q4-major/bin/../lib/gcc/arm-none-eabi/10.2.1/../../../../arm-none-eabi/lib/thumb/v7e-m+fp/hard\libc_nano.a(lib_a-exit.o) (_global_impure_ptr)
c:/program files (x86)/gnu arm embedded toolchain/10 2020-q4-major/bin/../lib/gcc/arm-none-eabi/10.2.1/../../../../arm-none-eabi/lib/thumb/v7e-m+fp/hard\libc_nano.a(lib_a-init.o)
                              c:/program files (x86)/gnu arm embedded toolchain/10 2020-q4-major/bin/../lib/gcc/arm-none-eabi/10.2.1/../../../../arm-none-eabi/lib/thumb/v7e-m+fp/hard/crt0.o (__libc_init_array)
c:/program files (x86)/gnu arm embedded toolchain/10 2020-q4-major/bin/../lib/gcc/arm-none-eabi/10.2.1/../../../../arm-none-eabi/lib/thumb/v7e-m+fp/hard\libc_nano.a(lib_a-memcmp.o)
                              _build/nrf52832_xxaa/ble_advdata.c.o (memcmp)
c:/program files (x86)/gnu arm embedded toolchain/10 2020-q4-major/bin/../lib/gcc/arm-none-eabi/10.2.1/../../../../arm-none-eabi/lib/thumb/v7e-m+fp/hard\libc_nano.a(lib_a-memcpy-stub.o)
                              _build/nrf52832_xxaa/sdk_mapped_flags.c.o (memcpy)
c:/program files (x86)/gnu arm embedded toolchain/10 2020-q4-major/bin/../lib/gcc/arm-none-eabi/10.2.1/../../../../arm-none-eabi/lib/thumb/v7e-m+fp/hard\libc_nano.a(lib_a-memset.o)
                              c:/program files (x86)/gnu arm embedded toolchain/10 2020-q4-major/bin/../lib/gcc/arm-none-eabi/10.2.1/../../../../arm-none-eabi/lib/thumb/v7e-m+fp/hard/crt0.o (memset)
c:/program files (x86)/gnu arm embedded toolchain/10 2020-q4-major/bin/../lib/gcc/arm-none-eabi/10.2.1/../../../../arm-none-eabi/lib/thumb/v7e-m+fp/hard\libc_nano.a(lib_a-nano-vfprintf_float.o)
                              (_printf_float)
c:/program files (x86)/gnu arm embedded toolchain/10 2020-q4-major/bin/../lib/gcc/arm-none-eabi/10.2.1/../../../../arm-none-eabi/lib/thumb/v7e-m+fp/hard\libc_nano.a(lib_a-nano-vfprintf_i.o)
                              c:/program files (x86)/gnu arm embedded toolchain/10 2020-q4-major/bin/../lib/gcc/arm-none-eabi/10.2.1/../../../../arm-none-eabi/lib/thumb/v7e-m+fp/hard\libc_nano.a(lib_a-nano-vfprintf_float.o) (_printf_common)
c:/program files (x86)/gnu arm embedded toolchain/10 2020-q4-major/bin/../lib/gcc/arm-none-eabi/10.2.1/../../../../arm-none-eabi/lib/thumb/v7e-m+fp/hard\libc_nano.a(lib_a-sprintf.o)
                              _build/nrf52832_xxaa/main.c.o (sprintf)
c:/program files (x86)/gnu arm embedded toolchain/10 2020-q4-major/bin/../lib/gcc/arm-none-eabi/10.2.1/../../../../arm-none-eabi/lib/thumb/v7e-m+fp/hard\libc_nano.a(lib_a-strcpy.o)
                              _build/nrf52832_xxaa/SEGGER_RTT.c.o (strcpy)
c:/program files (x86)/gnu arm embedded toolchain/10 2020-q4-major/bin/../lib/gcc/arm-none-eabi/10.2.1/../../../../arm-none-eabi/lib/thumb/v7e-m+fp/hard\libc_nano.a(lib_a-strlen.o)
                              _build/nrf52832_xxaa/nrf_log_frontend.c.o (strlen)
c:/program files (x86)/gnu arm embedded toolchain/10 2020-q4-major/bin/../lib/gcc/arm-none-eabi/10.2.1/../../../../arm-none-eabi/lib/thumb/v7e-m+fp/hard\libc_nano.a(lib_a-strtol.o)
                              c:/program files (x86)/gnu arm embedded toolchain/10 2020-q4-major/bin/../lib/gcc/arm-none-eabi/10.2.1/../../../../arm-none-eabi/lib/thumb/v7e-m+fp/hard\libc_nano.a(lib_a-atoi.o) (_strtol_r)
c:/program files (x86)/gnu arm embedded toolchain/10 2020-q4-major/bin/../lib/gcc/arm-none-eabi/10.2.1/../../../../arm-none-eabi/lib/thumb/v7e-m+fp/hard\libc_nano.a(lib_a-dtoa.o)
                              c:/program files (x86)/gnu arm embedded toolchain/10 2020-q4-major/bin/../lib/gcc/arm-none-eabi/10.2.1/../../../../arm-none-eabi/lib/thumb/v7e-m+fp/hard\libc_nano.a(lib_a-nano-vfprintf_float.o) (_dtoa_r)
[...]
Memory Configuration

Name             Origin             Length             Attributes
FLASH            0x00026000         0x0005a000         xr
RAM              0x20008f88         0x00007078         xrw
*default*        0x00000000         0xffffffff

Linker script and memory map


.text           0x00026000    0x19518
 *(.isr_vector)
 .isr_vector    0x00026000      0x200 _build/nrf52832_xxaa/gcc_startup_nrf52.S.o
                0x00026000                __isr_vector
 *(.text*)
 .text          0x00026200       0x40 c:/program files (x86)/gnu arm embedded toolchain/10 2020-q4-major/bin/../lib/gcc/arm-none-eabi/10.2.1/thumb/v7e-m+fp/hard/crtbegin.o
 .text          0x00026240       0x7c c:/program files (x86)/gnu arm embedded toolchain/10 2020-q4-major/bin/../lib/gcc/arm-none-eabi/10.2.1/../../../../arm-none-eabi/lib/thumb/v7e-m+fp/hard/crt0.o
                0x00026240                _stack_init
                0x00026248                _start
                0x00026248                _mainCRTStartup
 .text.__NVIC_EnableIRQ
                0x000262bc       0x3c _build/nrf52832_xxaa/nrfx_timer.c.o
 .text.__NVIC_SetPriority
                0x000262f8       0x54 _build/nrf52832_xxaa/nrfx_timer.c.o
 .text.nrfx_get_irq_number
                0x0002634c       0x1a _build/nrf52832_xxaa/nrfx_timer.c.o
 .text._NRFX_IRQ_PRIORITY_SET
                0x00026366       0x26 _build/nrf52832_xxaa/nrfx_timer.c.o
 .text._NRFX_IRQ_ENABLE
                0x0002638c       0x1c _build/nrf52832_xxaa/nrfx_timer.c.o
 .text.nrf_timer_task_trigger
                0x000263a8       0x22 _build/nrf52832_xxaa/nrfx_timer.c.o
 .text.nrf_timer_event_clear
                0x000263ca       0x2e _build/nrf52832_xxaa/nrfx_timer.c.o
 .text.nrf_timer_event_check
                0x000263f8       0x2a _build/nrf52832_xxaa/nrfx_timer.c.o
 .text.nrf_timer_int_enable
                0x00026422       0x1e _build/nrf52832_xxaa/nrfx_timer.c.o
 .text.nrf_timer_int_disable
                0x00026440       0x1e _build/nrf52832_xxaa/nrfx_timer.c.o
 .text.nrf_timer_int_enable_check
                0x0002645e       0x2a _build/nrf52832_xxaa/nrfx_timer.c.o
 .text.nrf_timer_mode_set
                0x00026488       0x30 _build/nrf52832_xxaa/nrfx_timer.c.o
 .text.nrf_timer_bit_width_set
                0x000264b8       0x30 _build/nrf52832_xxaa/nrfx_timer.c.o
 .text.nrf_timer_frequency_set
                0x000264e8       0x30 _build/nrf52832_xxaa/nrfx_timer.c.o
 .text.nrf_timer_cc_write
                0x00026518       0x28 _build/nrf52832_xxaa/nrfx_timer.c.o
 .text.nrf_timer_compare_event_get
                0x00026540       0x1e _build/nrf52832_xxaa/nrfx_timer.c.o
 .text.nrf_timer_compare_int_get
                0x0002655e       0x1e _build/nrf52832_xxaa/nrfx_timer.c.o
 .text.nrfx_timer_init
                0x0002657c       0xe0 _build/nrf52832_xxaa/nrfx_timer.c.o
                0x0002657c                nrfx_timer_init
 .text.nrfx_timer_enable
                0x0002665c       0x38 _build/nrf52832_xxaa/nrfx_timer.c.o
                0x0002665c                nrfx_timer_enable
 .text.nrfx_timer_clear
                0x00026694       0x1c _build/nrf52832_xxaa/nrfx_timer.c.o
                0x00026694                nrfx_timer_clear
 .text.nrfx_timer_compare
                0x000266b0       0x6a _build/nrf52832_xxaa/nrfx_timer.c.o
                0x000266b0                nrfx_timer_compare
 .text.irq_handler
                0x0002671a       0x78 _build/nrf52832_xxaa/nrfx_timer.c.o
 *fill*         0x00026792        0x2 
 .text.TIMER0_IRQHandler
                0x00026794       0x1c _build/nrf52832_xxaa/nrfx_timer.c.o
                0x00026794                TIMER0_IRQHandler
 .text.TIMER1_IRQHandler
                0x000267b0       0x1c _build/nrf52832_xxaa/nrfx_timer.c.o
                0x000267b0                TIMER1_IRQHandler
 .text.__NVIC_EnableIRQ
                0x000267cc       0x3c _build/nrf52832_xxaa/nrf_libuarte_async.c.o
 .text.__NVIC_DisableIRQ
                0x00026808       0x48 _build/nrf52832_xxaa/nrf_libuarte_async.c.o
 .text._NRFX_IRQ_ENABLE
                0x00026850       0x1c _build/nrf52832_xxaa/nrf_libuarte_async.c.o
 .text._NRFX_IRQ_DISABLE
                0x0002686c       0x1c _build/nrf52832_xxaa/nrf_libuarte_async.c.o
 .text.nrf_timer_task_trigger
                0x00026888       0x22 _build/nrf52832_xxaa/nrf_libuarte_async.c.o
 .text.nrf_timer_task_address_get
                0x000268aa       0x1e _build/nrf52832_xxaa/nrf_libuarte_async.c.o
 .text.nrf_timer_event_address_get
                0x000268c8       0x1e _build/nrf52832_xxaa/nrf_libuarte_async.c.o
 .text.nrf_timer_compare_event_get
                0x000268e6       0x1e _build/nrf52832_xxaa/nrf_libuarte_async.c.o
 .text.nrfx_timer_task_address_get
                0x00026904       0x24 _build/nrf52832_xxaa/nrf_libuarte_async.c.o
 .text.nrfx_timer_compare_event_address_get
                0x00026928       0x28 _build/nrf52832_xxaa/nrf_libuarte_async.c.o
 .text.nrf_uarte_event_address_get
                0x00026950       0x1e _build/nrf52832_xxaa/nrf_libuarte_async.c.o
 *fill*         0x0002696e        0x2 
 .text.irq_prio_inc
                0x00026970       0x20 _build/nrf52832_xxaa/nrf_libuarte_async.c.o
 .text.app_timer_ticks_to_us
                0x00026990       0xb8 _build/nrf52832_xxaa/nrf_libuarte_async.c.o
 .text.app_timer_us_to_ticks
                0x00026a48       0x3c _build/nrf52832_xxaa/nrf_libuarte_async.c.o
 .text.rx_buffer_schedule
                0x00026a84       0x60 _build/nrf52832_xxaa/nrf_libuarte_async.c.o
 .text.uart_evt_handler
                0x00026ae4      0x1f8 _build/nrf52832_xxaa/nrf_libuarte_async.c.o
 .text.nrf_libuarte_async_timeout_handler
                0x00026cdc       0x98 _build/nrf52832_xxaa/nrf_libuarte_async.c.o
                0x00026cdc                nrf_libuarte_async_timeout_handler
 .text.tmr_evt_handler
                0x00026d74       0x1a _build/nrf52832_xxaa/nrf_libuarte_async.c.o
 .text.app_timer_handler
                0x00026d8e       0xd4 _build/nrf52832_xxaa/nrf_libuarte_async.c.o
 *fill*         0x00026e62        0x2 
 .text.nrf_libuarte_async_init
                0x00026e64      0x344 _build/nrf52832_xxaa/nrf_libuarte_async.c.o
                0x00026e64                nrf_libuarte_async_init
 .text.nrf_libuarte_async_enable
                0x000271a8      0x12c _build/nrf52832_xxaa/nrf_libuarte_async.c.o
                0x000271a8                nrf_libuarte_async_enable
 .text.nrf_libuarte_async_tx
                0x000272d4       0x24 _build/nrf52832_xxaa/nrf_libuarte_async.c.o
                0x000272d4                nrf_libuarte_async_tx
 .text.nrf_libuarte_async_rx_free
                0x000272f8       0xcc _build/nrf52832_xxaa/nrf_libuarte_async.c.o
                0x000272f8                nrf_libuarte_async_rx_free
 .text.__NVIC_EnableIRQ
                0x000273c4       0x3c _build/nrf52832_xxaa/nrf_libuarte_drv.c.o
 .text.__NVIC_ClearPendingIRQ
                0x00027400       0x3c _build/nrf52832_xxaa/nrf_libuarte_drv.c.o
 .text.__NVIC_SetPriority
                0x0002743c       0x54 _build/nrf52832_xxaa/nrf_libuarte_drv.c.o
 .text.nrfx_get_irq_number
                0x00027490       0x1a _build/nrf52832_xxaa/nrf_libuarte_drv.c.o
 .text.nrf_uarte_event_clear
                0x000274aa       0x2e _build/nrf52832_xxaa/nrf_libuarte_drv.c.o
 .text.nrf_uarte_event_check
                0x000274d8       0x2a _build/nrf52832_xxaa/nrf_libuarte_drv.c.o
 .text.nrf_uarte_event_address_get
                0x00027502       0x1e _build/nrf52832_xxaa/nrf_libuarte_drv.c.o
 .text.nrf_uarte_int_enable
                0x00027520       0x1e _build/nrf52832_xxaa/nrf_libuarte_drv.c.o
 .text.nrf_uarte_errorsrc_get_and_clear
                0x0002753e       0x26 _build/nrf52832_xxaa/nrf_libuarte_drv.c.o
 .text.nrf_uarte_enable
                0x00027564       0x1c _build/nrf52832_xxaa/nrf_libuarte_drv.c.o
 .text.nrf_uarte_txrx_pins_set
                0x00027580       0x28 _build/nrf52832_xxaa/nrf_libuarte_drv.c.o
 .text.nrf_uarte_task_trigger
                0x000275a8       0x22 _build/nrf52832_xxaa/nrf_libuarte_drv.c.o
 .text.nrf_uarte_task_address_get
                0x000275ca       0x1e _build/nrf52832_xxaa/nrf_libuarte_drv.c.o
 .text.nrf_uarte_configure
                0x000275e8       0x2c _build/nrf52832_xxaa/nrf_libuarte_drv.c.o
 .text.nrf_uarte_baudrate_set
                0x00027614       0x1e _build/nrf52832_xxaa/nrf_libuarte_drv.c.o
 .text.nrf_uarte_tx_buffer_set
                0x00027632       0x28 _build/nrf52832_xxaa/nrf_libuarte_drv.c.o
 .text.nrf_uarte_tx_amount_get
                0x0002765a       0x1a _build/nrf52832_xxaa/nrf_libuarte_drv.c.o
 .text.nrf_uarte_rx_buffer_set
                0x00027674       0x28 _build/nrf52832_xxaa/nrf_libuarte_drv.c.o
 .text.nrf_ppi_task_group_enable_address_get
                0x0002769c       0x22 _build/nrf52832_xxaa/nrf_libuarte_drv.c.o
 .text.nrf_ppi_task_group_disable_address_get
                0x000276be       0x24 _build/nrf52832_xxaa/nrf_libuarte_drv.c.o
 .text.nrfx_ppi_channel_to_mask
                0x000276e2       0x1e _build/nrf52832_xxaa/nrf_libuarte_drv.c.o
 .text.nrfx_ppi_channel_include_in_group
                0x00027700       0x2e _build/nrf52832_xxaa/nrf_libuarte_drv.c.o
 .text.nrfx_ppi_task_addr_group_enable_get
                0x0002772e       0x1c _build/nrf52832_xxaa/nrf_libuarte_drv.c.o
 .text.nrfx_ppi_task_addr_group_disable_get
                0x0002774a       0x1c _build/nrf52832_xxaa/nrf_libuarte_drv.c.o
 .text.nrf_timer_task_address_get
                0x00027766       0x1e _build/nrf52832_xxaa/nrf_libuarte_drv.c.o
 .text.nrf_timer_cc_read
                0x00027784       0x24 _build/nrf52832_xxaa/nrf_libuarte_drv.c.o
 .text.nrf_timer_capture_task_get
                0x000277a8       0x1c _build/nrf52832_xxaa/nrf_libuarte_drv.c.o
 .text.nrfx_timer_task_address_get
                0x000277c4       0x24 _build/nrf52832_xxaa/nrf_libuarte_drv.c.o
 .text.nrfx_timer_capture_task_address_get
                0x000277e8       0x28 _build/nrf52832_xxaa/nrf_libuarte_drv.c.o
 .text.nrfx_timer_capture_get
                0x00027810       0x24 _build/nrf52832_xxaa/nrf_libuarte_drv.c.o
 .text.nrf_gpio_pin_port_decode
                0x00027834       0x18 _build/nrf52832_xxaa/nrf_libuarte_drv.c.o
 .text.nrf_gpio_cfg
                0x0002784c       0x54 _build/nrf52832_xxaa/nrf_libuarte_drv.c.o
 .text.nrf_gpio_cfg_output
                0x000278a0       0x24 _build/nrf52832_xxaa/nrf_libuarte_drv.c.o
 .text.nrf_gpio_cfg_input
                0x000278c4       0x28 _build/nrf52832_xxaa/nrf_libuarte_drv.c.o
 .text.nrf_gpio_pin_set
                0x000278ec       0x2a _build/nrf52832_xxaa/nrf_libuarte_drv.c.o
 .text.nrf_gpio_port_out_set
                0x00027916       0x1e _build/nrf52832_xxaa/nrf_libuarte_drv.c.o
 .text.ppi_channel_configure
                0x00027934       0x62 _build/nrf52832_xxaa/nrf_libuarte_drv.c.o
 .text.ppi_group_configure
                0x00027996       0x84 _build/nrf52832_xxaa/nrf_libuarte_drv.c.o
 .text.ppi_ch_free
                0x00027a1a       0x2e _build/nrf52832_xxaa/nrf_libuarte_drv.c.o
 .text.ppi_group_free
                0x00027a48       0x22 _build/nrf52832_xxaa/nrf_libuarte_drv.c.o
 .text.ppi_free
                0x00027a6a       0x74 _build/nrf52832_xxaa/nrf_libuarte_drv.c.o
 .text.ppi_ch_enable
                0x00027ade       0x1c _build/nrf52832_xxaa/nrf_libuarte_drv.c.o
 .text.ppi_ch_disable
                0x00027afa       0x1c _build/nrf52832_xxaa/nrf_libuarte_drv.c.o
 .text.rx_ppi_enable
                0x00027b16       0x40 _build/nrf52832_xxaa/nrf_libuarte_drv.c.o
 .text.tx_ppi_enable
                0x00027b56       0x40 _build/nrf52832_xxaa/nrf_libuarte_drv.c.o
 .text.tx_ppi_disable
                0x00027b96       0x40 _build/nrf52832_xxaa/nrf_libuarte_drv.c.o
 .text.ppi_configure
                0x00027bd6      0x2ba _build/nrf52832_xxaa/nrf_libuarte_drv.c.o
 .text.tmr_evt_handler
                0x00027e90       0x18 _build/nrf52832_xxaa/nrf_libuarte_drv.c.o
                0x00027e90                tmr_evt_handler
 .text.nrf_libuarte_drv_init
                0x00027ea8      0x1c8 _build/nrf52832_xxaa/nrf_libuarte_drv.c.o
                0x00027ea8                nrf_libuarte_drv_init
 .text.nrf_libuarte_drv_tx
                0x00028070      0x10c _build/nrf52832_xxaa/nrf_libuarte_drv.c.o
                0x00028070                nrf_libuarte_drv_tx
 .text.nrf_libuarte_drv_rx_start
                0x0002817c       0xa8 _build/nrf52832_xxaa/nrf_libuarte_drv.c.o
                0x0002817c                nrf_libuarte_drv_rx_start
 .text.nrf_libuarte_drv_rx_buf_rsp
                0x00028224       0x3e _build/nrf52832_xxaa/nrf_libuarte_drv.c.o
                0x00028224                nrf_libuarte_drv_rx_buf_rsp
 .text.irq_handler
                0x00028262      0x322 _build/nrf52832_xxaa/nrf_libuarte_drv.c.o
 .text.libuarte_0_irq_handler
                0x00028584       0x18 _build/nrf52832_xxaa/nrf_libuarte_drv.c.o
                0x00028584                libuarte_0_irq_handler
 .text.nrf_gpio_pin_port_decode
                0x0002859c       0x18 _build/nrf52832_xxaa/usr_util.c.o
 .text.nrf_gpio_cfg
                0x000285b4       0x54 _build/nrf52832_xxaa/usr_util.c.o
 .text.nrf_gpio_cfg_output
                0x00028608       0x24 _build/nrf52832_xxaa/usr_util.c.o
 .text.usr_gpio_init
                0x0002862c       0x32 _build/nrf52832_xxaa/usr_util.c.o
                0x0002862c                usr_gpio_init
 *fill*         0x0002865e        0x2 
 .text.nrf_ppi_channel_enable
                0x00028660       0x28 _build/nrf52832_xxaa/nrfx_ppi.c.o
 .text.nrf_ppi_channel_disable
                0x00028688       0x28 _build/nrf52832_xxaa/nrfx_ppi.c.o
 .text.nrf_ppi_channel_endpoint_setup
                0x000286b0       0x38 _build/nrf52832_xxaa/nrfx_ppi.c.o
 .text.nrf_ppi_fork_endpoint_setup
                0x000286e8       0x2c _build/nrf52832_xxaa/nrfx_ppi.c.o
 .text.nrf_ppi_channels_include_in_group
                0x00028714       0x38 _build/nrf52832_xxaa/nrfx_ppi.c.o
 .text.nrf_ppi_group_enable
                0x0002874c       0x24 _build/nrf52832_xxaa/nrfx_ppi.c.o
 .text.nrf_ppi_group_disable
                0x00028770       0x28 _build/nrf52832_xxaa/nrfx_ppi.c.o
 .text.nrfx_ppi_channel_to_mask
                0x00028798       0x1e _build/nrf52832_xxaa/nrfx_ppi.c.o
 .text.group_to_mask
                0x000287b6       0x1e _build/nrf52832_xxaa/nrfx_ppi.c.o
 .text.is_programmable_app_channel
                0x000287d4       0x2a _build/nrf52832_xxaa/nrfx_ppi.c.o
 .text.are_app_channels
                0x000287fe       0x24 _build/nrf52832_xxaa/nrfx_ppi.c.o
 .text.is_app_channel
                0x00028822       0x24 _build/nrf52832_xxaa/nrfx_ppi.c.o
 .text.is_app_group
                0x00028846       0x2a _build/nrf52832_xxaa/nrfx_ppi.c.o
 .text.is_allocated_channel
                0x00028870       0x30 _build/nrf52832_xxaa/nrfx_ppi.c.o
 .text.channel_allocated_set
                0x000288a0       0x2c _build/nrf52832_xxaa/nrfx_ppi.c.o
 .text.channel_allocated_clr
                0x000288cc       0x2c _build/nrf52832_xxaa/nrfx_ppi.c.o
 .text.is_allocated_group
                0x000288f8       0x34 _build/nrf52832_xxaa/nrfx_ppi.c.o
 .text.group_allocated_set
                0x0002892c       0x30 _build/nrf52832_xxaa/nrfx_ppi.c.o
 .text.group_allocated_clr
                0x0002895c       0x30 _build/nrf52832_xxaa/nrfx_ppi.c.o
 .text.nrfx_ppi_channel_alloc
                0x0002898c       0xa4 _build/nrf52832_xxaa/nrfx_ppi.c.o
                0x0002898c                nrfx_ppi_channel_alloc
 .text.nrfx_ppi_channel_free
                0x00028a30       0x58 _build/nrf52832_xxaa/nrfx_ppi.c.o
                0x00028a30                nrfx_ppi_channel_free
 .text.nrfx_ppi_channel_assign
                0x00028a88       0x6c _build/nrf52832_xxaa/nrfx_ppi.c.o
                0x00028a88                nrfx_ppi_channel_assign
 .text.nrfx_ppi_channel_fork_assign
                0x00028af4       0x3e _build/nrf52832_xxaa/nrfx_ppi.c.o
                0x00028af4                nrfx_ppi_channel_fork_assign
 .text.nrfx_ppi_channel_enable
                0x00028b32       0x62 _build/nrf52832_xxaa/nrfx_ppi.c.o
                0x00028b32                nrfx_ppi_channel_enable
 .text.nrfx_ppi_channel_disable
                0x00028b94       0x66 _build/nrf52832_xxaa/nrfx_ppi.c.o
                0x00028b94                nrfx_ppi_channel_disable
 .text.nrfx_ppi_group_alloc
                0x00028bfa       0x9a _build/nrf52832_xxaa/nrfx_ppi.c.o
                0x00028bfa                nrfx_ppi_group_alloc
 .text.nrfx_ppi_group_free
                0x00028c94       0x70 _build/nrf52832_xxaa/nrfx_ppi.c.o
                0x00028c94                nrfx_ppi_group_free
 .text.nrfx_ppi_group_enable
                0x00028d04       0x54 _build/nrf52832_xxaa/nrfx_ppi.c.o
                0x00028d04                nrfx_ppi_group_enable
 .text.nrfx_ppi_channels_include_in_group
                0x00028d58       0x86 _build/nrf52832_xxaa/nrfx_ppi.c.o
                0x00028d58                nrfx_ppi_channels_include_in_group
 .text.sd_ble_gattc_read
                0x00028dde        0x8 _build/nrf52832_xxaa/ble_tes_c.c.o
 .text.sd_ble_gattc_write
                0x00028de6        0x8 _build/nrf52832_xxaa/ble_tes_c.c.o
 .text.sd_ble_uuid_vs_add
                0x00028dee        0x8 _build/nrf52832_xxaa/ble_tes_c.c.o
 *fill*         0x00028df6        0x2 
 .text.tx_buffer_process
                0x00028df8       0xb8 _build/nrf52832_xxaa/ble_tes_c.c.o
 .text.on_write_rsp
                0x00028eb0       0x24 _build/nrf52832_xxaa/ble_tes_c.c.o
 .text.on_hvx   0x00028ed4       0xc6 _build/nrf52832_xxaa/ble_tes_c.c.o
 .text.on_disconnected
                0x00028f9a       0xa2 _build/nrf52832_xxaa/ble_tes_c.c.o
 .text.ble_thingy_tes_on_db_disc_evt
                0x0002903c      0x30c _build/nrf52832_xxaa/ble_tes_c.c.o
                0x0002903c                ble_thingy_tes_on_db_disc_evt
 .text.ble_thingy_tes_c_init
                0x00029348      0x110 _build/nrf52832_xxaa/ble_tes_c.c.o
                0x00029348                ble_thingy_tes_c_init
 .text.ble_tes_c_on_ble_evt
                0x00029458       0x5a _build/nrf52832_xxaa/ble_tes_c.c.o
                0x00029458                ble_tes_c_on_ble_evt
 *fill*         0x000294b2        0x2 
 .text.cccd_configure_tes
                0x000294b4       0x90 _build/nrf52832_xxaa/ble_tes_c.c.o
 .text.ble_tes_c_quaternion_notif_enable
                0x00029544       0x3c _build/nrf52832_xxaa/ble_tes_c.c.o
                0x00029544                ble_tes_c_quaternion_notif_enable
 .text.ble_tes_c_adc_notif_enable
                0x00029580       0x3c _build/nrf52832_xxaa/ble_tes_c.c.o
                0x00029580                ble_tes_c_adc_notif_enable
 .text.ble_tes_c_euler_notif_enable
                0x000295bc       0x3c _build/nrf52832_xxaa/ble_tes_c.c.o
                0x000295bc                ble_tes_c_euler_notif_enable
 .text.ble_tes_c_raw_notif_enable
                0x000295f8       0x3c _build/nrf52832_xxaa/ble_tes_c.c.o
                0x000295f8                ble_tes_c_raw_notif_enable
 .text.ble_tes_config_set
                0x00029634       0x70 _build/nrf52832_xxaa/ble_tes_c.c.o
                0x00029634                ble_tes_config_set
 .text.ble_tes_c_handles_assign
                0x000296a4       0x64 _build/nrf52832_xxaa/ble_tes_c.c.o
                0x000296a4                ble_tes_c_handles_assign
 .text.nrf_atflags_set
                0x00029708       0x32 _build/nrf52832_xxaa/nrf_atflags.c.o
                0x00029708                nrf_atflags_set
 .text.nrf_atflags_clear
                0x0002973a       0x34 _build/nrf52832_xxaa/nrf_atflags.c.o
                0x0002973a                nrf_atflags_clear
 .text.nrf_atflags_get
                0x0002976e       0x3a _build/nrf52832_xxaa/nrf_atflags.c.o
                0x0002976e                nrf_atflags_get
 .text.bcs_internal_state_reset
                0x000297a8       0x18 _build/nrf52832_xxaa/ble_conn_state.c.o
                0x000297a8                bcs_internal_state_reset
 .text.conn_handle_list_get
                0x000297c0       0x6c _build/nrf52832_xxaa/ble_conn_state.c.o
                0x000297c0                conn_handle_list_get
 .text.active_flag_count
                0x0002982c       0x3e _build/nrf52832_xxaa/ble_conn_state.c.o
                0x0002982c                active_flag_count
 *fill*         0x0002986a        0x2 
 .text.record_activate
                0x0002986c       0x3c _build/nrf52832_xxaa/ble_conn_state.c.o
 .text.record_invalidate
                0x000298a8       0x40 _build/nrf52832_xxaa/ble_conn_state.c.o
 .text.record_set_disconnected
                0x000298e8       0x20 _build/nrf52832_xxaa/ble_conn_state.c.o
 .text.record_purge_disconnected
                0x00029908       0x78 _build/nrf52832_xxaa/ble_conn_state.c.o
 .text.ble_conn_state_init
                0x00029980        0xc _build/nrf52832_xxaa/ble_conn_state.c.o
                0x00029980                ble_conn_state_init
 .text.flag_toggle
                0x0002998c       0x34 _build/nrf52832_xxaa/ble_conn_state.c.o
 .text.ble_evt_handler
                0x000299c0      0x12c _build/nrf52832_xxaa/ble_conn_state.c.o
 .text.ble_conn_state_central_conn_count
                0x00029aec       0x30 _build/nrf52832_xxaa/ble_conn_state.c.o
                0x00029aec                ble_conn_state_central_conn_count
 .text.__NVIC_EnableIRQ
                0x00029b1c       0x3c _build/nrf52832_xxaa/time_sync.c.o
 .text.__NVIC_DisableIRQ
                0x00029b58       0x48 _build/nrf52832_xxaa/time_sync.c.o
 .text.__NVIC_ClearPendingIRQ
                0x00029ba0       0x3c _build/nrf52832_xxaa/time_sync.c.o
 .text.__NVIC_SetPriority
                0x00029bdc       0x54 _build/nrf52832_xxaa/time_sync.c.o
 .text.sd_power_mode_set
                0x00029c30        0x8 _build/nrf52832_xxaa/time_sync.c.o
 .text.sd_clock_hfclk_request
                0x00029c38        0x8 _build/nrf52832_xxaa/time_sync.c.o
 .text.sd_radio_session_open
                0x00029c40        0x8 _build/nrf52832_xxaa/time_sync.c.o
 .text.sd_radio_session_close
                0x00029c48        0x8 _build/nrf52832_xxaa/time_sync.c.o
 .text.sd_radio_request
                0x00029c50        0x8 _build/nrf52832_xxaa/time_sync.c.o
 .text.nrf_ppi_channel_enable
                0x00029c58       0x28 _build/nrf52832_xxaa/time_sync.c.o
 .text.nrf_ppi_channel_disable
                0x00029c80       0x28 _build/nrf52832_xxaa/time_sync.c.o
 .text.increment_desync_timeout
                0x00029ca8       0x54 _build/nrf52832_xxaa/time_sync.c.o
 .text.tx_buf_get
                0x00029cfc       0x48 _build/nrf52832_xxaa/time_sync.c.o
 .text.RADIO_IRQHandler
                0x00029d44       0xc0 _build/nrf52832_xxaa/time_sync.c.o
                0x00029d44                RADIO_IRQHandler
 .text.radio_callback
                0x00029e04      0x1fc _build/nrf52832_xxaa/time_sync.c.o
 .text.update_radio_parameters
                0x0002a000       0xd8 _build/nrf52832_xxaa/time_sync.c.o
 .text.timeslot_end_handler
                0x0002a0d8       0x2c _build/nrf52832_xxaa/time_sync.c.o
 .text.timeslot_begin_handler
                0x0002a104       0xec _build/nrf52832_xxaa/time_sync.c.o
 .text.ts_on_sys_evt
                0x0002a1f0      0x1a4 _build/nrf52832_xxaa/time_sync.c.o
 .text.timestamp_counter_start
                0x0002a394       0x48 _build/nrf52832_xxaa/time_sync.c.o
 .text.sync_timer_start
                0x0002a3dc       0x78 _build/nrf52832_xxaa/time_sync.c.o
 .text.ts_set_trigger
                0x0002a454       0x80 _build/nrf52832_xxaa/time_sync.c.o
                0x0002a454                ts_set_trigger
 .text.SWI3_EGU3_IRQHandler
                0x0002a4d4      0x338 _build/nrf52832_xxaa/time_sync.c.o
                0x0002a4d4                SWI3_EGU3_IRQHandler
 .text.sync_timer_offset_compensate
                0x0002a80c      0x13c _build/nrf52832_xxaa/time_sync.c.o
 .text.ppi_sync_timer_adjust_configure
                0x0002a948      0x108 _build/nrf52832_xxaa/time_sync.c.o
 .text.ppi_radio_rx_configure
                0x0002aa50       0x64 _build/nrf52832_xxaa/time_sync.c.o
 .text.ppi_radio_tx_configure
                0x0002aab4       0x64 _build/nrf52832_xxaa/time_sync.c.o
 .text.ppi_timestamp_timer_configure
                0x0002ab18       0x64 _build/nrf52832_xxaa/time_sync.c.o
 .text.ppi_counter_timer_capture_configure
                0x0002ab7c       0x64 _build/nrf52832_xxaa/time_sync.c.o
 .text.ppi_counter_timer_capture_disable
                0x0002abe0       0x4c _build/nrf52832_xxaa/time_sync.c.o
 .text.ppi_radio_rx_disable
                0x0002ac2c       0x2c _build/nrf52832_xxaa/time_sync.c.o
 .text.ppi_sync_timer_adjust_enable
                0x0002ac58       0x24 _build/nrf52832_xxaa/time_sync.c.o
 .text.ppi_sync_trigger_configure
                0x0002ac7c       0x48 _build/nrf52832_xxaa/time_sync.c.o
 .text.timers_capture
                0x0002acc4      0x100 _build/nrf52832_xxaa/time_sync.c.o
 .text.ts_init  0x0002adc4       0xbc _build/nrf52832_xxaa/time_sync.c.o
                0x0002adc4                ts_init
 .text.ts_enable
                0x0002ae80      0x114 _build/nrf52832_xxaa/time_sync.c.o
                0x0002ae80                ts_enable
 .text.ts_timestamp_get_ticks_u64
                0x0002af94      0x106 _build/nrf52832_xxaa/time_sync.c.o
                0x0002af94                ts_timestamp_get_ticks_u64
 *fill*         0x0002b09a        0x2 
 .text          0x0002b09c       0x3c _build/nrf52832_xxaa/gcc_startup_nrf52.S.o
                0x0002b09c                Reset_Handler
                0x0002b0c4                NMI_Handler
                0x0002b0c6                HardFault_Handler
                0x0002b0c8                MemoryManagement_Handler
                0x0002b0ca                BusFault_Handler
                0x0002b0cc                UsageFault_Handler
                0x0002b0ce                SVC_Handler
                0x0002b0d0                DebugMon_Handler
                0x0002b0d2                PendSV_Handler
                0x0002b0d4                SysTick_Handler
                0x0002b0d6                QDEC_IRQHandler
                0x0002b0d6                TIMER3_IRQHandler
                0x0002b0d6                RTC0_IRQHandler
                0x0002b0d6                SPIM0_SPIS0_TWIM0_TWIS0_SPI0_TWI0_IRQHandler
                0x0002b0d6                PWM1_IRQHandler
                0x0002b0d6                TEMP_IRQHandler
                0x0002b0d6                PDM_IRQHandler
                0x0002b0d6                I2S_IRQHandler
                0x0002b0d6                SWI4_EGU4_IRQHandler
                0x0002b0d6                FPU_IRQHandler
                0x0002b0d6                PWM2_IRQHandler
                0x0002b0d6                ECB_IRQHandler
                0x0002b0d6                SPIM1_SPIS1_TWIM1_TWIS1_SPI1_TWI1_IRQHandler
                0x0002b0d6                Default_Handler
                0x0002b0d6                SAADC_IRQHandler
                0x0002b0d6                CCM_AAR_IRQHandler
                0x0002b0d6                WDT_IRQHandler
                0x0002b0d6                TIMER4_IRQHandler
                0x0002b0d6                SWI5_EGU5_IRQHandler
                0x0002b0d6                RNG_IRQHandler
                0x0002b0d6                RTC2_IRQHandler
                0x0002b0d6                PWM0_IRQHandler
                0x0002b0d6                SWI1_EGU1_IRQHandler
                0x0002b0d6                SPIM2_SPIS2_SPI2_IRQHandler
                0x0002b0d6                NFCT_IRQHandler
                0x0002b0d6                SWI0_EGU0_IRQHandler
                0x0002b0d6                MWU_IRQHandler
                0x0002b0d6                TIMER2_IRQHandler
                0x0002b0d6                COMP_LPCOMP_IRQHandler
 .text.nrfx_coredep_delay_us
                0x0002b0d8       0x30 _build/nrf52832_xxaa/nrf_log_backend_rtt.c.o
 .text.nrf_delay_ms
                0x0002b108       0x2c _build/nrf52832_xxaa/nrf_log_backend_rtt.c.o
 .text.nrf_log_backend_rtt_init
                0x0002b134        0xc _build/nrf52832_xxaa/nrf_log_backend_rtt.c.o
                0x0002b134                nrf_log_backend_rtt_init
 .text.serial_tx
                0x0002b140       0x88 _build/nrf52832_xxaa/nrf_log_backend_rtt.c.o
 .text.nrf_log_backend_rtt_put
                0x0002b1c8       0x2c _build/nrf52832_xxaa/nrf_log_backend_rtt.c.o
 .text.nrf_log_backend_rtt_flush
                0x0002b1f4       0x14 _build/nrf52832_xxaa/nrf_log_backend_rtt.c.o
 .text.nrf_log_backend_rtt_panic_set
                0x0002b208       0x14 _build/nrf52832_xxaa/nrf_log_backend_rtt.c.o
 .text.nrf_log_backend_serial_put
                0x0002b21c      0x132 _build/nrf52832_xxaa/nrf_log_backend_serial.c.o
                0x0002b21c                nrf_log_backend_serial_put
 .text.nrf_log_backend_enable
                0x0002b34e       0x1c _build/nrf52832_xxaa/nrf_log_default_backends.c.o
 *fill*         0x0002b36a        0x2 
 .text.nrf_log_default_backends_init
                0x0002b36c       0x2c _build/nrf52832_xxaa/nrf_log_default_backends.c.o
                0x0002b36c                nrf_log_default_backends_init
 .text.nrf_log_backend_put
                0x0002b398       0x1e _build/nrf52832_xxaa/nrf_log_frontend.c.o
 .text.nrf_log_backend_panic_set
                0x0002b3b6       0x1a _build/nrf52832_xxaa/nrf_log_frontend.c.o
 .text.nrf_log_backend_flush
                0x0002b3d0       0x1a _build/nrf52832_xxaa/nrf_log_frontend.c.o
 .text.nrf_log_backend_id_set
                0x0002b3ea       0x20 _build/nrf52832_xxaa/nrf_log_frontend.c.o
 .text.nrf_log_backend_id_get
                0x0002b40a       0x1a _build/nrf52832_xxaa/nrf_log_frontend.c.o
 .text.nrf_log_backend_enable
                0x0002b424       0x1c _build/nrf52832_xxaa/nrf_log_frontend.c.o
 .text.nrf_log_backend_is_enabled
                0x0002b440       0x1a _build/nrf52832_xxaa/nrf_log_frontend.c.o
 *fill*         0x0002b45a        0x2 
 .text.nrf_log_init
                0x0002b45c       0x50 _build/nrf52832_xxaa/nrf_log_frontend.c.o
                0x0002b45c                nrf_log_init
 .text.nrf_log_module_cnt_get
                0x0002b4ac       0x20 _build/nrf52832_xxaa/nrf_log_frontend.c.o
                0x0002b4ac                nrf_log_module_cnt_get
 .text.module_idx_get
                0x0002b4cc       0x60 _build/nrf52832_xxaa/nrf_log_frontend.c.o
 .text.nrf_log_module_name_get
                0x0002b52c       0x3c _build/nrf52832_xxaa/nrf_log_frontend.c.o
                0x0002b52c                nrf_log_module_name_get
 .text.nrf_log_color_id_get
                0x0002b568       0x68 _build/nrf52832_xxaa/nrf_log_frontend.c.o
                0x0002b568                nrf_log_color_id_get
 .text.invalid_packets_omit
                0x0002b5d0       0x72 _build/nrf52832_xxaa/nrf_log_frontend.c.o
 *fill*         0x0002b642        0x2 
 .text.log_skip
                0x0002b644       0xfc _build/nrf52832_xxaa/nrf_log_frontend.c.o
 .text.dropped_sat16_get
                0x0002b740       0x2c _build/nrf52832_xxaa/nrf_log_frontend.c.o
 .text.std_header_set
                0x0002b76c       0x9c _build/nrf52832_xxaa/nrf_log_frontend.c.o
 .text.buf_prealloc
                0x0002b808      0x118 _build/nrf52832_xxaa/nrf_log_frontend.c.o
 .text.std_n    0x0002b920       0x98 _build/nrf52832_xxaa/nrf_log_frontend.c.o
 .text.nrf_log_frontend_std_0
                0x0002b9b8       0x1e _build/nrf52832_xxaa/nrf_log_frontend.c.o
                0x0002b9b8                nrf_log_frontend_std_0
 .text.nrf_log_frontend_std_1
                0x0002b9d6       0x26 _build/nrf52832_xxaa/nrf_log_frontend.c.o
                0x0002b9d6                nrf_log_frontend_std_1
 .text.nrf_log_frontend_std_2
                0x0002b9fc       0x2c _build/nrf52832_xxaa/nrf_log_frontend.c.o
                0x0002b9fc                nrf_log_frontend_std_2
 .text.nrf_log_frontend_std_3
                0x0002ba28       0x30 _build/nrf52832_xxaa/nrf_log_frontend.c.o
                0x0002ba28                nrf_log_frontend_std_3
 .text.nrf_log_frontend_std_4
                0x0002ba58       0x34 _build/nrf52832_xxaa/nrf_log_frontend.c.o
                0x0002ba58                nrf_log_frontend_std_4
 .text.nrf_log_frontend_std_5
                0x0002ba8c       0x38 _build/nrf52832_xxaa/nrf_log_frontend.c.o
                0x0002ba8c                nrf_log_frontend_std_5
 .text.nrf_log_frontend_std_6
                0x0002bac4       0x3c _build/nrf52832_xxaa/nrf_log_frontend.c.o
                0x0002bac4                nrf_log_frontend_std_6
 .text.buffer_is_empty
                0x0002bb00       0x24 _build/nrf52832_xxaa/nrf_log_frontend.c.o
                0x0002bb00                buffer_is_empty
 .text.nrf_log_frontend_dequeue
                0x0002bb24      0x384 _build/nrf52832_xxaa/nrf_log_frontend.c.o
                0x0002bb24                nrf_log_frontend_dequeue
 .text.backend_id_assign
                0x0002bea8       0x64 _build/nrf52832_xxaa/nrf_log_frontend.c.o
 .text.nrf_log_backend_add
                0x0002bf0c       0x70 _build/nrf52832_xxaa/nrf_log_frontend.c.o
                0x0002bf0c                nrf_log_backend_add
 .text.nrf_log_panic
                0x0002bf7c       0x40 _build/nrf52832_xxaa/nrf_log_frontend.c.o
                0x0002bf7c                nrf_log_panic
 .text.timestamp_print
                0x0002bfbc       0x16 _build/nrf52832_xxaa/nrf_log_str_formatter.c.o
 *fill*         0x0002bfd2        0x2 
 .text.prefix_process
                0x0002bfd4       0xb4 _build/nrf52832_xxaa/nrf_log_str_formatter.c.o
 .text.postfix_process
                0x0002c088       0x60 _build/nrf52832_xxaa/nrf_log_str_formatter.c.o
 .text.nrf_log_std_entry_process
                0x0002c0e8      0x144 _build/nrf52832_xxaa/nrf_log_str_formatter.c.o
                0x0002c0e8                nrf_log_std_entry_process
 .text.nrf_log_hexdump_entry_process
                0x0002c22c       0xf0 _build/nrf52832_xxaa/nrf_log_str_formatter.c.o
                0x0002c22c                nrf_log_hexdump_entry_process
 .text.state_get
                0x0002c31c       0x48 _build/nrf52832_xxaa/app_button.c.o
 .text.state_set
                0x0002c364       0x84 _build/nrf52832_xxaa/app_button.c.o
 .text.button_get
                0x0002c3e8       0x54 _build/nrf52832_xxaa/app_button.c.o
 .text.usr_event
                0x0002c43c       0x3c _build/nrf52832_xxaa/app_button.c.o
 .text.evt_handle
                0x0002c478      0x19c _build/nrf52832_xxaa/app_button.c.o
                0x0002c478                evt_handle
 .text.timer_start
                0x0002c614       0x28 _build/nrf52832_xxaa/app_button.c.o
 .text.detection_delay_timeout_handler
                0x0002c63c       0x88 _build/nrf52832_xxaa/app_button.c.o
 .text.gpiote_event_handler
                0x0002c6c4       0x64 _build/nrf52832_xxaa/app_button.c.o
 .text.app_button_init
                0x0002c728       0xf8 _build/nrf52832_xxaa/app_button.c.o
                0x0002c728                app_button_init
 .text.app_button_enable
                0x0002c820       0x44 _build/nrf52832_xxaa/app_button.c.o
                0x0002c820                app_button_enable
 .text.app_error_save_and_stop
                0x0002c864       0x9c _build/nrf52832_xxaa/app_error.c.o
                0x0002c864                app_error_save_and_stop
 .text.app_error_handler
                0x0002c900       0x1c _build/nrf52832_xxaa/app_error_handler_gcc.c.o
                0x0002c900                app_error_handler
 .text.app_error_fault_handler
                0x0002c91c      0x168 _build/nrf52832_xxaa/app_error_weak.c.o
                0x0002c91c                app_error_fault_handler
 .text.fifo_length
                0x0002ca84       0x22 _build/nrf52832_xxaa/app_fifo.c.o
 .text.fifo_put
                0x0002caa6       0x36 _build/nrf52832_xxaa/app_fifo.c.o
 .text.fifo_peek
                0x0002cadc       0x34 _build/nrf52832_xxaa/app_fifo.c.o
 .text.fifo_get
                0x0002cb10       0x26 _build/nrf52832_xxaa/app_fifo.c.o
 .text.app_fifo_init
                0x0002cb36       0x58 _build/nrf52832_xxaa/app_fifo.c.o
                0x0002cb36                app_fifo_init
 .text.app_fifo_put
                0x0002cb8e       0x34 _build/nrf52832_xxaa/app_fifo.c.o
                0x0002cb8e                app_fifo_put
 .text.app_fifo_get
                0x0002cbc2       0x2c _build/nrf52832_xxaa/app_fifo.c.o
                0x0002cbc2                app_fifo_get
 .text.app_fifo_read
                0x0002cbee       0x82 _build/nrf52832_xxaa/app_fifo.c.o
                0x0002cbee                app_fifo_read
 .text.app_fifo_write
                0x0002cc70       0x90 _build/nrf52832_xxaa/app_fifo.c.o
                0x0002cc70                app_fifo_write
 .text.is_word_aligned
                0x0002cd00       0x24 _build/nrf52832_xxaa/app_scheduler.c.o
 .text.next_index
                0x0002cd24       0x30 _build/nrf52832_xxaa/app_scheduler.c.o
 .text.app_sched_queue_full
                0x0002cd54       0x38 _build/nrf52832_xxaa/app_scheduler.c.o
 .text.app_sched_queue_empty
                0x0002cd8c       0x34 _build/nrf52832_xxaa/app_scheduler.c.o
 .text.app_sched_init
                0x0002cdc0       0x7c _build/nrf52832_xxaa/app_scheduler.c.o
                0x0002cdc0                app_sched_init
 .text.app_sched_event_put
                0x0002ce3c       0xe0 _build/nrf52832_xxaa/app_scheduler.c.o
                0x0002ce3c                app_sched_event_put
 .text.is_app_sched_paused
                0x0002cf1c       0x10 _build/nrf52832_xxaa/app_scheduler.c.o
 .text.app_sched_execute
                0x0002cf2c       0x90 _build/nrf52832_xxaa/app_scheduler.c.o
                0x0002cf2c                app_sched_execute
 .text.get_now  0x0002cfbc       0x68 _build/nrf52832_xxaa/app_timer2.c.o
 .text.compare_func
                0x0002d024       0x48 _build/nrf52832_xxaa/app_timer2.c.o
 .text.timer_expire
                0x0002d06c       0xb4 _build/nrf52832_xxaa/app_timer2.c.o
 .text.rtc_schedule
                0x0002d120       0xa4 _build/nrf52832_xxaa/app_timer2.c.o
 .text.sortlist_pop
                0x0002d1c4       0x1c _build/nrf52832_xxaa/app_timer2.c.o
 .text.sortlist_peek
                0x0002d1e0       0x1c _build/nrf52832_xxaa/app_timer2.c.o
 .text.sorted_list_stop_all
                0x0002d1fc       0x28 _build/nrf52832_xxaa/app_timer2.c.o
 .text.on_overflow_evt
                0x0002d224       0x28 _build/nrf52832_xxaa/app_timer2.c.o
 .text.on_compare_evt
                0x0002d24c       0x2c _build/nrf52832_xxaa/app_timer2.c.o
 .text.on_compare1_evt
                0x0002d278       0x24 _build/nrf52832_xxaa/app_timer2.c.o
 .text.rtc_update
                0x0002d29c       0xc8 _build/nrf52832_xxaa/app_timer2.c.o
 .text.timer_req_process
                0x0002d364       0xd0 _build/nrf52832_xxaa/app_timer2.c.o
 .text.rtc_irq  0x0002d434       0x54 _build/nrf52832_xxaa/app_timer2.c.o
 .text.timer_request_proc_trigger
                0x0002d488       0x14 _build/nrf52832_xxaa/app_timer2.c.o
 .text.timer_req_schedule
                0x0002d49c       0x58 _build/nrf52832_xxaa/app_timer2.c.o
 .text.app_timer_init
                0x0002d4f4       0x7c _build/nrf52832_xxaa/app_timer2.c.o
                0x0002d4f4                app_timer_init
 .text.app_timer_create
                0x0002d570       0x44 _build/nrf52832_xxaa/app_timer2.c.o
                0x0002d570                app_timer_create
 .text.app_timer_start
                0x0002d5b4       0x66 _build/nrf52832_xxaa/app_timer2.c.o
                0x0002d5b4                app_timer_start
 .text.app_timer_stop
                0x0002d61a       0x24 _build/nrf52832_xxaa/app_timer2.c.o
                0x0002d61a                app_timer_stop
 .text.app_timer_cnt_diff_compute
                0x0002d63e       0x20 _build/nrf52832_xxaa/app_timer2.c.o
                0x0002d63e                app_timer_cnt_diff_compute
 *fill*         0x0002d65e        0x2 
 .text.app_timer_cnt_get
                0x0002d660       0x14 _build/nrf52832_xxaa/app_timer2.c.o
                0x0002d660                app_timer_cnt_get
 .text.nrf_drv_uart_tx
                0x0002d674       0x60 _build/nrf52832_xxaa/app_uart_fifo.c.o
 .text.nrf_drv_uart_tx_in_progress
                0x0002d6d4       0x54 _build/nrf52832_xxaa/app_uart_fifo.c.o
 .text.nrf_drv_uart_rx
                0x0002d728       0x60 _build/nrf52832_xxaa/app_uart_fifo.c.o
 .text.app_uart_get
                0x0002d788       0x64 _build/nrf52832_xxaa/app_uart_fifo.c.o
                0x0002d788                app_uart_get
 .text.app_uart_put
                0x0002d7ec       0x60 _build/nrf52832_xxaa/app_uart_fifo.c.o
                0x0002d7ec                app_uart_put
 .text.__sd_nvic_irq_disable
                0x0002d84c       0x22 _build/nrf52832_xxaa/app_util_platform.c.o
 .text.__sd_nvic_irq_enable
                0x0002d86e       0x12 _build/nrf52832_xxaa/app_util_platform.c.o
 .text.sd_nvic_critical_region_enter
                0x0002d880       0x74 _build/nrf52832_xxaa/app_util_platform.c.o
 .text.sd_nvic_critical_region_exit
                0x0002d8f4       0x50 _build/nrf52832_xxaa/app_util_platform.c.o
 .text.app_util_critical_region_enter
                0x0002d944       0x16 _build/nrf52832_xxaa/app_util_platform.c.o
                0x0002d944                app_util_critical_region_enter
 .text.app_util_critical_region_exit
                0x0002d95a       0x1a _build/nrf52832_xxaa/app_util_platform.c.o
                0x0002d95a                app_util_critical_region_exit
 .text.__NVIC_EnableIRQ
                0x0002d974       0x3c _build/nrf52832_xxaa/drv_rtc.c.o
 .text.__NVIC_SetPendingIRQ
                0x0002d9b0       0x3c _build/nrf52832_xxaa/drv_rtc.c.o
 .text.__NVIC_SetPriority
                0x0002d9ec       0x54 _build/nrf52832_xxaa/drv_rtc.c.o
 .text._NRFX_IRQ_PRIORITY_SET
                0x0002da40       0x26 _build/nrf52832_xxaa/drv_rtc.c.o
 .text._NRFX_IRQ_ENABLE
                0x0002da66       0x1c _build/nrf52832_xxaa/drv_rtc.c.o
 *fill*         0x0002da82        0x2 
 .text.nrfx_coredep_delay_us
                0x0002da84       0x30 _build/nrf52832_xxaa/drv_rtc.c.o
 .text.nrf_rtc_cc_set
                0x0002dab4       0x26 _build/nrf52832_xxaa/drv_rtc.c.o
 .text.nrf_rtc_cc_get
                0x0002dada       0x22 _build/nrf52832_xxaa/drv_rtc.c.o
 .text.nrf_rtc_int_enable
                0x0002dafc       0x1e _build/nrf52832_xxaa/drv_rtc.c.o
 .text.nrf_rtc_int_disable
                0x0002db1a       0x1e _build/nrf52832_xxaa/drv_rtc.c.o
 .text.nrf_rtc_event_pending
                0x0002db38       0x20 _build/nrf52832_xxaa/drv_rtc.c.o
 .text.nrf_rtc_event_clear
                0x0002db58       0x2e _build/nrf52832_xxaa/drv_rtc.c.o
 .text.nrf_rtc_counter_get
                0x0002db86       0x1a _build/nrf52832_xxaa/drv_rtc.c.o
 .text.nrf_rtc_prescaler_set
                0x0002dba0       0x1e _build/nrf52832_xxaa/drv_rtc.c.o
 .text.nrf_rtc_task_trigger
                0x0002dbbe       0x24 _build/nrf52832_xxaa/drv_rtc.c.o
 .text.nrf_rtc_event_enable
                0x0002dbe2       0x1e _build/nrf52832_xxaa/drv_rtc.c.o
 .text.nrf_rtc_event_disable
                0x0002dc00       0x1e _build/nrf52832_xxaa/drv_rtc.c.o
 *fill*         0x0002dc1e        0x2 
 .text.drv_rtc_init
                0x0002dc20       0xd0 _build/nrf52832_xxaa/drv_rtc.c.o
                0x0002dc20                drv_rtc_init
 .text.drv_rtc_start
                0x0002dcf0       0x1c _build/nrf52832_xxaa/drv_rtc.c.o
                0x0002dcf0                drv_rtc_start
 .text.drv_rtc_stop
                0x0002dd0c       0x1c _build/nrf52832_xxaa/drv_rtc.c.o
                0x0002dd0c                drv_rtc_stop
 .text.drv_rtc_compare_set
                0x0002dd28       0x86 _build/nrf52832_xxaa/drv_rtc.c.o
                0x0002dd28                drv_rtc_compare_set
 .text.evt_enable
                0x0002ddae       0x34 _build/nrf52832_xxaa/drv_rtc.c.o
 .text.evt_disable
                0x0002dde2       0x2a _build/nrf52832_xxaa/drv_rtc.c.o
 .text.evt_pending
                0x0002de0c       0x3c _build/nrf52832_xxaa/drv_rtc.c.o
 .text.ticks_sub
                0x0002de48       0x20 _build/nrf52832_xxaa/drv_rtc.c.o
 .text.drv_rtc_windowed_compare_set
                0x0002de68      0x15c _build/nrf52832_xxaa/drv_rtc.c.o
                0x0002de68                drv_rtc_windowed_compare_set
 .text.drv_rtc_overflow_enable
                0x0002dfc4       0x20 _build/nrf52832_xxaa/drv_rtc.c.o
                0x0002dfc4                drv_rtc_overflow_enable
 .text.drv_rtc_overflow_pending
                0x0002dfe4       0x1c _build/nrf52832_xxaa/drv_rtc.c.o
                0x0002dfe4                drv_rtc_overflow_pending
 .text.drv_rtc_compare_disable
                0x0002e000       0x24 _build/nrf52832_xxaa/drv_rtc.c.o
                0x0002e000                drv_rtc_compare_disable
 .text.drv_rtc_compare_pending
                0x0002e024       0x28 _build/nrf52832_xxaa/drv_rtc.c.o
                0x0002e024                drv_rtc_compare_pending
 .text.drv_rtc_counter_get
                0x0002e04c       0x1c _build/nrf52832_xxaa/drv_rtc.c.o
                0x0002e04c                drv_rtc_counter_get
 .text.drv_rtc_irq_trigger
                0x0002e068       0x1c _build/nrf52832_xxaa/drv_rtc.c.o
                0x0002e068                drv_rtc_irq_trigger
 .text.RTC1_IRQHandler
                0x0002e084       0x1c _build/nrf52832_xxaa/drv_rtc.c.o
                0x0002e084                RTC1_IRQHandler
 .text.nrf_atfifo_wspace_req
                0x0002e0a0       0x5a _build/nrf52832_xxaa/nrf_atfifo.c.o
 .text.nrf_atfifo_wspace_close
                0x0002e0fa       0x2a _build/nrf52832_xxaa/nrf_atfifo.c.o
 .text.nrf_atfifo_rspace_req
                0x0002e124       0x5c _build/nrf52832_xxaa/nrf_atfifo.c.o
 .text.nrf_atfifo_rspace_close
                0x0002e180       0x2a _build/nrf52832_xxaa/nrf_atfifo.c.o
 .text.nrf_atfifo_init
                0x0002e1aa       0x64 _build/nrf52832_xxaa/nrf_atfifo.c.o
                0x0002e1aa                nrf_atfifo_init
 .text.nrf_atfifo_item_alloc
                0x0002e20e       0x34 _build/nrf52832_xxaa/nrf_atfifo.c.o
                0x0002e20e                nrf_atfifo_item_alloc
 .text.nrf_atfifo_item_put
                0x0002e242       0x2a _build/nrf52832_xxaa/nrf_atfifo.c.o
                0x0002e242                nrf_atfifo_item_put
 .text.nrf_atfifo_item_get
                0x0002e26c       0x34 _build/nrf52832_xxaa/nrf_atfifo.c.o
                0x0002e26c                nrf_atfifo_item_get
 .text.nrf_atfifo_item_free
                0x0002e2a0       0x2a _build/nrf52832_xxaa/nrf_atfifo.c.o
                0x0002e2a0                nrf_atfifo_item_free
 .text.nrf_atomic_u32_fetch_store
                0x0002e2ca       0x30 _build/nrf52832_xxaa/nrf_atomic.c.o
                0x0002e2ca                nrf_atomic_u32_fetch_store
 .text.nrf_atomic_u32_store
                0x0002e2fa       0x30 _build/nrf52832_xxaa/nrf_atomic.c.o
                0x0002e2fa                nrf_atomic_u32_store
 .text.nrf_atomic_u32_fetch_or
                0x0002e32a       0x32 _build/nrf52832_xxaa/nrf_atomic.c.o
                0x0002e32a                nrf_atomic_u32_fetch_or
 .text.nrf_atomic_u32_or
                0x0002e35c       0x32 _build/nrf52832_xxaa/nrf_atomic.c.o
                0x0002e35c                nrf_atomic_u32_or
 .text.nrf_atomic_u32_fetch_and
                0x0002e38e       0x32 _build/nrf52832_xxaa/nrf_atomic.c.o
                0x0002e38e                nrf_atomic_u32_fetch_and
 .text.nrf_atomic_u32_and
                0x0002e3c0       0x32 _build/nrf52832_xxaa/nrf_atomic.c.o
                0x0002e3c0                nrf_atomic_u32_and
 .text.nrf_atomic_u32_fetch_add
                0x0002e3f2       0x32 _build/nrf52832_xxaa/nrf_atomic.c.o
                0x0002e3f2                nrf_atomic_u32_fetch_add
 .text.nrf_atomic_u32_add
                0x0002e424       0x32 _build/nrf52832_xxaa/nrf_atomic.c.o
                0x0002e424                nrf_atomic_u32_add
 .text.nrf_atomic_u32_sub
                0x0002e456       0x32 _build/nrf52832_xxaa/nrf_atomic.c.o
                0x0002e456                nrf_atomic_u32_sub
 .text.nrf_atomic_flag_set_fetch
                0x0002e488       0x1a _build/nrf52832_xxaa/nrf_atomic.c.o
                0x0002e488                nrf_atomic_flag_set_fetch
 .text.nrf_atomic_flag_set
                0x0002e4a2       0x1a _build/nrf52832_xxaa/nrf_atomic.c.o
                0x0002e4a2                nrf_atomic_flag_set
 .text.nrf_atomic_flag_clear_fetch
                0x0002e4bc       0x1a _build/nrf52832_xxaa/nrf_atomic.c.o
                0x0002e4bc                nrf_atomic_flag_clear_fetch
 .text.nrf_atomic_flag_clear
                0x0002e4d6       0x1a _build/nrf52832_xxaa/nrf_atomic.c.o
                0x0002e4d6                nrf_atomic_flag_clear
 .text.nrf_balloc_idx2block
                0x0002e4f0       0x28 _build/nrf52832_xxaa/nrf_balloc.c.o
 .text.nrf_balloc_block2idx
                0x0002e518       0x28 _build/nrf52832_xxaa/nrf_balloc.c.o
 .text.nrf_balloc_init
                0x0002e540       0x58 _build/nrf52832_xxaa/nrf_balloc.c.o
                0x0002e540                nrf_balloc_init
 .text.nrf_balloc_alloc
                0x0002e598       0x74 _build/nrf52832_xxaa/nrf_balloc.c.o
                0x0002e598                nrf_balloc_alloc
 .text.nrf_balloc_free
                0x0002e60c       0x42 _build/nrf52832_xxaa/nrf_balloc.c.o
                0x0002e60c                nrf_balloc_free
 .text.nrf_fprintf_buffer_flush
                0x0002e64e       0x32 _build/nrf52832_xxaa/nrf_fprintf.c.o
                0x0002e64e                nrf_fprintf_buffer_flush
 .text.nrf_fprintf
                0x0002e680       0x38 _build/nrf52832_xxaa/nrf_fprintf.c.o
                0x0002e680                nrf_fprintf
 .text.buffer_add
                0x0002e6b8       0x48 _build/nrf52832_xxaa/nrf_fprintf_format.c.o
 .text.string_print
                0x0002e700       0xb8 _build/nrf52832_xxaa/nrf_fprintf_format.c.o
 .text.unsigned_print
                0x0002e7b8      0x12c _build/nrf52832_xxaa/nrf_fprintf_format.c.o
 .text.int_print
                0x0002e8e4      0x11e _build/nrf52832_xxaa/nrf_fprintf_format.c.o
 *fill*         0x0002ea02        0x2 
 .text.nrf_fprintf_fmt
                0x0002ea04      0x338 _build/nrf52832_xxaa/nrf_fprintf_format.c.o
                0x0002ea04                nrf_fprintf_fmt
 .text.nrf_memobj_pool_init
                0x0002ed3c       0x18 _build/nrf52832_xxaa/nrf_memobj.c.o
                0x0002ed3c                nrf_memobj_pool_init
 .text.nrf_memobj_alloc
                0x0002ed54       0xac _build/nrf52832_xxaa/nrf_memobj.c.o
                0x0002ed54                nrf_memobj_alloc
 .text.nrf_memobj_free
                0x0002ee00       0x70 _build/nrf52832_xxaa/nrf_memobj.c.o
                0x0002ee00                nrf_memobj_free
 .text.nrf_memobj_get
                0x0002ee70       0x20 _build/nrf52832_xxaa/nrf_memobj.c.o
                0x0002ee70                nrf_memobj_get
 .text.nrf_memobj_put
                0x0002ee90       0x38 _build/nrf52832_xxaa/nrf_memobj.c.o
                0x0002ee90                nrf_memobj_put
 .text.memobj_op
                0x0002eec8      0x104 _build/nrf52832_xxaa/nrf_memobj.c.o
 .text.nrf_memobj_write
                0x0002efcc       0x2c _build/nrf52832_xxaa/nrf_memobj.c.o
                0x0002efcc                nrf_memobj_write
 .text.nrf_memobj_read
                0x0002eff8       0x2c _build/nrf52832_xxaa/nrf_memobj.c.o
                0x0002eff8                nrf_memobj_read
 .text.__NVIC_ClearPendingIRQ
                0x0002f024       0x3c _build/nrf52832_xxaa/nrf_pwr_mgmt.c.o
 .text.__NVIC_SystemReset
                0x0002f060       0x2c _build/nrf52832_xxaa/nrf_pwr_mgmt.c.o
 .text.nrf_section_iter_get
                0x0002f08c       0x18 _build/nrf52832_xxaa/nrf_pwr_mgmt.c.o
 .text.nrf_mtx_init
                0x0002f0a4       0x20 _build/nrf52832_xxaa/nrf_pwr_mgmt.c.o
 .text.nrf_mtx_trylock
                0x0002f0c4       0x2c _build/nrf52832_xxaa/nrf_pwr_mgmt.c.o
 .text.nrf_mtx_unlock
                0x0002f0f0       0x20 _build/nrf52832_xxaa/nrf_pwr_mgmt.c.o
 .text.sd_power_system_off
                0x0002f110        0x8 _build/nrf52832_xxaa/nrf_pwr_mgmt.c.o
 .text.sd_app_evt_wait
                0x0002f118        0x8 _build/nrf52832_xxaa/nrf_pwr_mgmt.c.o
 .text.nrf_power_system_off
                0x0002f120       0x18 _build/nrf52832_xxaa/nrf_pwr_mgmt.c.o
 .text.pwr_mgmt_fpu_sleep_prepare
                0x0002f138       0x44 _build/nrf52832_xxaa/nrf_pwr_mgmt.c.o
 .text.nrf_pwr_mgmt_init
                0x0002f17c       0x30 _build/nrf52832_xxaa/nrf_pwr_mgmt.c.o
                0x0002f17c                nrf_pwr_mgmt_init
 .text.nrf_pwr_mgmt_run
                0x0002f1ac       0x2a _build/nrf52832_xxaa/nrf_pwr_mgmt.c.o
                0x0002f1ac                nrf_pwr_mgmt_run
 *fill*         0x0002f1d6        0x2 
 .text.shutdown_process
                0x0002f1d8       0x84 _build/nrf52832_xxaa/nrf_pwr_mgmt.c.o
 .text.nrf_pwr_mgmt_shutdown
                0x0002f25c       0x60 _build/nrf52832_xxaa/nrf_pwr_mgmt.c.o
                0x0002f25c                nrf_pwr_mgmt_shutdown
 .text.circullar_buffer_size_get
                0x0002f2bc       0x24 _build/nrf52832_xxaa/nrf_queue.c.o
 .text.nrf_queue_next_idx
                0x0002f2e0       0x28 _build/nrf52832_xxaa/nrf_queue.c.o
 .text.queue_utilization_get
                0x0002f308       0x40 _build/nrf52832_xxaa/nrf_queue.c.o
 .text.nrf_queue_is_full
                0x0002f348       0x36 _build/nrf52832_xxaa/nrf_queue.c.o
                0x0002f348                nrf_queue_is_full
 *fill*         0x0002f37e        0x2 
 .text.nrf_queue_push
                0x0002f380      0x148 _build/nrf52832_xxaa/nrf_queue.c.o
                0x0002f380                nrf_queue_push
 .text.nrf_queue_generic_pop
                0x0002f4c8      0x110 _build/nrf52832_xxaa/nrf_queue.c.o
                0x0002f4c8                nrf_queue_generic_pop
 .text.nrf_queue_reset
                0x0002f5d8       0x34 _build/nrf52832_xxaa/nrf_queue.c.o
                0x0002f5d8                nrf_queue_reset
 .text.nrf_queue_is_empty
                0x0002f60c       0x32 _build/nrf52832_xxaa/nrf_queue.c.o
                0x0002f60c                nrf_queue_is_empty
 .text.nrf_ringbuf_init
                0x0002f63e       0x44 _build/nrf52832_xxaa/nrf_ringbuf.c.o
                0x0002f63e                nrf_ringbuf_init
 .text.nrf_section_iter_init
                0x0002f682       0x3a _build/nrf52832_xxaa/nrf_section_iter.c.o
                0x0002f682                nrf_section_iter_init
 .text.nrf_section_iter_next
                0x0002f6bc       0x46 _build/nrf52832_xxaa/nrf_section_iter.c.o
                0x0002f6bc                nrf_section_iter_next
 .text.nrf_sortlist_add
                0x0002f702       0x54 _build/nrf52832_xxaa/nrf_sortlist.c.o
                0x0002f702                nrf_sortlist_add
 .text.nrf_sortlist_pop
                0x0002f756       0x36 _build/nrf52832_xxaa/nrf_sortlist.c.o
                0x0002f756                nrf_sortlist_pop
 .text.nrf_sortlist_peek
                0x0002f78c       0x1a _build/nrf52832_xxaa/nrf_sortlist.c.o
                0x0002f78c                nrf_sortlist_peek
 .text.nrf_sortlist_remove
                0x0002f7a6       0x4a _build/nrf52832_xxaa/nrf_sortlist.c.o
                0x0002f7a6                nrf_sortlist_remove
 .text.nrf_strerror_get
                0x0002f7f0       0x28 _build/nrf52832_xxaa/nrf_strerror.c.o
                0x0002f7f0                nrf_strerror_get
 .text.nrf_strerror_find
                0x0002f818       0x70 _build/nrf52832_xxaa/nrf_strerror.c.o
                0x0002f818                nrf_strerror_find
 .text._write   0x0002f888       0x38 _build/nrf52832_xxaa/retarget.c.o
                0x0002f888                _write
 .text._read    0x0002f8c0       0x24 _build/nrf52832_xxaa/retarget.c.o
                0x0002f8c0                _read
 .text.__NVIC_SystemReset
                0x0002f8e4       0x2c _build/nrf52832_xxaa/system_nrf52.c.o
 .text.nrf52_errata_12
                0x0002f910       0x8c _build/nrf52832_xxaa/system_nrf52.c.o
 .text.nrf52_errata_16
                0x0002f99c       0x6c _build/nrf52832_xxaa/system_nrf52.c.o
 .text.nrf52_errata_31
                0x0002fa08       0x8c _build/nrf52832_xxaa/system_nrf52.c.o
 .text.nrf52_errata_32
                0x0002fa94       0x6c _build/nrf52832_xxaa/system_nrf52.c.o
 .text.nrf52_errata_36
                0x0002fb00       0x8c _build/nrf52832_xxaa/system_nrf52.c.o
 .text.nrf52_errata_37
                0x0002fb8c       0x6c _build/nrf52832_xxaa/system_nrf52.c.o
 .text.nrf52_errata_57
                0x0002fbf8       0x6c _build/nrf52832_xxaa/system_nrf52.c.o
 .text.nrf52_errata_66
                0x0002fc64       0x8c _build/nrf52832_xxaa/system_nrf52.c.o
 .text.nrf52_errata_108
                0x0002fcf0       0x8c _build/nrf52832_xxaa/system_nrf52.c.o
 .text.nrf52_errata_136
                0x0002fd7c       0x8c _build/nrf52832_xxaa/system_nrf52.c.o
 .text.nrf52_errata_182
                0x0002fe08       0x64 _build/nrf52832_xxaa/system_nrf52.c.o
 .text.SystemCoreClockUpdate
                0x0002fe6c       0x1c _build/nrf52832_xxaa/system_nrf52.c.o
                0x0002fe6c                SystemCoreClockUpdate
 .text.SystemInit
                0x0002fe88      0x2dc _build/nrf52832_xxaa/system_nrf52.c.o
                0x0002fe88                SystemInit
 .text.nrf_gpio_pin_port_decode
                0x00030164       0x18 _build/nrf52832_xxaa/boards.c.o
 .text.nrf_gpio_cfg
                0x0003017c       0x54 _build/nrf52832_xxaa/boards.c.o
 .text.nrf_gpio_cfg_output
                0x000301d0       0x24 _build/nrf52832_xxaa/boards.c.o
 .text.nrf_gpio_cfg_input
                0x000301f4       0x28 _build/nrf52832_xxaa/boards.c.o
 .text.nrf_gpio_pin_set
                0x0003021c       0x2a _build/nrf52832_xxaa/boards.c.o
 .text.nrf_gpio_pin_clear
                0x00030246       0x2a _build/nrf52832_xxaa/boards.c.o
 .text.nrf_gpio_pin_toggle
                0x00030270       0x46 _build/nrf52832_xxaa/boards.c.o
 .text.nrf_gpio_pin_write
                0x000302b6       0x26 _build/nrf52832_xxaa/boards.c.o
 .text.nrf_gpio_pin_read
                0x000302dc       0x2c _build/nrf52832_xxaa/boards.c.o
 .text.nrf_gpio_pin_out_read
                0x00030308       0x2c _build/nrf52832_xxaa/boards.c.o
 .text.nrf_gpio_port_in_read
                0x00030334       0x1a _build/nrf52832_xxaa/boards.c.o
 .text.nrf_gpio_port_out_read
                0x0003034e       0x1a _build/nrf52832_xxaa/boards.c.o
 .text.nrf_gpio_port_out_set
                0x00030368       0x1e _build/nrf52832_xxaa/boards.c.o
 .text.nrf_gpio_port_out_clear
                0x00030386       0x1e _build/nrf52832_xxaa/boards.c.o
 .text.bsp_board_led_state_get
                0x000303a4       0x48 _build/nrf52832_xxaa/boards.c.o
                0x000303a4                bsp_board_led_state_get
 .text.bsp_board_led_on
                0x000303ec       0x24 _build/nrf52832_xxaa/boards.c.o
                0x000303ec                bsp_board_led_on
 .text.bsp_board_led_off
                0x00030410       0x24 _build/nrf52832_xxaa/boards.c.o
                0x00030410                bsp_board_led_off
 .text.bsp_board_leds_off
                0x00030434       0x28 _build/nrf52832_xxaa/boards.c.o
                0x00030434                bsp_board_leds_off
 .text.bsp_board_leds_on
                0x0003045c       0x28 _build/nrf52832_xxaa/boards.c.o
                0x0003045c                bsp_board_leds_on
 .text.bsp_board_led_invert
                0x00030484       0x24 _build/nrf52832_xxaa/boards.c.o
                0x00030484                bsp_board_led_invert
 .text.bsp_board_leds_init
                0x000304a8       0x38 _build/nrf52832_xxaa/boards.c.o
 .text.bsp_board_button_state_get
                0x000304e0       0x48 _build/nrf52832_xxaa/boards.c.o
                0x000304e0                bsp_board_button_state_get
 .text.bsp_board_buttons_init
                0x00030528       0x38 _build/nrf52832_xxaa/boards.c.o
 .text.bsp_board_pin_to_button_idx
                0x00030560       0x48 _build/nrf52832_xxaa/boards.c.o
                0x00030560                bsp_board_pin_to_button_idx
 .text.bsp_board_button_idx_to_pin
                0x000305a8       0x20 _build/nrf52832_xxaa/boards.c.o
                0x000305a8                bsp_board_button_idx_to_pin
 .text.bsp_board_init
                0x000305c8       0x2c _build/nrf52832_xxaa/boards.c.o
                0x000305c8                bsp_board_init
 .text.__NVIC_DisableIRQ
                0x000305f4       0x48 _build/nrf52832_xxaa/nrf_drv_clock.c.o
 .text.nrf_wdt_started
                0x0003063c       0x24 _build/nrf52832_xxaa/nrf_drv_clock.c.o
 .text.lfclk_stop
                0x00030660       0x28 _build/nrf52832_xxaa/nrf_drv_clock.c.o
 .text.nrf_drv_clock_init
                0x00030688       0x74 _build/nrf52832_xxaa/nrf_drv_clock.c.o
                0x00030688                nrf_drv_clock_init
 .text.item_enqueue
                0x000306fc       0x42 _build/nrf52832_xxaa/nrf_drv_clock.c.o
 .text.item_dequeue
                0x0003073e       0x2a _build/nrf52832_xxaa/nrf_drv_clock.c.o
 .text.nrf_drv_clock_lfclk_request
                0x00030768       0x8c _build/nrf52832_xxaa/nrf_drv_clock.c.o
                0x00030768                nrf_drv_clock_lfclk_request
 .text.nrf_drv_clock_lfclk_release
                0x000307f4       0x3c _build/nrf52832_xxaa/nrf_drv_clock.c.o
                0x000307f4                nrf_drv_clock_lfclk_release
 .text.clock_clk_started_notify
                0x00030830       0x48 _build/nrf52832_xxaa/nrf_drv_clock.c.o
 .text.clock_irq_handler
                0x00030878       0x3c _build/nrf52832_xxaa/nrf_drv_clock.c.o
 .text.soc_evt_handler
                0x000308b4       0x28 _build/nrf52832_xxaa/nrf_drv_clock.c.o
 .text.sd_state_evt_handler
                0x000308dc       0x7c _build/nrf52832_xxaa/nrf_drv_clock.c.o
 .text.__NVIC_EnableIRQ
                0x00030958       0x3c _build/nrf52832_xxaa/nrfx_clock.c.o
 .text.__NVIC_SetPriority
                0x00030994       0x54 _build/nrf52832_xxaa/nrfx_clock.c.o
 .text.nrfx_get_irq_number
                0x000309e8       0x1a _build/nrf52832_xxaa/nrfx_clock.c.o
 .text._NRFX_IRQ_PRIORITY_SET
                0x00030a02       0x26 _build/nrf52832_xxaa/nrfx_clock.c.o
 .text._NRFX_IRQ_ENABLE
                0x00030a28       0x1c _build/nrf52832_xxaa/nrfx_clock.c.o
 .text._NRFX_IRQ_IS_ENABLED
                0x00030a44       0x54 _build/nrf52832_xxaa/nrfx_clock.c.o
 .text.nrf_clock_int_enable
                0x00030a98       0x1e _build/nrf52832_xxaa/nrfx_clock.c.o
 .text.nrf_clock_int_disable
                0x00030ab6       0x1e _build/nrf52832_xxaa/nrfx_clock.c.o
 .text.nrf_clock_task_trigger
                0x00030ad4       0x20 _build/nrf52832_xxaa/nrfx_clock.c.o
 .text.nrf_clock_event_clear
                0x00030af4       0x2c _build/nrf52832_xxaa/nrfx_clock.c.o
 .text.nrf_clock_event_check
                0x00030b20       0x28 _build/nrf52832_xxaa/nrfx_clock.c.o
 .text.nrf_clock_lf_src_set
                0x00030b48       0x1e _build/nrf52832_xxaa/nrfx_clock.c.o
 .text.nrf_clock_lf_is_running
                0x00030b66       0x26 _build/nrf52832_xxaa/nrfx_clock.c.o
 .text.nrfx_power_clock_irq_init
                0x00030b8c       0x54 _build/nrf52832_xxaa/nrfx_clock.c.o
 .text.nrfx_clock_anomaly_132
                0x00030be0       0x5c _build/nrf52832_xxaa/nrfx_clock.c.o
 .text.nrfx_clock_init
                0x00030c3c       0x40 _build/nrf52832_xxaa/nrfx_clock.c.o
                0x00030c3c                nrfx_clock_init
 .text.nrfx_clock_enable
                0x00030c7c       0x12 _build/nrf52832_xxaa/nrfx_clock.c.o
                0x00030c7c                nrfx_clock_enable
 .text.nrfx_clock_lfclk_start
                0x00030c8e       0x20 _build/nrf52832_xxaa/nrfx_clock.c.o
                0x00030c8e                nrfx_clock_lfclk_start
 .text.nrfx_clock_lfclk_stop
                0x00030cae       0x2a _build/nrf52832_xxaa/nrfx_clock.c.o
                0x00030cae                nrfx_clock_lfclk_stop
 .text.POWER_CLOCK_IRQHandler
                0x00030cd8       0x68 _build/nrf52832_xxaa/nrfx_clock.c.o
                0x00030cd8                POWER_CLOCK_IRQHandler
 .text.__NVIC_EnableIRQ
                0x00030d40       0x3c _build/nrf52832_xxaa/nrfx_gpiote.c.o
 .text.__NVIC_SetPriority
                0x00030d7c       0x54 _build/nrf52832_xxaa/nrfx_gpiote.c.o
 .text.nrfx_get_irq_number
                0x00030dd0       0x1a _build/nrf52832_xxaa/nrfx_gpiote.c.o
 .text._NRFX_IRQ_PRIORITY_SET
                0x00030dea       0x26 _build/nrf52832_xxaa/nrfx_gpiote.c.o
 .text._NRFX_IRQ_ENABLE
                0x00030e10       0x1c _build/nrf52832_xxaa/nrfx_gpiote.c.o
 .text.nrf_gpiote_event_is_set
                0x00030e2c       0x28 _build/nrf52832_xxaa/nrfx_gpiote.c.o
 .text.nrf_gpiote_event_clear
                0x00030e54       0x32 _build/nrf52832_xxaa/nrfx_gpiote.c.o
 .text.nrf_gpiote_event_addr_get
                0x00030e86       0x20 _build/nrf52832_xxaa/nrfx_gpiote.c.o
 *fill*         0x00030ea6        0x2 
 .text.nrf_gpiote_int_enable
                0x00030ea8       0x20 _build/nrf52832_xxaa/nrfx_gpiote.c.o
 .text.nrf_gpiote_int_is_enabled
                0x00030ec8       0x24 _build/nrf52832_xxaa/nrfx_gpiote.c.o
 .text.nrf_gpiote_event_enable
                0x00030eec       0x34 _build/nrf52832_xxaa/nrfx_gpiote.c.o
 .text.nrf_gpiote_event_configure
                0x00030f20       0x6c _build/nrf52832_xxaa/nrfx_gpiote.c.o
 .text.nrf_gpiote_event_pin_get
                0x00030f8c       0x2c _build/nrf52832_xxaa/nrfx_gpiote.c.o
 .text.nrf_gpiote_event_polarity_get
                0x00030fb8       0x2c _build/nrf52832_xxaa/nrfx_gpiote.c.o
 .text.nrf_gpio_pin_port_decode
                0x00030fe4       0x18 _build/nrf52832_xxaa/nrfx_gpiote.c.o
 .text.nrf_gpio_cfg
                0x00030ffc       0x54 _build/nrf52832_xxaa/nrfx_gpiote.c.o
 .text.nrf_gpio_cfg_input
                0x00031050       0x28 _build/nrf52832_xxaa/nrfx_gpiote.c.o
 .text.nrf_gpio_cfg_watcher
                0x00031078       0x3a _build/nrf52832_xxaa/nrfx_gpiote.c.o
 .text.nrf_gpio_cfg_sense_set
                0x000310b2       0x5a _build/nrf52832_xxaa/nrfx_gpiote.c.o
 .text.nrf_gpio_pin_read
                0x0003110c       0x2c _build/nrf52832_xxaa/nrfx_gpiote.c.o
 .text.nrf_gpio_pin_sense_get
                0x00031138       0x2e _build/nrf52832_xxaa/nrfx_gpiote.c.o
 .text.nrf_gpio_port_in_read
                0x00031166       0x1a _build/nrf52832_xxaa/nrfx_gpiote.c.o
 .text.nrf_gpio_latches_read_and_clear
                0x00031180       0x6a _build/nrf52832_xxaa/nrfx_gpiote.c.o
 .text.nrf_gpio_pin_latch_clear
                0x000311ea       0x2a _build/nrf52832_xxaa/nrfx_gpiote.c.o
 .text.nrf_gpio_pin_present_check
                0x00031214       0x4a _build/nrf52832_xxaa/nrfx_gpiote.c.o
 .text.nrf_bitmask_bit_is_set
                0x0003125e       0x3a _build/nrf52832_xxaa/nrfx_gpiote.c.o
 .text.nrf_bitmask_bit_set
                0x00031298       0x4a _build/nrf52832_xxaa/nrfx_gpiote.c.o
 *fill*         0x000312e2        0x2 
 .text.pin_in_use_by_te
                0x000312e4       0x44 _build/nrf52832_xxaa/nrfx_gpiote.c.o
 .text.pin_in_use_by_port
                0x00031328       0x30 _build/nrf52832_xxaa/nrfx_gpiote.c.o
 .text.pin_in_use_by_gpiote
                0x00031358       0x2c _build/nrf52832_xxaa/nrfx_gpiote.c.o
 .text.pin_in_use_by_te_set
                0x00031384       0x58 _build/nrf52832_xxaa/nrfx_gpiote.c.o
 .text.pin_in_use_clear
                0x000313dc       0x24 _build/nrf52832_xxaa/nrfx_gpiote.c.o
 .text.pin_configured_set
                0x00031400       0x1c _build/nrf52832_xxaa/nrfx_gpiote.c.o
 .text.channel_port_get
                0x0003141c       0x24 _build/nrf52832_xxaa/nrfx_gpiote.c.o
 .text.channel_handler_get
                0x00031440       0x20 _build/nrf52832_xxaa/nrfx_gpiote.c.o
 .text.port_handler_pin_get
                0x00031460       0x2c _build/nrf52832_xxaa/nrfx_gpiote.c.o
 .text.port_handler_polarity_get
                0x0003148c       0x2c _build/nrf52832_xxaa/nrfx_gpiote.c.o
 .text.channel_port_alloc
                0x000314b8       0x74 _build/nrf52832_xxaa/nrfx_gpiote.c.o
 .text.channel_free
                0x0003152c       0x3c _build/nrf52832_xxaa/nrfx_gpiote.c.o
 .text.nrfx_gpiote_init
                0x00031568       0xb4 _build/nrf52832_xxaa/nrfx_gpiote.c.o
                0x00031568                nrfx_gpiote_init
 .text.nrfx_gpiote_is_init
                0x0003161c       0x24 _build/nrf52832_xxaa/nrfx_gpiote.c.o
                0x0003161c                nrfx_gpiote_is_init
 .text.nrfx_gpiote_in_init
                0x00031640       0xe0 _build/nrf52832_xxaa/nrfx_gpiote.c.o
                0x00031640                nrfx_gpiote_in_init
 .text.nrfx_gpiote_in_event_enable
                0x00031720       0xc6 _build/nrf52832_xxaa/nrfx_gpiote.c.o
                0x00031720                nrfx_gpiote_in_event_enable
 .text.nrfx_gpiote_in_is_set
                0x000317e6       0x22 _build/nrf52832_xxaa/nrfx_gpiote.c.o
                0x000317e6                nrfx_gpiote_in_is_set
 .text.latch_pending_read_and_check
                0x00031808       0x40 _build/nrf52832_xxaa/nrfx_gpiote.c.o
 .text.port_event_handle
                0x00031848       0xd0 _build/nrf52832_xxaa/nrfx_gpiote.c.o
 .text.GPIOTE_IRQHandler
                0x00031918       0xf8 _build/nrf52832_xxaa/nrfx_gpiote.c.o
                0x00031918                GPIOTE_IRQHandler
 .text.UARTE0_UART0_IRQHandler
                0x00031a10       0x14 _build/nrf52832_xxaa/nrfx_prs.c.o
                0x00031a10                UARTE0_UART0_IRQHandler
 .text.prs_box_get
                0x00031a24       0x2c _build/nrf52832_xxaa/nrfx_prs.c.o
 .text.nrfx_prs_acquire
                0x00031a50       0x68 _build/nrf52832_xxaa/nrfx_prs.c.o
                0x00031a50                nrfx_prs_acquire
 .text.nrf_uart_event_clear
                0x00031ab8       0x2e _build/nrf52832_xxaa/nrfx_uart.c.o
 .text.nrf_uart_event_check
                0x00031ae6       0x2a _build/nrf52832_xxaa/nrfx_uart.c.o
 .text.nrf_uart_int_enable
                0x00031b10       0x1e _build/nrf52832_xxaa/nrfx_uart.c.o
 .text.nrf_uart_int_disable
                0x00031b2e       0x1e _build/nrf52832_xxaa/nrfx_uart.c.o
 .text.nrf_uart_rxd_get
                0x00031b4c       0x1c _build/nrf52832_xxaa/nrfx_uart.c.o
 .text.nrf_uart_txd_set
                0x00031b68       0x20 _build/nrf52832_xxaa/nrfx_uart.c.o
 .text.nrf_uart_task_trigger
                0x00031b88       0x22 _build/nrf52832_xxaa/nrfx_uart.c.o
 .text.tx_byte  0x00031baa       0x3e _build/nrf52832_xxaa/nrfx_uart.c.o
 .text.tx_blocking
                0x00031be8       0x54 _build/nrf52832_xxaa/nrfx_uart.c.o
 .text.nrfx_uart_tx
                0x00031c3c       0xd8 _build/nrf52832_xxaa/nrfx_uart.c.o
                0x00031c3c                nrfx_uart_tx
 .text.nrfx_uart_tx_in_progress
                0x00031d14       0x38 _build/nrf52832_xxaa/nrfx_uart.c.o
                0x00031d14                nrfx_uart_tx_in_progress
 .text.rx_enable
                0x00031d4c       0x38 _build/nrf52832_xxaa/nrfx_uart.c.o
 .text.rx_byte  0x00031d84       0x52 _build/nrf52832_xxaa/nrfx_uart.c.o
 *fill*         0x00031dd6        0x2 
 .text.nrfx_uart_rx
                0x00031dd8      0x1c0 _build/nrf52832_xxaa/nrfx_uart.c.o
                0x00031dd8                nrfx_uart_rx
 .text.nrfx_uart_rx_enable
                0x00031f98       0x50 _build/nrf52832_xxaa/nrfx_uart.c.o
                0x00031f98                nrfx_uart_rx_enable
 .text.nrfx_is_in_ram
                0x00031fe8       0x26 _build/nrf52832_xxaa/nrfx_uarte.c.o
 .text.nrf_uarte_event_clear
                0x0003200e       0x2e _build/nrf52832_xxaa/nrfx_uarte.c.o
 .text.nrf_uarte_event_check
                0x0003203c       0x2a _build/nrf52832_xxaa/nrfx_uarte.c.o
 .text.nrf_uarte_shorts_enable
                0x00032066       0x26 _build/nrf52832_xxaa/nrfx_uarte.c.o
 .text.nrf_uarte_int_enable
                0x0003208c       0x1e _build/nrf52832_xxaa/nrfx_uarte.c.o
 .text.nrf_uarte_int_disable
                0x000320aa       0x1e _build/nrf52832_xxaa/nrfx_uarte.c.o
 .text.nrf_uarte_task_trigger
                0x000320c8       0x22 _build/nrf52832_xxaa/nrfx_uarte.c.o
 .text.nrf_uarte_tx_buffer_set
                0x000320ea       0x28 _build/nrf52832_xxaa/nrfx_uarte.c.o
 .text.nrf_uarte_rx_buffer_set
                0x00032112       0x28 _build/nrf52832_xxaa/nrfx_uarte.c.o
 *fill*         0x0003213a        0x2 
 .text.nrfx_uarte_tx
                0x0003213c      0x124 _build/nrf52832_xxaa/nrfx_uarte.c.o
                0x0003213c                nrfx_uarte_tx
 .text.nrfx_uarte_tx_in_progress
                0x00032260       0x38 _build/nrf52832_xxaa/nrfx_uarte.c.o
                0x00032260                nrfx_uarte_tx_in_progress
 .text.nrfx_uarte_rx
                0x00032298      0x1c8 _build/nrf52832_xxaa/nrfx_uarte.c.o
                0x00032298                nrfx_uarte_rx
 .text.nrf_gpio_pin_port_decode
                0x00032460       0x18 _build/nrf52832_xxaa/bsp.c.o
 .text.nrf_gpio_cfg_sense_set
                0x00032478       0x5a _build/nrf52832_xxaa/bsp.c.o
 .text.bsp_button_is_pressed
                0x000324d2       0x22 _build/nrf52832_xxaa/bsp.c.o
                0x000324d2                bsp_button_is_pressed
 .text.bsp_button_event_handler
                0x000324f4      0x11c _build/nrf52832_xxaa/bsp.c.o
 .text.button_timer_handler
                0x00032610       0x1c _build/nrf52832_xxaa/bsp.c.o
 .text.leds_off
                0x0003262c       0x40 _build/nrf52832_xxaa/bsp.c.o
 .text.bsp_led_indication
                0x0003266c      0x4d0 _build/nrf52832_xxaa/bsp.c.o
 .text.leds_timer_handler
                0x00032b3c       0x30 _build/nrf52832_xxaa/bsp.c.o
 .text.alert_timer_handler
                0x00032b6c       0x16 _build/nrf52832_xxaa/bsp.c.o
 *fill*         0x00032b82        0x2 
 .text.bsp_indication_set
                0x00032b84       0x34 _build/nrf52832_xxaa/bsp.c.o
                0x00032b84                bsp_indication_set
 .text.bsp_init
                0x00032bb8       0xdc _build/nrf52832_xxaa/bsp.c.o
                0x00032bb8                bsp_init
 .text.bsp_event_to_button_action_assign
                0x00032c94       0x9c _build/nrf52832_xxaa/bsp.c.o
                0x00032c94                bsp_event_to_button_action_assign
 .text.wakeup_button_cfg
                0x00032d30       0x40 _build/nrf52832_xxaa/bsp.c.o
 .text.bsp_wakeup_button_enable
                0x00032d70       0x1a _build/nrf52832_xxaa/bsp.c.o
                0x00032d70                bsp_wakeup_button_enable
 .text.connection_buttons_configure
                0x00032d8a       0x64 _build/nrf52832_xxaa/bsp_btn_ble.c.o
 .text.advertising_buttons_configure
                0x00032dee       0x64 _build/nrf52832_xxaa/bsp_btn_ble.c.o
 .text.startup_event_extract
                0x00032e52       0x3e _build/nrf52832_xxaa/bsp_btn_ble.c.o
 .text.bsp_btn_ble_sleep_mode_prepare
                0x00032e90       0x40 _build/nrf52832_xxaa/bsp_btn_ble.c.o
                0x00032e90                bsp_btn_ble_sleep_mode_prepare
 .text.ble_evt_handler
                0x00032ed0       0x88 _build/nrf52832_xxaa/bsp_btn_ble.c.o
 .text.bsp_btn_ble_init
                0x00032f58       0x40 _build/nrf52832_xxaa/bsp_btn_ble.c.o
                0x00032f58                bsp_btn_ble_init
 .text.sd_ble_gap_conn_param_update
                0x00032f98        0x8 _build/nrf52832_xxaa/main.c.o
 .text.sd_ble_gap_disconnect
                0x00032fa0        0x8 _build/nrf52832_xxaa/main.c.o
 .text.sd_ble_gap_sec_params_reply
                0x00032fa8        0x8 _build/nrf52832_xxaa/main.c.o
 .text.sd_ble_gap_phy_update
                0x00032fb0        0x8 _build/nrf52832_xxaa/main.c.o
 .text.nrf_gpio_pin_port_decode
                0x00032fb8       0x18 _build/nrf52832_xxaa/main.c.o
 .text.nrf_gpio_pin_set
                0x00032fd0       0x2a _build/nrf52832_xxaa/main.c.o
 .text.nrf_gpio_pin_clear
                0x00032ffa       0x2a _build/nrf52832_xxaa/main.c.o
 .text.nrf_gpio_port_out_set
                0x00033024       0x1e _build/nrf52832_xxaa/main.c.o
 .text.nrf_gpio_port_out_clear
                0x00033042       0x1e _build/nrf52832_xxaa/main.c.o
 .text.nrf_gpiote_task_set
                0x00033060       0x26 _build/nrf52832_xxaa/main.c.o
 .text.nrf_gpiote_task_addr_get
                0x00033086       0x20 _build/nrf52832_xxaa/main.c.o
 *fill*         0x000330a6        0x2 
 .text.nrf_gpiote_task_enable
                0x000330a8       0x38 _build/nrf52832_xxaa/main.c.o
 .text.nrf_gpiote_task_configure
                0x000330e0       0x7c _build/nrf52832_xxaa/main.c.o
 .text.nrf_drv_uart_tx
                0x0003315c       0x60 _build/nrf52832_xxaa/main.c.o
 .text.nrf_drv_uart_tx_in_progress
                0x000331bc       0x54 _build/nrf52832_xxaa/main.c.o
 .text.uart_event_handler
                0x00033210      0x180 _build/nrf52832_xxaa/main.c.o
                0x00033210                uart_event_handler
 .text.libuarte_init
                0x00033390       0xb4 _build/nrf52832_xxaa/main.c.o
                0x00033390                libuarte_init
 .text.usr_get_fifo_len
                0x00033444       0x22 _build/nrf52832_xxaa/main.c.o
 *fill*         0x00033466        0x2 
 .text.config_send
                0x00033468      0x230 _build/nrf52832_xxaa/main.c.o
                0x00033468                config_send
 .text.config_reset
                0x00033698       0x52 _build/nrf52832_xxaa/main.c.o
                0x00033698                config_reset
 *fill*         0x000336ea        0x2 
 .text.uart_print
                0x000336ec       0x58 _build/nrf52832_xxaa/main.c.o
                0x000336ec                uart_print
 .text.imu_uart_sceduled
                0x00033744      0x3b8 _build/nrf52832_xxaa/main.c.o
                0x00033744                imu_uart_sceduled
 .text.data_evt_sceduled
                0x00033afc      0x6e0 _build/nrf52832_xxaa/main.c.o
                0x00033afc                data_evt_sceduled
 .text.nus_error_handler
                0x000341dc       0x20 _build/nrf52832_xxaa/main.c.o
 .text.scan_start
                0x000341fc       0x54 _build/nrf52832_xxaa/main.c.o
 .text.scan_evt_handler
                0x00034250       0xc4 _build/nrf52832_xxaa/main.c.o
 .text.scan_init
                0x00034314       0x9c _build/nrf52832_xxaa/main.c.o
 .text.db_disc_handler
                0x000343b0       0x4c _build/nrf52832_xxaa/main.c.o
 .text.ble_nus_data_received_uart_print
                0x000343fc      0x12c _build/nrf52832_xxaa/main.c.o
 .text.ble_nus_c_evt_handler
                0x00034528      0x10c _build/nrf52832_xxaa/main.c.o
 .text.shutdown_handler
                0x00034634       0x60 _build/nrf52832_xxaa/main.c.o
 .text.ble_evt_handler
                0x00034694      0x3dc _build/nrf52832_xxaa/main.c.o
 .text.ble_stack_init
                0x00034a70       0x74 _build/nrf52832_xxaa/main.c.o
 .text.gatt_evt_handler
                0x00034ae4       0x74 _build/nrf52832_xxaa/main.c.o
                0x00034ae4                gatt_evt_handler
 .text.gatt_init
                0x00034b58       0x5c _build/nrf52832_xxaa/main.c.o
                0x00034b58                gatt_init
 .text.ts_imu_trigger_enable
                0x00034bb4       0xb4 _build/nrf52832_xxaa/main.c.o
                0x00034bb4                ts_imu_trigger_enable
 .text.ts_imu_trigger_disable
                0x00034c68       0x18 _build/nrf52832_xxaa/main.c.o
                0x00034c68                ts_imu_trigger_disable
 .text.ts_evt_callback
                0x00034c80      0x14c _build/nrf52832_xxaa/main.c.o
 .text.sync_timer_init
                0x00034dcc       0xe4 _build/nrf52832_xxaa/main.c.o
 .text.bsp_event_handler
                0x00034eb0      0x154 _build/nrf52832_xxaa/main.c.o
                0x00034eb0                bsp_event_handler
 .text.nus_c_init
                0x00035004       0x74 _build/nrf52832_xxaa/main.c.o
 .text.buttons_leds_init
                0x00035078       0x58 _build/nrf52832_xxaa/main.c.o
 .text.timer_init
                0x000350d0       0x30 _build/nrf52832_xxaa/main.c.o
 .text.log_init
                0x00035100       0x5c _build/nrf52832_xxaa/main.c.o
 .text.power_management_init
                0x0003515c       0x30 _build/nrf52832_xxaa/main.c.o
 .text.db_discovery_init
                0x0003518c       0x50 _build/nrf52832_xxaa/main.c.o
 .text.idle_state_handle
                0x000351dc       0x1c _build/nrf52832_xxaa/main.c.o
 .text.thingy_tes_c_evt_handler
                0x000351f8      0xa7c _build/nrf52832_xxaa/main.c.o
                0x000351f8                thingy_tes_c_evt_handler
 .text.thingy_tes_c_init
                0x00035c74       0x60 _build/nrf52832_xxaa/main.c.o
 .text.scheduler_init
                0x00035cd4       0x38 _build/nrf52832_xxaa/main.c.o
 .text.services_init
                0x00035d0c       0x10 _build/nrf52832_xxaa/main.c.o
 .text.buffers_init
                0x00035d1c       0x98 _build/nrf52832_xxaa/main.c.o
 .text.main     0x00035db4       0x5a _build/nrf52832_xxaa/main.c.o
                0x00035db4                main
 *fill*         0x00035e0e        0x2 
 .text._DoInit  0x00035e10       0x9c _build/nrf52832_xxaa/SEGGER_RTT.c.o
 .text._WriteBlocking
                0x00035eac       0xb4 _build/nrf52832_xxaa/SEGGER_RTT.c.o
 .text._WriteNoCheck
                0x00035f60       0x80 _build/nrf52832_xxaa/SEGGER_RTT.c.o
 .text._GetAvailWriteSpace
                0x00035fe0       0x46 _build/nrf52832_xxaa/SEGGER_RTT.c.o
 *fill*         0x00036026        0x2 
 .text.SEGGER_RTT_WriteNoLock
                0x00036028       0xa0 _build/nrf52832_xxaa/SEGGER_RTT.c.o
                0x00036028                SEGGER_RTT_WriteNoLock
 .text.SEGGER_RTT_Init
                0x000360c8        0xc _build/nrf52832_xxaa/SEGGER_RTT.c.o
                0x000360c8                SEGGER_RTT_Init
 .text.sd_ble_uuid_encode
                0x000360d4        0x8 _build/nrf52832_xxaa/ble_advdata.c.o
 .text.ble_advdata_search
                0x000360dc       0xbe _build/nrf52832_xxaa/ble_advdata.c.o
                0x000360dc                ble_advdata_search
 .text.ble_advdata_uuid_find
                0x0003619a      0x10a _build/nrf52832_xxaa/ble_advdata.c.o
                0x0003619a                ble_advdata_uuid_find
 .text.registered_handler_get
                0x000362a4       0x60 _build/nrf52832_xxaa/ble_db_discovery.c.o
 .text.registered_handler_set
                0x00036304       0x54 _build/nrf52832_xxaa/ble_db_discovery.c.o
 .text.pending_user_evts_send
                0x00036358       0x58 _build/nrf52832_xxaa/ble_db_discovery.c.o
 .text.discovery_available_evt_trigger
                0x000363b0       0x48 _build/nrf52832_xxaa/ble_db_discovery.c.o
 .text.discovery_error_evt_trigger
                0x000363f8       0x68 _build/nrf52832_xxaa/ble_db_discovery.c.o
 .text.discovery_error_handler
                0x00036460       0x38 _build/nrf52832_xxaa/ble_db_discovery.c.o
 .text.discovery_complete_evt_trigger
                0x00036498       0xf8 _build/nrf52832_xxaa/ble_db_discovery.c.o
 .text.on_srv_disc_completion
                0x00036590       0xe8 _build/nrf52832_xxaa/ble_db_discovery.c.o
 .text.is_char_discovery_reqd
                0x00036678       0x3a _build/nrf52832_xxaa/ble_db_discovery.c.o
 .text.is_desc_discovery_reqd
                0x000366b2       0x98 _build/nrf52832_xxaa/ble_db_discovery.c.o
 *fill*         0x0003674a        0x2 
 .text.characteristics_discover
                0x0003674c       0xc8 _build/nrf52832_xxaa/ble_db_discovery.c.o
 .text.descriptors_discover
                0x00036814      0x144 _build/nrf52832_xxaa/ble_db_discovery.c.o
 .text.on_primary_srv_discovery_rsp
                0x00036958      0x100 _build/nrf52832_xxaa/ble_db_discovery.c.o
 .text.on_characteristic_discovery_rsp
                0x00036a58      0x224 _build/nrf52832_xxaa/ble_db_discovery.c.o
 .text.on_descriptor_discovery_rsp
                0x00036c7c      0x1b4 _build/nrf52832_xxaa/ble_db_discovery.c.o
 .text.ble_db_discovery_init
                0x00036e30       0x68 _build/nrf52832_xxaa/ble_db_discovery.c.o
                0x00036e30                ble_db_discovery_init
 .text.ble_db_discovery_evt_register
                0x00036e98       0x44 _build/nrf52832_xxaa/ble_db_discovery.c.o
                0x00036e98                ble_db_discovery_evt_register
 .text.discovery_start
                0x00036edc       0xe4 _build/nrf52832_xxaa/ble_db_discovery.c.o
 .text.ble_db_discovery_start
                0x00036fc0       0x60 _build/nrf52832_xxaa/ble_db_discovery.c.o
                0x00036fc0                ble_db_discovery_start
 .text.on_disconnected
                0x00037020       0x36 _build/nrf52832_xxaa/ble_db_discovery.c.o
 *fill*         0x00037056        0x2 
 .text.ble_db_discovery_on_ble_evt
                0x00037058       0x94 _build/nrf52832_xxaa/ble_db_discovery.c.o
                0x00037058                ble_db_discovery_on_ble_evt
 .text.sd_ble_gap_data_length_update
                0x000370ec        0x8 _build/nrf52832_xxaa/nrf_ble_gatt.c.o
 .text.sd_ble_gattc_exchange_mtu_request
                0x000370f4        0x8 _build/nrf52832_xxaa/nrf_ble_gatt.c.o
 .text.sd_ble_gatts_exchange_mtu_reply
                0x000370fc        0x8 _build/nrf52832_xxaa/nrf_ble_gatt.c.o
 .text.link_init
                0x00037104       0x38 _build/nrf52832_xxaa/nrf_ble_gatt.c.o
 .text.data_length_update
                0x0003713c       0xc8 _build/nrf52832_xxaa/nrf_ble_gatt.c.o
 .text.on_connected_evt
                0x00037204       0xd0 _build/nrf52832_xxaa/nrf_ble_gatt.c.o
 .text.on_disconnected_evt
                0x000372d4       0x24 _build/nrf52832_xxaa/nrf_ble_gatt.c.o
 .text.on_exchange_mtu_rsp_evt
                0x000372f8       0x86 _build/nrf52832_xxaa/nrf_ble_gatt.c.o
 *fill*         0x0003737e        0x2 
 .text.on_exchange_mtu_request_evt
                0x00037380       0xc0 _build/nrf52832_xxaa/nrf_ble_gatt.c.o
 .text.on_data_length_update_evt
                0x00037440       0x74 _build/nrf52832_xxaa/nrf_ble_gatt.c.o
 .text.on_data_length_update_request_evt
                0x000374b4       0x4a _build/nrf52832_xxaa/nrf_ble_gatt.c.o
 .text.nrf_ble_gatt_init
                0x000374fe       0x58 _build/nrf52832_xxaa/nrf_ble_gatt.c.o
                0x000374fe                nrf_ble_gatt_init
 .text.nrf_ble_gatt_att_mtu_central_set
                0x00037556       0x3a _build/nrf52832_xxaa/nrf_ble_gatt.c.o
                0x00037556                nrf_ble_gatt_att_mtu_central_set
 .text.nrf_ble_gatt_on_ble_evt
                0x00037590      0x154 _build/nrf52832_xxaa/nrf_ble_gatt.c.o
                0x00037590                nrf_ble_gatt_on_ble_evt
 .text.sd_ble_gattc_primary_services_discover
                0x000376e4        0x8 _build/nrf52832_xxaa/nrf_ble_gq.c.o
 .text.sd_ble_gattc_characteristics_discover
                0x000376ec        0x8 _build/nrf52832_xxaa/nrf_ble_gq.c.o
 .text.sd_ble_gattc_descriptors_discover
                0x000376f4        0x8 _build/nrf52832_xxaa/nrf_ble_gq.c.o
 .text.sd_ble_gattc_read
                0x000376fc        0x8 _build/nrf52832_xxaa/nrf_ble_gq.c.o
 .text.sd_ble_gattc_write
                0x00037704        0x8 _build/nrf52832_xxaa/nrf_ble_gq.c.o
 .text.sd_ble_gatts_hvx
                0x0003770c        0x8 _build/nrf52832_xxaa/nrf_ble_gq.c.o
 .text.gattc_write_alloc
                0x00037714       0x58 _build/nrf52832_xxaa/nrf_ble_gq.c.o
 .text.gatts_hvx_alloc
                0x0003776c       0x70 _build/nrf52832_xxaa/nrf_ble_gq.c.o
 .text.request_err_code_handle
                0x000377dc       0x64 _build/nrf52832_xxaa/nrf_ble_gq.c.o
 .text.queue_process
                0x00037840      0x198 _build/nrf52832_xxaa/nrf_ble_gq.c.o
 .text.queues_purge
                0x000379d8       0x94 _build/nrf52832_xxaa/nrf_ble_gq.c.o
 .text.request_process
                0x00037a6c      0x118 _build/nrf52832_xxaa/nrf_ble_gq.c.o
 .text.conn_handle_id_find
                0x00037b84       0x46 _build/nrf52832_xxaa/nrf_ble_gq.c.o
 .text.conn_handle_register
                0x00037bca       0x56 _build/nrf52832_xxaa/nrf_ble_gq.c.o
 .text.is_any_conn_handle_registered
                0x00037c20       0x44 _build/nrf52832_xxaa/nrf_ble_gq.c.o
 .text.nrf_ble_gq_item_add
                0x00037c64      0x128 _build/nrf52832_xxaa/nrf_ble_gq.c.o
                0x00037c64                nrf_ble_gq_item_add
 .text.nrf_ble_gq_conn_handle_register
                0x00037d8c       0x7a _build/nrf52832_xxaa/nrf_ble_gq.c.o
                0x00037d8c                nrf_ble_gq_conn_handle_register
 .text.nrf_ble_gq_on_ble_evt
                0x00037e06       0xc8 _build/nrf52832_xxaa/nrf_ble_gq.c.o
                0x00037e06                nrf_ble_gq_on_ble_evt
 .text.sd_ble_gap_scan_start
                0x00037ece        0x8 _build/nrf52832_xxaa/nrf_ble_scan.c.o
 .text.sd_ble_gap_scan_stop
                0x00037ed6        0x8 _build/nrf52832_xxaa/nrf_ble_scan.c.o
 .text.sd_ble_gap_connect
                0x00037ede        0x8 _build/nrf52832_xxaa/nrf_ble_scan.c.o
 .text.nrf_ble_scan_connect_with_target
                0x00037ee6       0x80 _build/nrf52832_xxaa/nrf_ble_scan.c.o
 .text.adv_uuid_compare
                0x00037f66       0x9e _build/nrf52832_xxaa/nrf_ble_scan.c.o
 .text.nrf_ble_scan_uuid_filter_add
                0x00038004       0x6e _build/nrf52832_xxaa/nrf_ble_scan.c.o
 .text.nrf_ble_scan_filter_set
                0x00038072       0x42 _build/nrf52832_xxaa/nrf_ble_scan.c.o
                0x00038072                nrf_ble_scan_filter_set
 .text.nrf_ble_scan_filters_enable
                0x000380b4       0x7c _build/nrf52832_xxaa/nrf_ble_scan.c.o
                0x000380b4                nrf_ble_scan_filters_enable
 .text.nrf_ble_scan_filters_disable
                0x00038130       0x2c _build/nrf52832_xxaa/nrf_ble_scan.c.o
                0x00038130                nrf_ble_scan_filters_disable
 .text.nrf_ble_scan_on_adv_report
                0x0003815c      0x126 _build/nrf52832_xxaa/nrf_ble_scan.c.o
 .text.is_whitelist_used
                0x00038282       0x36 _build/nrf52832_xxaa/nrf_ble_scan.c.o
                0x00038282                is_whitelist_used
 .text.nrf_ble_scan_default_param_set
                0x000382b8       0x40 _build/nrf52832_xxaa/nrf_ble_scan.c.o
 .text.nrf_ble_scan_default_conn_param_set
                0x000382f8       0x2e _build/nrf52832_xxaa/nrf_ble_scan.c.o
 .text.nrf_ble_scan_on_timeout
                0x00038326       0x52 _build/nrf52832_xxaa/nrf_ble_scan.c.o
 .text.nrf_ble_scan_stop
                0x00038378        0xc _build/nrf52832_xxaa/nrf_ble_scan.c.o
                0x00038378                nrf_ble_scan_stop
 .text.nrf_ble_scan_init
                0x00038384       0xb4 _build/nrf52832_xxaa/nrf_ble_scan.c.o
                0x00038384                nrf_ble_scan_init
 .text.nrf_ble_scan_start
                0x00038438       0x9c _build/nrf52832_xxaa/nrf_ble_scan.c.o
                0x00038438                nrf_ble_scan_start
 .text.nrf_ble_scan_on_connected_evt
                0x000384d4       0x4a _build/nrf52832_xxaa/nrf_ble_scan.c.o
 .text.nrf_ble_scan_on_ble_evt
                0x0003851e       0x58 _build/nrf52832_xxaa/nrf_ble_scan.c.o
                0x0003851e                nrf_ble_scan_on_ble_evt
 .text.sd_ble_uuid_vs_add
                0x00038576        0x8 _build/nrf52832_xxaa/ble_nus_c.c.o
 .text.gatt_error_handler
                0x0003857e       0x2a _build/nrf52832_xxaa/ble_nus_c.c.o
 .text.ble_nus_c_on_db_disc_evt
                0x000385a8       0xd6 _build/nrf52832_xxaa/ble_nus_c.c.o
                0x000385a8                ble_nus_c_on_db_disc_evt
 .text.on_hvx   0x0003867e       0x4c _build/nrf52832_xxaa/ble_nus_c.c.o
 *fill*         0x000386ca        0x2 
 .text.ble_nus_c_init
                0x000386cc       0xa4 _build/nrf52832_xxaa/ble_nus_c.c.o
                0x000386cc                ble_nus_c_init
 .text.ble_nus_c_on_ble_evt
                0x00038770       0x8c _build/nrf52832_xxaa/ble_nus_c.c.o
                0x00038770                ble_nus_c_on_ble_evt
 .text.cccd_configure
                0x000387fc       0x78 _build/nrf52832_xxaa/ble_nus_c.c.o
 .text.ble_nus_c_tx_notif_enable
                0x00038874       0x3c _build/nrf52832_xxaa/ble_nus_c.c.o
                0x00038874                ble_nus_c_tx_notif_enable
 .text.ble_nus_c_handles_assign
                0x000388b0       0x54 _build/nrf52832_xxaa/ble_nus_c.c.o
                0x000388b0                ble_nus_c_handles_assign
 .text.__NVIC_EnableIRQ
                0x00038904       0x3c _build/nrf52832_xxaa/nrf_sdh.c.o
 .text.__NVIC_GetPriority
                0x00038940       0x50 _build/nrf52832_xxaa/nrf_sdh.c.o
 .text.nrf_section_iter_get
                0x00038990       0x18 _build/nrf52832_xxaa/nrf_sdh.c.o
 .text.sd_softdevice_enable
                0x000389a8        0x8 _build/nrf52832_xxaa/nrf_sdh.c.o
 .text.__sd_nvic_app_accessible_irq
                0x000389b0       0x60 _build/nrf52832_xxaa/nrf_sdh.c.o
 .text.__sd_nvic_is_app_accessible_priority
                0x00038a10       0x30 _build/nrf52832_xxaa/nrf_sdh.c.o
 .text.sd_nvic_EnableIRQ
                0x00038a40       0x88 _build/nrf52832_xxaa/nrf_sdh.c.o
 .text.sdh_request_observer_notify
                0x00038ac8       0x68 _build/nrf52832_xxaa/nrf_sdh.c.o
 .text.sdh_state_observer_notify
                0x00038b30       0x60 _build/nrf52832_xxaa/nrf_sdh.c.o